{"data": [{"Advisory": {"CVE": ["CVE-2018-1000210"], "FixedIn": [{"ecosystem": "nuget", "identifier": "5.0.0", "name": "YamlDotNet", "namespace": "github:nuget", "range": "<= 4.3.2"}, {"ecosystem": "nuget", "identifier": "5.0.0", "name": "YamlDotNet.Signed", "namespace": "github:nuget", "range": "<= 4.3.2"}], "Metadata": {"CVE": ["CVE-2018-1000210"]}, "Severity": "High", "Summary": "High severity vulnerability that affects YamlDotNet and YamlDotNet.Signed", "ghsaId": "GHSA-rpch-cqj9-h65r", "namespace": "github:nuget", "url": "https://github.com/advisories/GHSA-rpch-cqj9-h65r", "withdrawn": null}, "Vulnerability": {}}, {"Advisory": {"CVE": ["CVE-2018-1002205"], "FixedIn": [{"ecosystem": "nuget", "identifier": "1.11.0", "name": "DotNetZip", "namespace": "github:nuget", "range": "< 1.11.0"}], "Metadata": {"CVE": ["CVE-2018-1002205"]}, "Severity": "High", "Summary": "High severity vulnerability that affects DotNetZip", "ghsaId": "GHSA-7378-6268-4278", "namespace": "github:nuget", "url": "https://github.com/advisories/GHSA-7378-6268-4278", "withdrawn": null}, "Vulnerability": {}}, {"Advisory": {"CVE": ["CVE-2017-0929"], "FixedIn": [{"ecosystem": "nuget", "identifier": "9.2.0", "name": "DotNetNuke.Core", "namespace": "github:nuget", "range": "< 9.2.0"}], "Metadata": {"CVE": ["CVE-2017-0929"]}, "Severity": "High", "Summary": "High severity vulnerability that affects DotNetNuke.Core", "ghsaId": "GHSA-g8j6-m4p7-5rfq", "namespace": "github:nuget", "url": "https://github.com/advisories/GHSA-g8j6-m4p7-5rfq", "withdrawn": null}, "Vulnerability": {}}, {"Advisory": {"CVE": ["CVE-2018-0764"], "FixedIn": [{"ecosystem": "nuget", "identifier": "4.4.2", "name": "System.Security.Cryptography.Xml", "namespace": "github:nuget", "range": "< 4.4.2"}], "Metadata": {"CVE": ["CVE-2018-0764"]}, "Severity": "Medium", "Summary": "Moderate severity vulnerability that affects System.Security.Cryptography.Xml", "ghsaId": "GHSA-rr3c-f55v-qhv5", "namespace": "github:nuget", "url": "https://github.com/advisories/GHSA-rr3c-f55v-qhv5", "withdrawn": null}, "Vulnerability": {}}, {"Advisory": {"CVE": ["CVE-2017-0907"], "FixedIn": [{"ecosystem": "nuget", "identifier": "1.0.1", "name": "recurly-api-client", "namespace": "github:nuget", "range": "< 1.0.1"}, {"ecosystem": "nuget", "identifier": "1.1.10", "name": "recurly-api-client", "namespace": "github:nuget", "range": ">= 1.1.0 < 1.1.10"}, {"ecosystem": "nuget", "identifier": "1.2.8", "name": "recurly-api-client", "namespace": "github:nuget", "range": ">= 1.2.0 < 1.2.8"}, {"ecosystem": "nuget", "identifier": "1.3.2", "name": "recurly-api-client", "namespace": "github:nuget", "range": ">= 1.3.0 < 1.3.2"}, {"ecosystem": "nuget", "identifier": "1.4.14", "name": "recurly-api-client", "namespace": "github:nuget", "range": ">= 1.4.0 < 1.4.14"}, {"ecosystem": "nuget", "identifier": "1.5.3", "name": "recurly-api-client", "namespace": "github:nuget", "range": ">= 1.5.0 < 1.5.3"}, {"ecosystem": "nuget", "identifier": "1.6.2", "name": "recurly-api-client", "namespace": "github:nuget", "range": ">= 1.6.0 < 1.6.2"}, {"ecosystem": "nuget", "identifier": "1.7.1", "name": "recurly-api-client", "namespace": "github:nuget", "range": "= 1.7.0"}, {"ecosystem": "nuget", "identifier": "1.8.1", "name": "recurly-api-client", "namespace": "github:nuget", "range": "= 1.8.0"}], "Metadata": {"CVE": ["CVE-2017-0907"]}, "Severity": "Critical", "Summary": "Critical severity vulnerability that affects recurly-api-client", "ghsaId": "GHSA-xpwp-rq3x-x6v7", "namespace": "github:nuget", "url": "https://github.com/advisories/GHSA-xpwp-rq3x-x6v7", "withdrawn": null}, "Vulnerability": {}}, {"Advisory": {"CVE": ["CVE-2015-1566"], "FixedIn": [{"ecosystem": "nuget", "identifier": "7.4.0", "name": "DotNetNuke.Core", "namespace": "github:nuget", "range": "< 7.4.0"}], "Metadata": {"CVE": ["CVE-2015-1566"]}, "Severity": "Medium", "Summary": "Moderate severity vulnerability that affects DotNetNuke.Core", "ghsaId": "GHSA-v76m-f5cx-8rg4", "namespace": "github:nuget", "url": "https://github.com/advisories/GHSA-v76m-f5cx-8rg4", "withdrawn": null}, "Vulnerability": {}}, {"Advisory": {"CVE": ["CVE-2015-2794"], "FixedIn": [{"ecosystem": "nuget", "identifier": "7.4.1", "name": "DotNetNuke.Core", "namespace": "github:nuget", "range": "< 7.4.1"}], "Metadata": {"CVE": ["CVE-2015-2794"]}, "Severity": "High", "Summary": "High severity vulnerability that affects DotNetNuke.Core", "ghsaId": "GHSA-x8f7-h444-97w4", "namespace": "github:nuget", "url": "https://github.com/advisories/GHSA-x8f7-h444-97w4", "withdrawn": null}, "Vulnerability": {}}, {"Advisory": {"CVE": ["CVE-2016-7119"], "FixedIn": [{"ecosystem": "nuget", "identifier": "8.0.1", "name": "DotNetNuke.Core", "namespace": "github:nuget", "range": "< 8.0.1"}], "Metadata": {"CVE": ["CVE-2016-7119"]}, "Severity": "Low", "Summary": "Low severity vulnerability that affects DotNetNuke.Core", "ghsaId": "GHSA-5c66-x4wm-rjfx", "namespace": "github:nuget", "url": "https://github.com/advisories/GHSA-5c66-x4wm-rjfx", "withdrawn": null}, "Vulnerability": {}}, {"Advisory": {"CVE": ["CVE-2017-9822"], "FixedIn": [{"ecosystem": "nuget", "identifier": "9.1.1", "name": "DotNetNuke.Core", "namespace": "github:nuget", "range": "< 9.1.1"}], "Metadata": {"CVE": ["CVE-2017-9822"]}, "Severity": "Medium", "Summary": "Moderate severity vulnerability that affects DotNetNuke.Core", "ghsaId": "GHSA-x2rg-fmcv-crq5", "namespace": "github:nuget", "url": "https://github.com/advisories/GHSA-x2rg-fmcv-crq5", "withdrawn": null}, "Vulnerability": {}}, {"Advisory": {"CVE": ["CVE-2018-12087"], "FixedIn": [{"ecosystem": "nuget", "identifier": "1.4.353.15", "name": "OPCFoundation.NetStandard.Opc.Ua", "namespace": "github:nuget", "range": "< 1.4.353.15"}], "Metadata": {"CVE": ["CVE-2018-12087"]}, "Severity": "Medium", "Summary": "Moderate severity vulnerability that affects OPCFoundation.NetStandard.Opc.Ua", "ghsaId": "GHSA-8336-mxp6-v5h9", "namespace": "github:nuget", "url": "https://github.com/advisories/GHSA-8336-mxp6-v5h9", "withdrawn": null}, "Vulnerability": {}}], "next_token": ""}