{"data": [{"Advisory": {"CVE": ["CVE-2019-10010"], "FixedIn": [{"ecosystem": "composer", "identifier": "0.18.3", "name": "league/commonmark", "namespace": "github:composer", "range": "< 0.18.3"}], "Metadata": {"CVE": ["CVE-2019-10010"]}, "Severity": "Medium", "Summary": "Moderate severity vulnerability that affects league/commonmark", "ghsaId": "GHSA-3v43-877x-qgmq", "namespace": "github:composer", "url": "https://github.com/advisories/GHSA-3v43-877x-qgmq", "withdrawn": null}, "Vulnerability": {}}, {"Advisory": {"CVE": ["CVE-2019-14537"], "FixedIn": [{"ecosystem": "composer", "identifier": "1.7.4", "name": "yourls/yourls", "namespace": "github:composer", "range": "< 1.7.4"}], "Metadata": {"CVE": ["CVE-2019-14537"]}, "Severity": "Medium", "Summary": "Moderate severity vulnerability that affects yourls/yourls", "ghsaId": "GHSA-vf23-f26f-mjj9", "namespace": "github:composer", "url": "https://github.com/advisories/GHSA-vf23-f26f-mjj9", "withdrawn": null}, "Vulnerability": {}}, {"Advisory": {"CVE": ["CVE-2017-6923"], "FixedIn": [{"ecosystem": "composer", "identifier": "8.3.7", "name": "drupal/core", "namespace": "github:composer", "range": ">= 8.0 < 8.3.7"}], "Metadata": {"CVE": ["CVE-2017-6923"]}, "Severity": "Medium", "Summary": "Moderate severity vulnerability that affects drupal/core", "ghsaId": "GHSA-v3f6-f29f-rgvp", "namespace": "github:composer", "url": "https://github.com/advisories/GHSA-v3f6-f29f-rgvp", "withdrawn": null}, "Vulnerability": {}}, {"Advisory": {"CVE": ["CVE-2019-10668"], "FixedIn": [{"ecosystem": "composer", "identifier": "1.50.1", "name": "librenms/librenms", "namespace": "github:composer", "range": "< 1.50.1"}], "Metadata": {"CVE": ["CVE-2019-10668"]}, "Severity": "Medium", "Summary": "Moderate severity vulnerability that affects librenms/librenms", "ghsaId": "GHSA-277v-gwfr-hmpj", "namespace": "github:composer", "url": "https://github.com/advisories/GHSA-277v-gwfr-hmpj", "withdrawn": null}, "Vulnerability": {}}, {"Advisory": {"CVE": ["CVE-2019-12463"], "FixedIn": [{"ecosystem": "composer", "identifier": "1.53", "name": "librenms/librenms", "namespace": "github:composer", "range": ">= 1.50.1 < 1.53"}], "Metadata": {"CVE": ["CVE-2019-12463"]}, "Severity": "High", "Summary": "High severity vulnerability that affects librenms/librenms", "ghsaId": "GHSA-w5r2-gvgf-mpm8", "namespace": "github:composer", "url": "https://github.com/advisories/GHSA-w5r2-gvgf-mpm8", "withdrawn": null}, "Vulnerability": {}}, {"Advisory": {"CVE": ["CVE-2019-10667"], "FixedIn": [{"ecosystem": "composer", "identifier": "1.50.1", "name": "librenms/librenms", "namespace": "github:composer", "range": "< 1.50.1"}], "Metadata": {"CVE": ["CVE-2019-10667"]}, "Severity": "Medium", "Summary": "Moderate severity vulnerability that affects librenms/librenms", "ghsaId": "GHSA-f4hh-xxqh-wgpq", "namespace": "github:composer", "url": "https://github.com/advisories/GHSA-f4hh-xxqh-wgpq", "withdrawn": null}, "Vulnerability": {}}, {"Advisory": {"CVE": ["CVE-2019-12464"], "FixedIn": [{"ecosystem": "composer", "identifier": "1.53", "name": "librenms/librenms", "namespace": "github:composer", "range": "< 1.53"}], "Metadata": {"CVE": ["CVE-2019-12464"]}, "Severity": "Medium", "Summary": "Moderate severity vulnerability that affects librenms/librenms", "ghsaId": "GHSA-r336-jxfr-4c3c", "namespace": "github:composer", "url": "https://github.com/advisories/GHSA-r336-jxfr-4c3c", "withdrawn": null}, "Vulnerability": {}}, {"Advisory": {"CVE": ["CVE-2019-12465"], "FixedIn": [{"ecosystem": "composer", "identifier": "1.53", "name": "librenms/librenms", "namespace": "github:composer", "range": "< 1.53"}], "Metadata": {"CVE": ["CVE-2019-12465"]}, "Severity": "High", "Summary": "High severity vulnerability that affects librenms/librenms", "ghsaId": "GHSA-878x-85hc-gc4g", "namespace": "github:composer", "url": "https://github.com/advisories/GHSA-878x-85hc-gc4g", "withdrawn": null}, "Vulnerability": {}}, {"Advisory": {"CVE": ["CVE-2019-10671"], "FixedIn": [{"ecosystem": "composer", "identifier": "1.50.1", "name": "librenms/librenms", "namespace": "github:composer", "range": "< 1.50.1"}], "Metadata": {"CVE": ["CVE-2019-10671"]}, "Severity": "Medium", "Summary": "Moderate severity vulnerability that affects librenms/librenms", "ghsaId": "GHSA-g9xh-3w5g-229r", "namespace": "github:composer", "url": "https://github.com/advisories/GHSA-g9xh-3w5g-229r", "withdrawn": null}, "Vulnerability": {}}, {"Advisory": {"CVE": ["CVE-2019-16130"], "FixedIn": [{"ecosystem": "composer", "identifier": "1.9.2", "name": "yii2mod/yii2-cms", "namespace": "github:composer", "range": "< 1.9.2"}], "Metadata": {"CVE": ["CVE-2019-16130"]}, "Severity": "Medium", "Summary": "Moderate severity vulnerability that affects yii2mod/yii2-cms", "ghsaId": "GHSA-rfh8-25h9-mhgf", "namespace": "github:composer", "url": "https://github.com/advisories/GHSA-rfh8-25h9-mhgf", "withdrawn": null}, "Vulnerability": {}}], "next_token": ""}