{"data": [{"Advisory": {"CVE": ["CVE-2016-1202"], "FixedIn": [{"ecosystem": "npm", "identifier": "0.33.5", "name": "electron", "namespace": "github:npm", "range": "< 0.33.5"}], "Metadata": {"CVE": ["CVE-2016-1202"]}, "Severity": "High", "Summary": "High severity vulnerability that affects electron", "ghsaId": "GHSA-gvcj-pfq2-wxj7", "namespace": "github:npm", "url": "https://github.com/advisories/GHSA-gvcj-pfq2-wxj7", "withdrawn": null}, "Vulnerability": {}}, {"Advisory": {"CVE": ["CVE-2015-7565"], "FixedIn": [{"ecosystem": "npm", "identifier": "1.11.4", "name": "ember", "namespace": "github:npm", "range": ">= 1.8.0 < 1.11.4"}, {"ecosystem": "npm", "identifier": "1.12.2", "name": "ember", "namespace": "github:npm", "range": ">= 1.12.0 < 1.12.2"}, {"ecosystem": "npm", "identifier": "1.13.12", "name": "ember", "namespace": "github:npm", "range": ">= 1.13.0 < 1.13.12"}, {"ecosystem": "npm", "identifier": "2.0.3", "name": "ember", "namespace": "github:npm", "range": ">= 2.0.0 < 2.0.3"}, {"ecosystem": "npm", "identifier": "2.1.2", "name": "ember", "namespace": "github:npm", "range": ">= 2.1.0 < 2.1.2"}, {"ecosystem": "npm", "identifier": "2.2.1", "name": "ember", "namespace": "github:npm", "range": ">= 2.2.0 < 2.2.1"}], "Metadata": {"CVE": ["CVE-2015-7565"]}, "Severity": "Medium", "Summary": "Moderate severity vulnerability that affects ember", "ghsaId": "GHSA-vxp4-25qp-86qh", "namespace": "github:npm", "url": "https://github.com/advisories/GHSA-vxp4-25qp-86qh", "withdrawn": "2018-10-11T17:28:31Z"}, "Vulnerability": {}}, {"Advisory": {"CVE": ["CVE-2014-9682"], "FixedIn": [{"ecosystem": "npm", "identifier": "0.1.1", "name": "dns-sync", "namespace": "github:npm", "range": "< 0.1.1"}], "Metadata": {"CVE": ["CVE-2014-9682"]}, "Severity": "Critical", "Summary": "Critical severity vulnerability that affects dns-sync", "ghsaId": "GHSA-q5pq-pgrv-fh89", "namespace": "github:npm", "url": "https://github.com/advisories/GHSA-q5pq-pgrv-fh89", "withdrawn": null}, "Vulnerability": {}}, {"Advisory": {"CVE": ["CVE-2013-7453"], "FixedIn": [{"ecosystem": "npm", "identifier": "1.1.0", "name": "validator", "namespace": "github:npm", "range": "< 1.1.0"}], "Metadata": {"CVE": ["CVE-2013-7453"]}, "Severity": "Medium", "Summary": "Moderate severity vulnerability that affects validator", "ghsaId": "GHSA-552w-rqg8-gxxm", "namespace": "github:npm", "url": "https://github.com/advisories/GHSA-552w-rqg8-gxxm", "withdrawn": null}, "Vulnerability": {}}, {"Advisory": {"CVE": ["CVE-2013-7452"], "FixedIn": [{"ecosystem": "npm", "identifier": "1.1.0", "name": "validator", "namespace": "github:npm", "range": "< 1.1.0"}], "Metadata": {"CVE": ["CVE-2013-7452"]}, "Severity": "Medium", "Summary": "Moderate severity vulnerability that affects validator", "ghsaId": "GHSA-rh6c-q938-3r9q", "namespace": "github:npm", "url": "https://github.com/advisories/GHSA-rh6c-q938-3r9q", "withdrawn": null}, "Vulnerability": {}}, {"Advisory": {"CVE": ["CVE-2013-7451"], "FixedIn": [{"ecosystem": "npm", "identifier": "1.1.0", "name": "validator", "namespace": "github:npm", "range": "< 1.1.0"}], "Metadata": {"CVE": ["CVE-2013-7451"]}, "Severity": "Medium", "Summary": "Moderate severity vulnerability that affects validator", "ghsaId": "GHSA-qpjp-7rp2-9c3f", "namespace": "github:npm", "url": "https://github.com/advisories/GHSA-qpjp-7rp2-9c3f", "withdrawn": null}, "Vulnerability": {}}, {"Advisory": {"CVE": ["CVE-2012-6662"], "FixedIn": [{"ecosystem": "npm", "identifier": "1.10.0", "name": "jquery-ui", "namespace": "github:npm", "range": "< 1.1.0"}], "Metadata": {"CVE": ["CVE-2012-6662"]}, "Severity": "Medium", "Summary": "Moderate severity vulnerability that affects jquery-ui", "ghsaId": "GHSA-qqxp-xp9v-vvx6", "namespace": "github:npm", "url": "https://github.com/advisories/GHSA-qqxp-xp9v-vvx6", "withdrawn": null}, "Vulnerability": {}}, {"Advisory": {"CVE": ["CVE-2010-5312"], "FixedIn": [{"ecosystem": "npm", "identifier": "1.10.0", "name": "jquery-ui", "namespace": "github:npm", "range": ">= 1.7.0 < 1.10.0"}], "Metadata": {"CVE": ["CVE-2010-5312"]}, "Severity": "Medium", "Summary": "Moderate severity vulnerability that affects jquery-ui", "ghsaId": "GHSA-wcm2-9c89-wmfm", "namespace": "github:npm", "url": "https://github.com/advisories/GHSA-wcm2-9c89-wmfm", "withdrawn": null}, "Vulnerability": {}}, {"Advisory": {"CVE": ["CVE-2017-7474"], "FixedIn": [{"ecosystem": "npm", "identifier": "3.1.0", "name": "keycloak-connect", "namespace": "github:npm", "range": ">= 2.5 < 3.1.0"}, {"ecosystem": "npm", "identifier": "3.1.0", "name": "keycloak-js", "namespace": "github:npm", "range": ">= 2.5 < 3.1.0"}], "Metadata": {"CVE": ["CVE-2017-7474"]}, "Severity": "High", "Summary": "High severity vulnerability that affects keycloak-connect and keycloak-js", "ghsaId": "GHSA-mw35-24gh-f82w", "namespace": "github:npm", "url": "https://github.com/advisories/GHSA-mw35-24gh-f82w", "withdrawn": null}, "Vulnerability": {}}, {"Advisory": {"CVE": ["CVE-2017-15879"], "FixedIn": [{"ecosystem": "npm", "identifier": "4.0.0-beta7", "name": "keystone", "namespace": "github:npm", "range": "< 4.0.0-beta7"}], "Metadata": {"CVE": ["CVE-2017-15879"]}, "Severity": "Medium", "Summary": "Moderate severity vulnerability that affects keystone", "ghsaId": "GHSA-6494-v9fq-fgq2", "namespace": "github:npm", "url": "https://github.com/advisories/GHSA-6494-v9fq-fgq2", "withdrawn": null}, "Vulnerability": {}}], "next_token": ""}