{"data": [{"Advisory": {"CVE": ["CVE-2016-9177"], "FixedIn": [{"ecosystem": "java", "identifier": "2.5.2", "name": "com.sparkjava:spark-core", "namespace": "github:java", "range": "< 2.5.2"}], "Metadata": {"CVE": ["CVE-2016-9177"]}, "Severity": "Medium", "Summary": "Moderate severity vulnerability that affects com.sparkjava:spark-core", "ghsaId": "GHSA-89gc-6cw6-4vch", "namespace": "github:java", "url": "https://github.com/advisories/GHSA-89gc-6cw6-4vch", "withdrawn": null}, "Vulnerability": {}}, {"Advisory": {"CVE": ["CVE-2016-9878"], "FixedIn": [{"ecosystem": "java", "identifier": "3.2.18", "name": "org.springframework:spring-core", "namespace": "github:java", "range": "< 3.2.18"}, {"ecosystem": "java", "identifier": "4.2.9", "name": "org.springframework:spring-core", "namespace": "github:java", "range": ">= 4.2.0 < 4.2.9"}, {"ecosystem": "java", "identifier": "4.3.5", "name": "org.springframework:spring-core", "namespace": "github:java", "range": ">= 4.3.0 < 4.3.5"}], "Metadata": {"CVE": ["CVE-2016-9878"]}, "Severity": "Medium", "Summary": "Moderate severity vulnerability that affects org.springframework:spring-core", "ghsaId": "GHSA-2m8h-fgr8-2q9w", "namespace": "github:java", "url": "https://github.com/advisories/GHSA-2m8h-fgr8-2q9w", "withdrawn": null}, "Vulnerability": {}}, {"Advisory": {"CVE": ["CVE-2017-7525"], "FixedIn": [{"ecosystem": "java", "identifier": "2.6.7.1", "name": "com.fasterxml.jackson.core:jackson-databind", "namespace": "github:java", "range": "< 2.6.7.1"}, {"ecosystem": "java", "identifier": "2.7.9.1", "name": "com.fasterxml.jackson.core:jackson-databind", "namespace": "github:java", "range": ">= 2.7.0 < 2.7.9.1"}, {"ecosystem": "java", "identifier": "2.8.9", "name": "com.fasterxml.jackson.core:jackson-databind", "namespace": "github:java", "range": ">= 2.8.0 < 2.8.9"}], "Metadata": {"CVE": ["CVE-2017-7525"]}, "Severity": "High", "Summary": "High severity vulnerability that affects com.fasterxml.jackson.core:jackson-databind", "ghsaId": "GHSA-qxxx-2pp7-5hmx", "namespace": "github:java", "url": "https://github.com/advisories/GHSA-qxxx-2pp7-5hmx", "withdrawn": null}, "Vulnerability": {}}, {"Advisory": {"CVE": ["CVE-2017-3159"], "FixedIn": [{"ecosystem": "java", "identifier": "2.17.5", "name": "org.apache.camel:camel-snakeyaml", "namespace": "github:java", "range": "< 2.17.5"}, {"ecosystem": "java", "identifier": "2.18.2", "name": "org.apache.camel:camel-snakeyaml", "namespace": "github:java", "range": ">= 2.18.0 < 2.18.2"}], "Metadata": {"CVE": ["CVE-2017-3159"]}, "Severity": "High", "Summary": "High severity vulnerability that affects org.apache.camel:camel-snakeyaml", "ghsaId": "GHSA-hvpr-9cr6-q5v7", "namespace": "github:java", "url": "https://github.com/advisories/GHSA-hvpr-9cr6-q5v7", "withdrawn": null}, "Vulnerability": {}}, {"Advisory": {"CVE": ["CVE-2018-8008"], "FixedIn": [{"ecosystem": "java", "identifier": "1.1.3", "name": "org.apache.storm:storm-core", "namespace": "github:java", "range": "< 1.1.3"}, {"ecosystem": "java", "identifier": "1.2.2", "name": "org.apache.storm:storm-core", "namespace": "github:java", "range": ">= 1.2.0 < 1.2.2"}], "Metadata": {"CVE": ["CVE-2018-8008"]}, "Severity": "Medium", "Summary": "Moderate severity vulnerability that affects org.apache.storm:storm-core", "ghsaId": "GHSA-898j-5cc8-cmf5", "namespace": "github:java", "url": "https://github.com/advisories/GHSA-898j-5cc8-cmf5", "withdrawn": null}, "Vulnerability": {}}, {"Advisory": {"CVE": ["CVE-2018-11039"], "FixedIn": [{"ecosystem": "java", "identifier": "5.0.7", "name": "org.springframework:spring-core", "namespace": "github:java", "range": ">= 5.0.0 < 5.0.7"}, {"ecosystem": "java", "identifier": "4.3.18", "name": "org.springframework:spring-core", "namespace": "github:java", "range": ">= 4.3.0 < 4.3.18"}], "Metadata": {"CVE": ["CVE-2018-11039"]}, "Severity": "Medium", "Summary": "Moderate severity vulnerability that affects org.springframework:spring-core", "ghsaId": "GHSA-9gcm-f4x3-8jpw", "namespace": "github:java", "url": "https://github.com/advisories/GHSA-9gcm-f4x3-8jpw", "withdrawn": null}, "Vulnerability": {}}, {"Advisory": {"CVE": ["CVE-2018-11040"], "FixedIn": [{"ecosystem": "java", "identifier": "5.0.7", "name": "org.springframework:spring-core", "namespace": "github:java", "range": ">= 5.0.0 < 5.0.7"}, {"ecosystem": "java", "identifier": "4.3.18", "name": "org.springframework:spring-core", "namespace": "github:java", "range": ">= 4.3.0 < 4.3.18"}], "Metadata": {"CVE": ["CVE-2018-11040"]}, "Severity": "Medium", "Summary": "Moderate severity vulnerability that affects org.springframework:spring-core", "ghsaId": "GHSA-f26x-pr96-vw86", "namespace": "github:java", "url": "https://github.com/advisories/GHSA-f26x-pr96-vw86", "withdrawn": null}, "Vulnerability": {}}, {"Advisory": {"CVE": ["CVE-2018-12538"], "FixedIn": [{"ecosystem": "java", "identifier": "9.4.11.v20180605", "name": "org.eclipse.jetty:jetty-server", "namespace": "github:java", "range": ">= 9.4.0 < 9.4.11.v20180605"}], "Metadata": {"CVE": ["CVE-2018-12538"]}, "Severity": "Medium", "Summary": "Moderate severity vulnerability that affects org.eclipse.jetty:jetty-server", "ghsaId": "GHSA-mwcx-532g-8pq3", "namespace": "github:java", "url": "https://github.com/advisories/GHSA-mwcx-532g-8pq3", "withdrawn": null}, "Vulnerability": {}}, {"Advisory": {"CVE": ["CVE-2018-1000180"], "FixedIn": [{"ecosystem": "java", "identifier": "1.60", "name": "org.bouncycastle:bcprov-jdk14", "namespace": "github:java", "range": "< 1.60"}, {"ecosystem": "java", "identifier": "1.60", "name": "org.bouncycastle:bcprov-jdk15", "namespace": "github:java", "range": "< 1.60"}], "Metadata": {"CVE": ["CVE-2018-1000180"]}, "Severity": "Medium", "Summary": "Moderate severity vulnerability that affects org.bouncycastle:bcprov-jdk14 and org.bouncycastle:bcprov-jdk15", "ghsaId": "GHSA-xqj7-j8j5-f2xr", "namespace": "github:java", "url": "https://github.com/advisories/GHSA-xqj7-j8j5-f2xr", "withdrawn": null}, "Vulnerability": {}}, {"Advisory": {"CVE": ["CVE-2018-7489"], "FixedIn": [{"ecosystem": "java", "identifier": "2.8.11.1", "name": "com.fasterxml.jackson.core:jackson-databind", "namespace": "github:java", "range": "< 2.8.11.1"}, {"ecosystem": "java", "identifier": "2.9.5", "name": "com.fasterxml.jackson.core:jackson-databind", "namespace": "github:java", "range": ">= 2.9.0 < 2.9.5"}], "Metadata": {"CVE": ["CVE-2018-7489"]}, "Severity": "High", "Summary": "High severity vulnerability that affects com.fasterxml.jackson.core:jackson-databind", "ghsaId": "GHSA-cggj-fvv3-cqwv", "namespace": "github:java", "url": "https://github.com/advisories/GHSA-cggj-fvv3-cqwv", "withdrawn": null}, "Vulnerability": {}}], "next_token": ""}