{"data": [{"Vulnerability": {"CVSS": [], "Description": "", "FixedIn": [{"Name": "ansible-base", "NamespaceName": "alpine:3.13", "Version": "2.9.13-r0", "VersionFormat": "apk"}], "Link": "http://cve.mitre.org/cgi-bin/cvename.cgi?name=CVE-2020-14330", "Metadata": {"NVD": {"CVSSv2": {"Score": 2.1, "Vectors": "AV:L/AC:L/Au:N/C:P/I:N/A:N"}}}, "Name": "CVE-2020-14330", "NamespaceName": "alpine:3.13", "Severity": "Low"}}, {"Vulnerability": {"CVSS": [], "Description": "", "FixedIn": [{"Name": "ansible-base", "NamespaceName": "alpine:3.13", "Version": "2.9.13-r0", "VersionFormat": "apk"}], "Link": "http://cve.mitre.org/cgi-bin/cvename.cgi?name=CVE-2020-14332", "Metadata": {"NVD": {"CVSSv2": {"Score": 2.1, "Vectors": "AV:L/AC:L/Au:N/C:P/I:N/A:N"}}}, "Name": "CVE-2020-14332", "NamespaceName": "alpine:3.13", "Severity": "Low"}}, {"Vulnerability": {"CVSS": [], "Description": "", "FixedIn": [{"Name": "ansible-base", "NamespaceName": "alpine:3.13", "Version": "2.9.13-r0", "VersionFormat": "apk"}], "Link": "http://cve.mitre.org/cgi-bin/cvename.cgi?name=CVE-2020-14365", "Metadata": {"NVD": {"CVSSv2": {"Score": 6.6, "Vectors": "AV:L/AC:L/Au:N/C:N/I:C/A:C"}}}, "Name": "CVE-2020-14365", "NamespaceName": "alpine:3.13", "Severity": "Medium"}}, {"Vulnerability": {"CVSS": [], "Description": "", "FixedIn": [{"Name": "ansible-base", "NamespaceName": "alpine:3.13", "Version": "2.9.7-r0", "VersionFormat": "apk"}], "Link": "http://cve.mitre.org/cgi-bin/cvename.cgi?name=CVE-2019-3828", "Metadata": {"NVD": {"CVSSv2": {"Score": 3.3, "Vectors": "AV:L/AC:M/Au:N/C:P/I:P/A:N"}}}, "Name": "CVE-2019-3828", "NamespaceName": "alpine:3.13", "Severity": "Low"}}, {"Vulnerability": {"CVSS": [], "Description": "", "FixedIn": [{"Name": "ansible-base", "NamespaceName": "alpine:3.13", "Version": "2.9.7-r0", "VersionFormat": "apk"}], "Link": "http://cve.mitre.org/cgi-bin/cvename.cgi?name=CVE-2020-1733", "Metadata": {"NVD": {"CVSSv2": {"Score": 3.7, "Vectors": "AV:L/AC:H/Au:N/C:P/I:P/A:P"}}}, "Name": "CVE-2020-1733", "NamespaceName": "alpine:3.13", "Severity": "Low"}}, {"Vulnerability": {"CVSS": [], "Description": "", "FixedIn": [{"Name": "ansible-base", "NamespaceName": "alpine:3.13", "Version": "2.9.7-r0", "VersionFormat": "apk"}], "Link": "http://cve.mitre.org/cgi-bin/cvename.cgi?name=CVE-2020-1739", "Metadata": {"NVD": {"CVSSv2": {"Score": 3.3, "Vectors": "AV:L/AC:M/Au:N/C:P/I:P/A:N"}}}, "Name": "CVE-2020-1739", "NamespaceName": "alpine:3.13", "Severity": "Low"}}, {"Vulnerability": {"CVSS": [], "Description": "", "FixedIn": [{"Name": "ansible-base", "NamespaceName": "alpine:3.13", "Version": "2.9.7-r0", "VersionFormat": "apk"}], "Link": "http://cve.mitre.org/cgi-bin/cvename.cgi?name=CVE-2020-1740", "Metadata": {"NVD": {"CVSSv2": {"Score": 1.9, "Vectors": "AV:L/AC:M/Au:N/C:P/I:N/A:N"}}}, "Name": "CVE-2020-1740", "NamespaceName": "alpine:3.13", "Severity": "Low"}}, {"Vulnerability": {"CVSS": [], "Description": "", "FixedIn": [{"Name": "ansible-base", "NamespaceName": "alpine:3.13", "Version": "2.9.7-r0", "VersionFormat": "apk"}], "Link": "http://cve.mitre.org/cgi-bin/cvename.cgi?name=CVE-2020-1746", "Metadata": {"NVD": {"CVSSv2": {"Score": 1.9, "Vectors": "AV:L/AC:M/Au:N/C:P/I:N/A:N"}}}, "Name": "CVE-2020-1746", "NamespaceName": "alpine:3.13", "Severity": "Low"}}, {"Vulnerability": {"CVSS": [], "Description": "", "FixedIn": [{"Name": "ansible-base", "NamespaceName": "alpine:3.13", "Version": "2.9.7-r0", "VersionFormat": "apk"}], "Link": "http://cve.mitre.org/cgi-bin/cvename.cgi?name=CVE-2020-10691", "Metadata": {"NVD": {"CVSSv2": {"Score": 3.6, "Vectors": "AV:L/AC:L/Au:N/C:N/I:P/A:P"}}}, "Name": "CVE-2020-10691", "NamespaceName": "alpine:3.13", "Severity": "Low"}}, {"Vulnerability": {"CVSS": [], "Description": "", "FixedIn": [{"Name": "ansible-base", "NamespaceName": "alpine:3.13", "Version": "2.9.6-r0", "VersionFormat": "apk"}], "Link": "http://cve.mitre.org/cgi-bin/cvename.cgi?name=CVE-2020-1737", "Metadata": {"NVD": {"CVSSv2": {"Score": 4.6, "Vectors": "AV:L/AC:L/Au:N/C:P/I:P/A:P"}}}, "Name": "CVE-2020-1737", "NamespaceName": "alpine:3.13", "Severity": "Medium"}}], "next_token": ""}