{"data": [{"Vulnerability": {"CVSS": [], "Description": "", "FixedIn": [{"Name": "lame", "NamespaceName": "alpine:3.3", "Version": "3.99.5-r6", "VersionFormat": "apk"}], "Link": "http://cve.mitre.org/cgi-bin/cvename.cgi?name=CVE-2017-9410", "Metadata": {}, "Name": "CVE-2017-9410", "NamespaceName": "alpine:3.3", "Severity": "Unknown"}}, {"Vulnerability": {"CVSS": [], "Description": "", "FixedIn": [{"Name": "lame", "NamespaceName": "alpine:3.3", "Version": "3.99.5-r6", "VersionFormat": "apk"}], "Link": "http://cve.mitre.org/cgi-bin/cvename.cgi?name=CVE-2017-9411", "Metadata": {}, "Name": "CVE-2017-9411", "NamespaceName": "alpine:3.3", "Severity": "Unknown"}}, {"Vulnerability": {"CVSS": [], "Description": "", "FixedIn": [{"Name": "libass", "NamespaceName": "alpine:3.3", "Version": "0.13.4-r0", "VersionFormat": "apk"}], "Link": "http://cve.mitre.org/cgi-bin/cvename.cgi?name=CVE-2016-7971", "Metadata": {}, "Name": "CVE-2016-7971", "NamespaceName": "alpine:3.3", "Severity": "Unknown"}}, {"Vulnerability": {"CVSS": [], "Description": "", "FixedIn": [{"Name": "tiff", "NamespaceName": "alpine:3.3", "Version": "4.0.7-r0", "VersionFormat": "apk"}], "Link": "http://cve.mitre.org/cgi-bin/cvename.cgi?name=CVE-2016-5320", "Metadata": {}, "Name": "CVE-2016-5320", "NamespaceName": "alpine:3.3", "Severity": "Unknown"}}, {"Vulnerability": {"CVSS": [], "Description": "", "FixedIn": [{"Name": "tiff", "NamespaceName": "alpine:3.3", "Version": "4.0.7-r0", "VersionFormat": "apk"}], "Link": "http://cve.mitre.org/cgi-bin/cvename.cgi?name=CVE-2016-5875", "Metadata": {}, "Name": "CVE-2016-5875", "NamespaceName": "alpine:3.3", "Severity": "Unknown"}}, {"Vulnerability": {"CVSS": [], "Description": "", "FixedIn": [{"Name": "weechat", "NamespaceName": "alpine:3.3", "Version": "1.3-r4", "VersionFormat": "apk"}], "Link": "http://cve.mitre.org/cgi-bin/cvename.cgi?name=CVE-2017-8073.patch", "Metadata": {}, "Name": "CVE-2017-8073.patch", "NamespaceName": "alpine:3.3", "Severity": "Unknown"}}, {"Vulnerability": {"CVSS": [], "Description": "", "FixedIn": [{"Name": "apache2", "NamespaceName": "alpine:3.3", "Version": "2.4.26-r0", "VersionFormat": "apk"}], "Link": "http://cve.mitre.org/cgi-bin/cvename.cgi?name=CVE-2017-3167", "Metadata": {"NVD": {"CVSSv2": {"Score": 7.5, "Vectors": "AV:N/AC:L/Au:N/C:P/I:P/A:P"}}}, "Name": "CVE-2017-3167", "NamespaceName": "alpine:3.3", "Severity": "High"}}, {"Vulnerability": {"CVSS": [], "Description": "", "FixedIn": [{"Name": "apache2", "NamespaceName": "alpine:3.3", "Version": "2.4.26-r0", "VersionFormat": "apk"}], "Link": "http://cve.mitre.org/cgi-bin/cvename.cgi?name=CVE-2017-3169", "Metadata": {"NVD": {"CVSSv2": {"Score": 7.5, "Vectors": "AV:N/AC:L/Au:N/C:P/I:P/A:P"}}}, "Name": "CVE-2017-3169", "NamespaceName": "alpine:3.3", "Severity": "High"}}, {"Vulnerability": {"CVSS": [], "Description": "", "FixedIn": [{"Name": "apache2", "NamespaceName": "alpine:3.3", "Version": "2.4.26-r0", "VersionFormat": "apk"}], "Link": "http://cve.mitre.org/cgi-bin/cvename.cgi?name=CVE-2017-7659", "Metadata": {"NVD": {"CVSSv2": {"Score": 5.0, "Vectors": "AV:N/AC:L/Au:N/C:N/I:N/A:P"}}}, "Name": "CVE-2017-7659", "NamespaceName": "alpine:3.3", "Severity": "Medium"}}, {"Vulnerability": {"CVSS": [], "Description": "", "FixedIn": [{"Name": "apache2", "NamespaceName": "alpine:3.3", "Version": "2.4.26-r0", "VersionFormat": "apk"}], "Link": "http://cve.mitre.org/cgi-bin/cvename.cgi?name=CVE-2017-7668", "Metadata": {"NVD": {"CVSSv2": {"Score": 7.5, "Vectors": "AV:N/AC:L/Au:N/C:P/I:P/A:P"}}}, "Name": "CVE-2017-7668", "NamespaceName": "alpine:3.3", "Severity": "High"}}], "next_token": ""}