{"data": [{"Vulnerability": {"CVSS": [], "Description": "", "FixedIn": [{"Name": "lame", "NamespaceName": "alpine:3.5", "Version": "3.99.5-r6", "VersionFormat": "apk"}], "Link": "http://cve.mitre.org/cgi-bin/cvename.cgi?name=CVE-2017-9410", "Metadata": {}, "Name": "CVE-2017-9410", "NamespaceName": "alpine:3.5", "Severity": "Unknown"}}, {"Vulnerability": {"CVSS": [], "Description": "", "FixedIn": [{"Name": "lame", "NamespaceName": "alpine:3.5", "Version": "3.99.5-r6", "VersionFormat": "apk"}], "Link": "http://cve.mitre.org/cgi-bin/cvename.cgi?name=CVE-2017-9411", "Metadata": {}, "Name": "CVE-2017-9411", "NamespaceName": "alpine:3.5", "Severity": "Unknown"}}, {"Vulnerability": {"CVSS": [], "Description": "", "FixedIn": [{"Name": "libass", "NamespaceName": "alpine:3.5", "Version": "0.13.4-r0", "VersionFormat": "apk"}], "Link": "http://cve.mitre.org/cgi-bin/cvename.cgi?name=CVE-2016-7971", "Metadata": {}, "Name": "CVE-2016-7971", "NamespaceName": "alpine:3.5", "Severity": "Unknown"}}, {"Vulnerability": {"CVSS": [], "Description": "", "FixedIn": [{"Name": "ncurses", "NamespaceName": "alpine:3.5", "Version": "6.0_p20171125-r1", "VersionFormat": "apk"}], "Link": "http://cve.mitre.org/cgi-bin/cvename.cgi?name=CVE-2018-10754", "Metadata": {}, "Name": "CVE-2018-10754", "NamespaceName": "alpine:3.5", "Severity": "Unknown"}}, {"Vulnerability": {"CVSS": [], "Description": "", "FixedIn": [{"Name": "rsync", "NamespaceName": "alpine:3.5", "Version": "3.1.2-r3", "VersionFormat": "apk"}], "Link": "http://cve.mitre.org/cgi-bin/cvename.cgi?name=CVE-2017-17434-1", "Metadata": {}, "Name": "CVE-2017-17434-1", "NamespaceName": "alpine:3.5", "Severity": "Unknown"}}, {"Vulnerability": {"CVSS": [], "Description": "", "FixedIn": [{"Name": "rsync", "NamespaceName": "alpine:3.5", "Version": "3.1.2-r3", "VersionFormat": "apk"}], "Link": "http://cve.mitre.org/cgi-bin/cvename.cgi?name=CVE-2017-17434-2", "Metadata": {}, "Name": "CVE-2017-17434-2", "NamespaceName": "alpine:3.5", "Severity": "Unknown"}}, {"Vulnerability": {"CVSS": [], "Description": "", "FixedIn": [{"Name": "wavpack", "NamespaceName": "alpine:3.5", "Version": "5.1.0-r2", "VersionFormat": "apk"}], "Link": "http://cve.mitre.org/cgi-bin/cvename.cgi?name=CVE-2018-10340", "Metadata": {}, "Name": "CVE-2018-10340", "NamespaceName": "alpine:3.5", "Severity": "Unknown"}}, {"Vulnerability": {"CVSS": [], "Description": "", "FixedIn": [{"Name": "weechat", "NamespaceName": "alpine:3.5", "Version": "1.6.0-r1", "VersionFormat": "apk"}], "Link": "http://cve.mitre.org/cgi-bin/cvename.cgi?name=CVE-2017-8073.patch", "Metadata": {}, "Name": "CVE-2017-8073.patch", "NamespaceName": "alpine:3.5", "Severity": "Unknown"}}, {"Vulnerability": {"CVSS": [], "Description": "", "FixedIn": [{"Name": "ansible", "NamespaceName": "alpine:3.5", "Version": "2.2.1.0-r0", "VersionFormat": "apk"}], "Link": "http://cve.mitre.org/cgi-bin/cvename.cgi?name=CVE-2016-9587", "Metadata": {"NVD": {"CVSSv2": {"Score": 9.3, "Vectors": "AV:N/AC:M/Au:N/C:C/I:C/A:C"}}}, "Name": "CVE-2016-9587", "NamespaceName": "alpine:3.5", "Severity": "High"}}, {"Vulnerability": {"CVSS": [], "Description": "", "FixedIn": [{"Name": "apache2", "NamespaceName": "alpine:3.5", "Version": "2.4.35-r0", "VersionFormat": "apk"}], "Link": "http://cve.mitre.org/cgi-bin/cvename.cgi?name=CVE-2018-11763", "Metadata": {"NVD": {"CVSSv2": {"Score": 4.3, "Vectors": "AV:N/AC:M/Au:N/C:N/I:N/A:P"}}}, "Name": "CVE-2018-11763", "NamespaceName": "alpine:3.5", "Severity": "Medium"}}], "next_token": ""}