{"data": [{"Vulnerability": {"CVSS": [], "Description": "", "FixedIn": [{"Name": "avahi", "NamespaceName": "alpine:3.11", "Version": "0.7-r2", "VersionFormat": "apk"}], "Link": "http://cve.mitre.org/cgi-bin/cvename.cgi?name=CVE-2018-1000845", "Metadata": {}, "Name": "CVE-2018-1000845", "NamespaceName": "alpine:3.11", "Severity": "Unknown"}}, {"Vulnerability": {"CVSS": [], "Description": "", "FixedIn": [{"Name": "cups", "NamespaceName": "alpine:3.11", "Version": "2.2.10-r0", "VersionFormat": "apk"}], "Link": "http://cve.mitre.org/cgi-bin/cvename.cgi?name=CVE-2018-4700", "Metadata": {}, "Name": "CVE-2018-4700", "NamespaceName": "alpine:3.11", "Severity": "Unknown"}}, {"Vulnerability": {"CVSS": [], "Description": "", "FixedIn": [{"Name": "libass", "NamespaceName": "alpine:3.11", "Version": "0.13.4-r0", "VersionFormat": "apk"}], "Link": "http://cve.mitre.org/cgi-bin/cvename.cgi?name=CVE-2016-7971", "Metadata": {}, "Name": "CVE-2016-7971", "NamespaceName": "alpine:3.11", "Severity": "Unknown"}}, {"Vulnerability": {"CVSS": [], "Description": "", "FixedIn": [{"Name": "libsndfile", "NamespaceName": "alpine:3.11", "Version": "1.0.28-r6", "VersionFormat": "apk"}], "Link": "http://cve.mitre.org/cgi-bin/cvename.cgi?name=CVE-2017-17456", "Metadata": {}, "Name": "CVE-2017-17456", "NamespaceName": "alpine:3.11", "Severity": "Unknown"}}, {"Vulnerability": {"CVSS": [], "Description": "", "FixedIn": [{"Name": "libsndfile", "NamespaceName": "alpine:3.11", "Version": "1.0.28-r6", "VersionFormat": "apk"}], "Link": "http://cve.mitre.org/cgi-bin/cvename.cgi?name=CVE-2017-17457", "Metadata": {}, "Name": "CVE-2017-17457", "NamespaceName": "alpine:3.11", "Severity": "Unknown"}}, {"Vulnerability": {"CVSS": [], "Description": "", "FixedIn": [{"Name": "ncurses", "NamespaceName": "alpine:3.11", "Version": "6.1_p20180414-r0", "VersionFormat": "apk"}], "Link": "http://cve.mitre.org/cgi-bin/cvename.cgi?name=CVE-2018-10754", "Metadata": {}, "Name": "CVE-2018-10754", "NamespaceName": "alpine:3.11", "Severity": "Unknown"}}, {"Vulnerability": {"CVSS": [], "Description": "", "FixedIn": [{"Name": "rsync", "NamespaceName": "alpine:3.11", "Version": "3.1.2-r7", "VersionFormat": "apk"}], "Link": "http://cve.mitre.org/cgi-bin/cvename.cgi?name=CVE-2017-17434-1", "Metadata": {}, "Name": "CVE-2017-17434-1", "NamespaceName": "alpine:3.11", "Severity": "Unknown"}}, {"Vulnerability": {"CVSS": [], "Description": "", "FixedIn": [{"Name": "rsync", "NamespaceName": "alpine:3.11", "Version": "3.1.2-r7", "VersionFormat": "apk"}], "Link": "http://cve.mitre.org/cgi-bin/cvename.cgi?name=CVE-2017-17434-2", "Metadata": {}, "Name": "CVE-2017-17434-2", "NamespaceName": "alpine:3.11", "Severity": "Unknown"}}, {"Vulnerability": {"CVSS": [], "Description": "", "FixedIn": [{"Name": "tcpdump", "NamespaceName": "alpine:3.11", "Version": "4.9.3-r0", "VersionFormat": "apk"}], "Link": "http://cve.mitre.org/cgi-bin/cvename.cgi?name=CVE-2018-16301", "Metadata": {}, "Name": "CVE-2018-16301", "NamespaceName": "alpine:3.11", "Severity": "Unknown"}}, {"Vulnerability": {"CVSS": [], "Description": "", "FixedIn": [{"Name": "tcpdump", "NamespaceName": "alpine:3.11", "Version": "4.9.3-r0", "VersionFormat": "apk"}], "Link": "http://cve.mitre.org/cgi-bin/cvename.cgi?name=CVE-2019-15167", "Metadata": {}, "Name": "CVE-2019-15167", "NamespaceName": "alpine:3.11", "Severity": "Unknown"}}], "next_token": ""}