{"data": [{"Vulnerability": {"Description": "", "FixedIn": [{"Name": "389-ds-base", "NamespaceName": "amzn:2", "Version": "1.3.8.4-15.amzn2.0.1", "VersionFormat": "rpm"}, {"Name": "389-ds-base-debuginfo", "NamespaceName": "amzn:2", "Version": "1.3.8.4-15.amzn2.0.1", "VersionFormat": "rpm"}, {"Name": "389-ds-base-devel", "NamespaceName": "amzn:2", "Version": "1.3.8.4-15.amzn2.0.1", "VersionFormat": "rpm"}, {"Name": "389-ds-base-libs", "NamespaceName": "amzn:2", "Version": "1.3.8.4-15.amzn2.0.1", "VersionFormat": "rpm"}, {"Name": "389-ds-base-snmp", "NamespaceName": "amzn:2", "Version": "1.3.8.4-15.amzn2.0.1", "VersionFormat": "rpm"}], "Link": "https://alas.aws.amazon.com/AL2/ALAS-2018-1106.html", "Metadata": {"CVE": ["CVE-2018-14648"]}, "Name": "ALAS-2018-1106", "NamespaceName": "amzn:2", "Severity": "Medium"}}, {"Vulnerability": {"Description": "", "FixedIn": [{"Name": "tomcat", "NamespaceName": "amzn:2", "Version": "7.0.76-8.amzn2", "VersionFormat": "rpm"}, {"Name": "tomcat-admin-webapps", "NamespaceName": "amzn:2", "Version": "7.0.76-8.amzn2", "VersionFormat": "rpm"}, {"Name": "tomcat-docs-webapp", "NamespaceName": "amzn:2", "Version": "7.0.76-8.amzn2", "VersionFormat": "rpm"}, {"Name": "tomcat-el-2.2-api", "NamespaceName": "amzn:2", "Version": "7.0.76-8.amzn2", "VersionFormat": "rpm"}, {"Name": "tomcat-javadoc", "NamespaceName": "amzn:2", "Version": "7.0.76-8.amzn2", "VersionFormat": "rpm"}, {"Name": "tomcat-jsp-2.2-api", "NamespaceName": "amzn:2", "Version": "7.0.76-8.amzn2", "VersionFormat": "rpm"}, {"Name": "tomcat-jsvc", "NamespaceName": "amzn:2", "Version": "7.0.76-8.amzn2", "VersionFormat": "rpm"}, {"Name": "tomcat-lib", "NamespaceName": "amzn:2", "Version": "7.0.76-8.amzn2", "VersionFormat": "rpm"}, {"Name": "tomcat-servlet-3.0-api", "NamespaceName": "amzn:2", "Version": "7.0.76-8.amzn2", "VersionFormat": "rpm"}, {"Name": "tomcat-webapps", "NamespaceName": "amzn:2", "Version": "7.0.76-8.amzn2", "VersionFormat": "rpm"}], "Link": "https://alas.aws.amazon.com/AL2/ALAS-2018-1105.html", "Metadata": {"CVE": ["CVE-2018-1336"]}, "Name": "ALAS-2018-1105", "NamespaceName": "amzn:2", "Severity": "High"}}, {"Vulnerability": {"Description": "", "FixedIn": [{"Name": "mod_http2", "NamespaceName": "amzn:2", "Version": "1.11.1-1.amzn2", "VersionFormat": "rpm"}, {"Name": "mod_http2-debuginfo", "NamespaceName": "amzn:2", "Version": "1.11.1-1.amzn2", "VersionFormat": "rpm"}], "Link": "https://alas.aws.amazon.com/AL2/ALAS-2018-1104.html", "Metadata": {"CVE": ["CVE-2018-11763"]}, "Name": "ALAS-2018-1104", "NamespaceName": "amzn:2", "Severity": "Medium"}}, {"Vulnerability": {"Description": "", "FixedIn": [{"Name": "spamassassin", "NamespaceName": "amzn:2", "Version": "3.4.0-4.amzn2", "VersionFormat": "rpm"}, {"Name": "spamassassin-debuginfo", "NamespaceName": "amzn:2", "Version": "3.4.0-4.amzn2", "VersionFormat": "rpm"}], "Link": "https://alas.aws.amazon.com/AL2/ALAS-2018-1103.html", "Metadata": {"CVE": ["CVE-2017-15705", "CVE-2018-11781"]}, "Name": "ALAS-2018-1103", "NamespaceName": "amzn:2", "Severity": "High"}}, {"Vulnerability": {"Description": "", "FixedIn": [{"Name": "flatpak", "NamespaceName": "amzn:2", "Version": "0.8.8-4.amzn2", "VersionFormat": "rpm"}, {"Name": "flatpak-builder", "NamespaceName": "amzn:2", "Version": "0.8.8-4.amzn2", "VersionFormat": "rpm"}, {"Name": "flatpak-debuginfo", "NamespaceName": "amzn:2", "Version": "0.8.8-4.amzn2", "VersionFormat": "rpm"}, {"Name": "flatpak-devel", "NamespaceName": "amzn:2", "Version": "0.8.8-4.amzn2", "VersionFormat": "rpm"}, {"Name": "flatpak-libs", "NamespaceName": "amzn:2", "Version": "0.8.8-4.amzn2", "VersionFormat": "rpm"}], "Link": "https://alas.aws.amazon.com/AL2/ALAS-2018-1096.html", "Metadata": {"CVE": ["CVE-2018-6560"]}, "Name": "ALAS-2018-1096", "NamespaceName": "amzn:2", "Severity": "Medium"}}, {"Vulnerability": {"Description": "", "FixedIn": [{"Name": "nss", "NamespaceName": "amzn:2", "Version": "3.36.0-7.amzn2", "VersionFormat": "rpm"}, {"Name": "nss-debuginfo", "NamespaceName": "amzn:2", "Version": "3.36.0-7.amzn2", "VersionFormat": "rpm"}, {"Name": "nss-devel", "NamespaceName": "amzn:2", "Version": "3.36.0-7.amzn2", "VersionFormat": "rpm"}, {"Name": "nss-pkcs11-devel", "NamespaceName": "amzn:2", "Version": "3.36.0-7.amzn2", "VersionFormat": "rpm"}, {"Name": "nss-sysinit", "NamespaceName": "amzn:2", "Version": "3.36.0-7.amzn2", "VersionFormat": "rpm"}, {"Name": "nss-tools", "NamespaceName": "amzn:2", "Version": "3.36.0-7.amzn2", "VersionFormat": "rpm"}], "Link": "https://alas.aws.amazon.com/AL2/ALAS-2018-1095.html", "Metadata": {"CVE": ["CVE-2018-12384"]}, "Name": "ALAS-2018-1095", "NamespaceName": "amzn:2", "Severity": "Medium"}}, {"Vulnerability": {"Description": "", "FixedIn": [{"Name": "git", "NamespaceName": "amzn:2", "Version": "2.14.5-1.amzn2", "VersionFormat": "rpm"}, {"Name": "git-all", "NamespaceName": "amzn:2", "Version": "2.14.5-1.amzn2", "VersionFormat": "rpm"}, {"Name": "git-core", "NamespaceName": "amzn:2", "Version": "2.14.5-1.amzn2", "VersionFormat": "rpm"}, {"Name": "git-core-doc", "NamespaceName": "amzn:2", "Version": "2.14.5-1.amzn2", "VersionFormat": "rpm"}, {"Name": "git-cvs", "NamespaceName": "amzn:2", "Version": "2.14.5-1.amzn2", "VersionFormat": "rpm"}, {"Name": "git-daemon", "NamespaceName": "amzn:2", "Version": "2.14.5-1.amzn2", "VersionFormat": "rpm"}, {"Name": "git-debuginfo", "NamespaceName": "amzn:2", "Version": "2.14.5-1.amzn2", "VersionFormat": "rpm"}, {"Name": "git-email", "NamespaceName": "amzn:2", "Version": "2.14.5-1.amzn2", "VersionFormat": "rpm"}, {"Name": "git-gnome-keyring", "NamespaceName": "amzn:2", "Version": "2.14.5-1.amzn2", "VersionFormat": "rpm"}, {"Name": "git-gui", "NamespaceName": "amzn:2", "Version": "2.14.5-1.amzn2", "VersionFormat": "rpm"}, {"Name": "git-p4", "NamespaceName": "amzn:2", "Version": "2.14.5-1.amzn2", "VersionFormat": "rpm"}, {"Name": "git-svn", "NamespaceName": "amzn:2", "Version": "2.14.5-1.amzn2", "VersionFormat": "rpm"}, {"Name": "gitk", "NamespaceName": "amzn:2", "Version": "2.14.5-1.amzn2", "VersionFormat": "rpm"}, {"Name": "gitweb", "NamespaceName": "amzn:2", "Version": "2.14.5-1.amzn2", "VersionFormat": "rpm"}, {"Name": "perl-Git", "NamespaceName": "amzn:2", "Version": "2.14.5-1.amzn2", "VersionFormat": "rpm"}, {"Name": "perl-Git-SVN", "NamespaceName": "amzn:2", "Version": "2.14.5-1.amzn2", "VersionFormat": "rpm"}], "Link": "https://alas.aws.amazon.com/AL2/ALAS-2018-1093.html", "Metadata": {"CVE": ["CVE-2018-17456"]}, "Name": "ALAS-2018-1093", "NamespaceName": "amzn:2", "Severity": "High"}}, {"Vulnerability": {"Description": "", "FixedIn": [{"Name": "kernel", "NamespaceName": "amzn:2", "Version": "4.14.15-46.13.amzn2", "VersionFormat": "rpm"}, {"Name": "kernel-debuginfo", "NamespaceName": "amzn:2", "Version": "4.14.15-46.13.amzn2", "VersionFormat": "rpm"}, {"Name": "kernel-debuginfo-common-x86_64", "NamespaceName": "amzn:2", "Version": "4.14.15-46.13.amzn2", "VersionFormat": "rpm"}, {"Name": "kernel-devel", "NamespaceName": "amzn:2", "Version": "4.14.15-46.13.amzn2", "VersionFormat": "rpm"}, {"Name": "kernel-headers", "NamespaceName": "amzn:2", "Version": "4.14.15-46.13.amzn2", "VersionFormat": "rpm"}, {"Name": "kernel-tools", "NamespaceName": "amzn:2", "Version": "4.14.15-46.13.amzn2", "VersionFormat": "rpm"}, {"Name": "kernel-tools-debuginfo", "NamespaceName": "amzn:2", "Version": "4.14.15-46.13.amzn2", "VersionFormat": "rpm"}, {"Name": "kernel-tools-devel", "NamespaceName": "amzn:2", "Version": "4.14.15-46.13.amzn2", "VersionFormat": "rpm"}, {"Name": "perf", "NamespaceName": "amzn:2", "Version": "4.14.15-46.13.amzn2", "VersionFormat": "rpm"}, {"Name": "perf-debuginfo", "NamespaceName": "amzn:2", "Version": "4.14.15-46.13.amzn2", "VersionFormat": "rpm"}, {"Name": "python-perf", "NamespaceName": "amzn:2", "Version": "4.14.15-46.13.amzn2", "VersionFormat": "rpm"}, {"Name": "python-perf-debuginfo", "NamespaceName": "amzn:2", "Version": "4.14.15-46.13.amzn2", "VersionFormat": "rpm"}], "Link": "https://alas.aws.amazon.com/AL2/ALAS-2018-1087.html", "Metadata": {"CVE": ["CVE-2018-14634"]}, "Name": "ALAS-2018-1087", "NamespaceName": "amzn:2", "Severity": "High"}}, {"Vulnerability": {"Description": "", "FixedIn": [{"Name": "bind", "NamespaceName": "amzn:2", "Version": "9.9.4-61.amzn2.1.1", "VersionFormat": "rpm"}, {"Name": "bind-chroot", "NamespaceName": "amzn:2", "Version": "9.9.4-61.amzn2.1.1", "VersionFormat": "rpm"}, {"Name": "bind-debuginfo", "NamespaceName": "amzn:2", "Version": "9.9.4-61.amzn2.1.1", "VersionFormat": "rpm"}, {"Name": "bind-devel", "NamespaceName": "amzn:2", "Version": "9.9.4-61.amzn2.1.1", "VersionFormat": "rpm"}, {"Name": "bind-libs", "NamespaceName": "amzn:2", "Version": "9.9.4-61.amzn2.1.1", "VersionFormat": "rpm"}, {"Name": "bind-libs-lite", "NamespaceName": "amzn:2", "Version": "9.9.4-61.amzn2.1.1", "VersionFormat": "rpm"}, {"Name": "bind-lite-devel", "NamespaceName": "amzn:2", "Version": "9.9.4-61.amzn2.1.1", "VersionFormat": "rpm"}, {"Name": "bind-pkcs11", "NamespaceName": "amzn:2", "Version": "9.9.4-61.amzn2.1.1", "VersionFormat": "rpm"}, {"Name": "bind-pkcs11-devel", "NamespaceName": "amzn:2", "Version": "9.9.4-61.amzn2.1.1", "VersionFormat": "rpm"}, {"Name": "bind-pkcs11-libs", "NamespaceName": "amzn:2", "Version": "9.9.4-61.amzn2.1.1", "VersionFormat": "rpm"}, {"Name": "bind-pkcs11-utils", "NamespaceName": "amzn:2", "Version": "9.9.4-61.amzn2.1.1", "VersionFormat": "rpm"}, {"Name": "bind-sdb", "NamespaceName": "amzn:2", "Version": "9.9.4-61.amzn2.1.1", "VersionFormat": "rpm"}, {"Name": "bind-sdb-chroot", "NamespaceName": "amzn:2", "Version": "9.9.4-61.amzn2.1.1", "VersionFormat": "rpm"}, {"Name": "bind-utils", "NamespaceName": "amzn:2", "Version": "9.9.4-61.amzn2.1.1", "VersionFormat": "rpm"}], "Link": "https://alas.aws.amazon.com/AL2/ALAS-2018-1082.html", "Metadata": {"CVE": ["CVE-2018-5740"]}, "Name": "ALAS-2018-1082", "NamespaceName": "amzn:2", "Severity": "High"}}, {"Vulnerability": {"Description": "", "FixedIn": [{"Name": "postgresql", "NamespaceName": "amzn:2", "Version": "9.2.24-1.amzn2.0.1", "VersionFormat": "rpm"}, {"Name": "postgresql-contrib", "NamespaceName": "amzn:2", "Version": "9.2.24-1.amzn2.0.1", "VersionFormat": "rpm"}, {"Name": "postgresql-debuginfo", "NamespaceName": "amzn:2", "Version": "9.2.24-1.amzn2.0.1", "VersionFormat": "rpm"}, {"Name": "postgresql-devel", "NamespaceName": "amzn:2", "Version": "9.2.24-1.amzn2.0.1", "VersionFormat": "rpm"}, {"Name": "postgresql-docs", "NamespaceName": "amzn:2", "Version": "9.2.24-1.amzn2.0.1", "VersionFormat": "rpm"}, {"Name": "postgresql-libs", "NamespaceName": "amzn:2", "Version": "9.2.24-1.amzn2.0.1", "VersionFormat": "rpm"}, {"Name": "postgresql-plperl", "NamespaceName": "amzn:2", "Version": "9.2.24-1.amzn2.0.1", "VersionFormat": "rpm"}, {"Name": "postgresql-plpython", "NamespaceName": "amzn:2", "Version": "9.2.24-1.amzn2.0.1", "VersionFormat": "rpm"}, {"Name": "postgresql-pltcl", "NamespaceName": "amzn:2", "Version": "9.2.24-1.amzn2.0.1", "VersionFormat": "rpm"}, {"Name": "postgresql-server", "NamespaceName": "amzn:2", "Version": "9.2.24-1.amzn2.0.1", "VersionFormat": "rpm"}, {"Name": "postgresql-static", "NamespaceName": "amzn:2", "Version": "9.2.24-1.amzn2.0.1", "VersionFormat": "rpm"}, {"Name": "postgresql-test", "NamespaceName": "amzn:2", "Version": "9.2.24-1.amzn2.0.1", "VersionFormat": "rpm"}, {"Name": "postgresql-upgrade", "NamespaceName": "amzn:2", "Version": "9.2.24-1.amzn2.0.1", "VersionFormat": "rpm"}], "Link": "https://alas.aws.amazon.com/AL2/ALAS-2018-1080.html", "Metadata": {"CVE": ["CVE-2018-10915"]}, "Name": "ALAS-2018-1080", "NamespaceName": "amzn:2", "Severity": "High"}}], "next_token": ""}