{"data": [{"Vulnerability": {"Description": "", "FixedIn": [], "Link": "https://rhn.redhat.com/errata/RHSA-2016-0241.html", "Metadata": {"CVE": [{"Link": "https://access.redhat.com/security/cve/CVE-2016-1622", "Name": "CVE-2016-1622", "cvss2": "6.8/AV:N/AC:M/Au:N/C:P/I:P/A:P"}, {"Link": "https://access.redhat.com/security/cve/CVE-2016-1623", "Name": "CVE-2016-1623", "cvss2": "6.8/AV:N/AC:M/Au:N/C:P/I:P/A:P"}, {"Link": "https://access.redhat.com/security/cve/CVE-2016-1624", "Name": "CVE-2016-1624", "cvss2": "6.8/AV:N/AC:M/Au:N/C:P/I:P/A:P"}, {"Link": "https://access.redhat.com/security/cve/CVE-2016-1625", "Name": "CVE-2016-1625", "cvss2": "4.3/AV:N/AC:M/Au:N/C:P/I:N/A:N"}, {"Link": "https://access.redhat.com/security/cve/CVE-2016-1626", "Name": "CVE-2016-1626", "cvss2": "4.3/AV:N/AC:M/Au:N/C:P/I:N/A:N"}, {"Link": "https://access.redhat.com/security/cve/CVE-2016-1627", "Name": "CVE-2016-1627", "cvss2": "6.8/AV:N/AC:M/Au:N/C:P/I:P/A:P"}, {"Link": "https://access.redhat.com/security/cve/CVE-2016-1628", "Name": "CVE-2016-1628", "cvss2": "4.3/AV:N/AC:M/Au:N/C:P/I:N/A:N"}], "Issued": "2016-02-17", "RefId": "RHSA-2016:0241-01", "Updated": "2016-02-17"}, "Name": "RHSA-2016:0241", "NamespaceName": "centos:6", "Severity": "High"}}, {"Vulnerability": {"Description": "", "FixedIn": [], "Link": "https://rhn.redhat.com/errata/RHSA-2014-1036.html", "Metadata": {"CVE": [{"Link": "https://access.redhat.com/security/cve/CVE-2014-3068", "Name": "CVE-2014-3068", "cvss2": "2.4/AV:L/AC:H/Au:S/C:P/I:P/A:N"}, {"Link": "https://access.redhat.com/security/cve/CVE-2014-3086", "Name": "CVE-2014-3086", "cvss2": "5.1/AV:N/AC:H/Au:N/C:P/I:P/A:P"}, {"Link": "https://access.redhat.com/security/cve/CVE-2014-4209", "Name": "CVE-2014-4209", "cvss2": "6.4/AV:N/AC:L/Au:N/C:P/I:P/A:N"}, {"Link": "https://access.redhat.com/security/cve/CVE-2014-4218", "Name": "CVE-2014-4218", "cvss2": "5/AV:N/AC:L/Au:N/C:N/I:P/A:N"}, {"Link": "https://access.redhat.com/security/cve/CVE-2014-4219", "Name": "CVE-2014-4219", "cvss2": "6.8/AV:N/AC:M/Au:N/C:P/I:P/A:P"}, {"Link": "https://access.redhat.com/security/cve/CVE-2014-4244", "Name": "CVE-2014-4244", "cvss2": "4.0/AV:N/AC:H/Au:N/C:P/I:P/A:N"}, {"Link": "https://access.redhat.com/security/cve/CVE-2014-4252", "Name": "CVE-2014-4252", "cvss2": "5/AV:N/AC:L/Au:N/C:P/I:N/A:N"}, {"Link": "https://access.redhat.com/security/cve/CVE-2014-4262", "Name": "CVE-2014-4262", "cvss2": "6.8/AV:N/AC:M/Au:N/C:P/I:P/A:P"}, {"Link": "https://access.redhat.com/security/cve/CVE-2014-4263", "Name": "CVE-2014-4263", "cvss2": "4.0/AV:N/AC:H/Au:N/C:P/I:P/A:N"}], "Issued": "2014-08-07", "RefId": "RHSA-2014:1036-02", "Updated": "2014-08-07"}, "Name": "RHSA-2014:1036", "NamespaceName": "centos:6", "Severity": "High"}}, {"Vulnerability": {"Description": "", "FixedIn": [], "Link": "https://rhn.redhat.com/errata/RHSA-2014-0380.html", "Metadata": {"CVE": [{"Link": "https://www.redhat.com/security/data/cve/CVE-2014-0506.html", "Name": "CVE-2014-0506", "cvss2": "6.8/AV:N/AC:M/Au:N/C:P/I:P/A:P"}, {"Link": "https://www.redhat.com/security/data/cve/CVE-2014-0507.html", "Name": "CVE-2014-0507", "cvss2": "6.8/AV:N/AC:M/Au:N/C:P/I:P/A:P"}, {"Link": "https://www.redhat.com/security/data/cve/CVE-2014-0508.html", "Name": "CVE-2014-0508", "cvss2": "4.3/AV:N/AC:M/Au:N/C:P/I:N/A:N"}, {"Link": "https://www.redhat.com/security/data/cve/CVE-2014-0509.html", "Name": "CVE-2014-0509", "cvss2": "4.3/AV:N/AC:M/Au:N/C:N/I:P/A:N"}], "Issued": "2014-04-09", "RefId": "RHSA-2014:0380-00", "Updated": "2014-04-09"}, "Name": "RHSA-2014:0380", "NamespaceName": "centos:6", "Severity": "Critical"}}, {"Vulnerability": {"Description": "", "FixedIn": [], "Link": "https://rhn.redhat.com/errata/RHSA-2015-0140.html", "Metadata": {"CVE": [{"Link": "https://access.redhat.com/security/cve/CVE-2015-0314", "Name": "CVE-2015-0314", "cvss2": "6.8/AV:N/AC:M/Au:N/C:P/I:P/A:P"}, {"Link": "https://access.redhat.com/security/cve/CVE-2015-0315", "Name": "CVE-2015-0315", "cvss2": "6.8/AV:N/AC:M/Au:N/C:P/I:P/A:P"}, {"Link": "https://access.redhat.com/security/cve/CVE-2015-0316", "Name": "CVE-2015-0316", "cvss2": "6.8/AV:N/AC:M/Au:N/C:P/I:P/A:P"}, {"Link": "https://access.redhat.com/security/cve/CVE-2015-0317", "Name": "CVE-2015-0317", "cvss2": "6.8/AV:N/AC:M/Au:N/C:P/I:P/A:P"}, {"Link": "https://access.redhat.com/security/cve/CVE-2015-0318", "Name": "CVE-2015-0318", "cvss2": "6.8/AV:N/AC:M/Au:N/C:P/I:P/A:P"}, {"Link": "https://access.redhat.com/security/cve/CVE-2015-0319", "Name": "CVE-2015-0319", "cvss2": "6.8/AV:N/AC:M/Au:N/C:P/I:P/A:P"}, {"Link": "https://access.redhat.com/security/cve/CVE-2015-0320", "Name": "CVE-2015-0320", "cvss2": "6.8/AV:N/AC:M/Au:N/C:P/I:P/A:P"}, {"Link": "https://access.redhat.com/security/cve/CVE-2015-0321", "Name": "CVE-2015-0321", "cvss2": "6.8/AV:N/AC:M/Au:N/C:P/I:P/A:P"}, {"Link": "https://access.redhat.com/security/cve/CVE-2015-0322", "Name": "CVE-2015-0322", "cvss2": "6.8/AV:N/AC:M/Au:N/C:P/I:P/A:P"}, {"Link": "https://access.redhat.com/security/cve/CVE-2015-0323", "Name": "CVE-2015-0323", "cvss2": "6.8/AV:N/AC:M/Au:N/C:P/I:P/A:P"}, {"Link": "https://access.redhat.com/security/cve/CVE-2015-0324", "Name": "CVE-2015-0324", "cvss2": "6.8/AV:N/AC:M/Au:N/C:P/I:P/A:P"}, {"Link": "https://access.redhat.com/security/cve/CVE-2015-0325", "Name": "CVE-2015-0325", "cvss2": "6.8/AV:N/AC:M/Au:N/C:P/I:P/A:P"}, {"Link": "https://access.redhat.com/security/cve/CVE-2015-0326", "Name": "CVE-2015-0326", "cvss2": "6.8/AV:N/AC:M/Au:N/C:P/I:P/A:P"}, {"Link": "https://access.redhat.com/security/cve/CVE-2015-0327", "Name": "CVE-2015-0327", "cvss2": "6.8/AV:N/AC:M/Au:N/C:P/I:P/A:P"}, {"Link": "https://access.redhat.com/security/cve/CVE-2015-0328", "Name": "CVE-2015-0328", "cvss2": "6.8/AV:N/AC:M/Au:N/C:P/I:P/A:P"}, {"Link": "https://access.redhat.com/security/cve/CVE-2015-0329", "Name": "CVE-2015-0329", "cvss2": "6.8/AV:N/AC:M/Au:N/C:P/I:P/A:P"}, {"Link": "https://access.redhat.com/security/cve/CVE-2015-0330", "Name": "CVE-2015-0330", "cvss2": "6.8/AV:N/AC:M/Au:N/C:P/I:P/A:P"}, {"Link": "https://access.redhat.com/security/cve/CVE-2015-0331", "Name": "CVE-2015-0331", "cvss2": "6.8/AV:N/AC:M/Au:N/C:P/I:P/A:P"}], "Issued": "2015-02-06", "RefId": "RHSA-2015:0140-01", "Updated": "2015-02-06"}, "Name": "RHSA-2015:0140", "NamespaceName": "centos:6", "Severity": "Critical"}}, {"Vulnerability": {"Description": "", "FixedIn": [], "Link": "https://rhn.redhat.com/errata/RHSA-2016-0701.html", "Metadata": {"CVE": [{"Link": "https://access.redhat.com/security/cve/CVE-2016-0264", "Name": "CVE-2016-0264", "cvss2": "5.1/AV:N/AC:H/Au:N/C:P/I:P/A:P"}, {"Link": "https://access.redhat.com/security/cve/CVE-2016-0363", "Name": "CVE-2016-0363", "cvss2": "6.8/AV:N/AC:M/Au:N/C:P/I:P/A:P"}, {"Link": "https://access.redhat.com/security/cve/CVE-2016-0376", "Name": "CVE-2016-0376", "cvss2": "6.8/AV:N/AC:M/Au:N/C:P/I:P/A:P"}, {"Link": "https://access.redhat.com/security/cve/CVE-2016-0686", "Name": "CVE-2016-0686", "cvss2": "6.8/AV:N/AC:M/Au:N/C:P/I:P/A:P"}, {"Link": "https://access.redhat.com/security/cve/CVE-2016-0687", "Name": "CVE-2016-0687", "cvss2": "6.8/AV:N/AC:M/Au:N/C:P/I:P/A:P"}, {"Link": "https://access.redhat.com/security/cve/CVE-2016-3422", "Name": "CVE-2016-3422", "cvss2": "4.3/AV:N/AC:M/Au:N/C:N/I:N/A:P"}, {"Link": "https://access.redhat.com/security/cve/CVE-2016-3426", "Name": "CVE-2016-3426", "cvss2": "2.6/AV:N/AC:H/Au:N/C:P/I:N/A:N"}, {"Link": "https://access.redhat.com/security/cve/CVE-2016-3427", "Name": "CVE-2016-3427", "cvss2": "6.8/AV:N/AC:M/Au:N/C:P/I:P/A:P"}, {"Link": "https://access.redhat.com/security/cve/CVE-2016-3443", "Name": "CVE-2016-3443", "cvss2": "6.8/AV:N/AC:M/Au:N/C:P/I:P/A:P"}, {"Link": "https://access.redhat.com/security/cve/CVE-2016-3449", "Name": "CVE-2016-3449", "cvss2": "5.1/AV:N/AC:H/Au:N/C:P/I:P/A:P"}], "Issued": "2016-04-29", "RefId": "RHSA-2016:0701-00", "Updated": "2016-04-29"}, "Name": "RHSA-2016:0701", "NamespaceName": "centos:6", "Severity": "Critical"}}, {"Vulnerability": {"Description": "", "FixedIn": [], "Link": "https://rhn.redhat.com/errata/RHSA-2014-1880.html", "Metadata": {"CVE": [{"Link": "https://access.redhat.com/security/cve/CVE-2014-3065", "Name": "CVE-2014-3065", "cvss2": "6.0/AV:L/AC:H/Au:S/C:C/I:C/A:C"}, {"Link": "https://access.redhat.com/security/cve/CVE-2014-3566", "Name": "CVE-2014-3566", "cvss2": "5/AV:N/AC:L/Au:N/C:P/I:N/A:N"}, {"Link": "https://access.redhat.com/security/cve/CVE-2014-4288", "Name": "CVE-2014-4288", "cvss2": "5.1/AV:N/AC:H/Au:N/C:P/I:P/A:P"}, {"Link": "https://access.redhat.com/security/cve/CVE-2014-6456", "Name": "CVE-2014-6456", "cvss2": "6.8/AV:N/AC:M/Au:N/C:P/I:P/A:P"}, {"Link": "https://access.redhat.com/security/cve/CVE-2014-6457", "Name": "CVE-2014-6457", "cvss2": "4.0/AV:N/AC:H/Au:N/C:P/I:P/A:N"}, {"Link": "https://access.redhat.com/security/cve/CVE-2014-6458", "Name": "CVE-2014-6458", "cvss2": "6.2/AV:L/AC:H/Au:N/C:C/I:C/A:C"}, {"Link": "https://access.redhat.com/security/cve/CVE-2014-6476", "Name": "CVE-2014-6476", "cvss2": "4.3/AV:N/AC:M/Au:N/C:N/I:P/A:N"}, {"Link": "https://access.redhat.com/security/cve/CVE-2014-6492", "Name": "CVE-2014-6492", "cvss2": "5.1/AV:N/AC:H/Au:N/C:P/I:P/A:P"}, {"Link": "https://access.redhat.com/security/cve/CVE-2014-6493", "Name": "CVE-2014-6493", "cvss2": "5.1/AV:N/AC:H/Au:N/C:P/I:P/A:P"}, {"Link": "https://access.redhat.com/security/cve/CVE-2014-6502", "Name": "CVE-2014-6502", "cvss2": "2.6/AV:N/AC:H/Au:N/C:N/I:P/A:N"}, {"Link": "https://access.redhat.com/security/cve/CVE-2014-6503", "Name": "CVE-2014-6503", "cvss2": "6.8/AV:N/AC:M/Au:N/C:P/I:P/A:P"}, {"Link": "https://access.redhat.com/security/cve/CVE-2014-6506", "Name": "CVE-2014-6506", "cvss2": "6.8/AV:N/AC:M/Au:N/C:P/I:P/A:P"}, {"Link": "https://access.redhat.com/security/cve/CVE-2014-6511", "Name": "CVE-2014-6511", "cvss2": "4.3/AV:N/AC:M/Au:N/C:P/I:N/A:N"}, {"Link": "https://access.redhat.com/security/cve/CVE-2014-6512", "Name": "CVE-2014-6512", "cvss2": "4.3/AV:N/AC:M/Au:N/C:N/I:P/A:N"}, {"Link": "https://access.redhat.com/security/cve/CVE-2014-6515", "Name": "CVE-2014-6515", "cvss2": "4.3/AV:N/AC:M/Au:N/C:N/I:P/A:N"}, {"Link": "https://access.redhat.com/security/cve/CVE-2014-6527", "Name": "CVE-2014-6527", "cvss2": "2.6/AV:N/AC:H/Au:N/C:N/I:P/A:N"}, {"Link": "https://access.redhat.com/security/cve/CVE-2014-6531", "Name": "CVE-2014-6531", "cvss2": "4.3/AV:N/AC:M/Au:N/C:P/I:N/A:N"}, {"Link": "https://access.redhat.com/security/cve/CVE-2014-6532", "Name": "CVE-2014-6532", "cvss2": "6.8/AV:N/AC:M/Au:N/C:P/I:P/A:P"}, {"Link": "https://access.redhat.com/security/cve/CVE-2014-6558", "Name": "CVE-2014-6558", "cvss2": "2.6/AV:N/AC:H/Au:N/C:N/I:P/A:N"}], "Issued": "2014-11-20", "RefId": "RHSA-2014:1880-00", "Updated": "2014-11-20"}, "Name": "RHSA-2014:1880", "NamespaceName": "centos:6", "Severity": "Critical"}}, {"Vulnerability": {"Description": "", "FixedIn": [], "Link": "https://rhn.redhat.com/errata/RHSA-2015-2697.html", "Metadata": {"CVE": [{"Link": "https://access.redhat.com/security/cve/CVE-2015-8459", "Name": "CVE-2015-8459", "cvss2": "6.8/AV:N/AC:M/Au:N/C:P/I:P/A:P"}, {"Link": "https://access.redhat.com/security/cve/CVE-2015-8460", "Name": "CVE-2015-8460", "cvss2": "6.8/AV:N/AC:M/Au:N/C:P/I:P/A:P"}, {"Link": "https://access.redhat.com/security/cve/CVE-2015-8634", "Name": "CVE-2015-8634", "cvss2": "6.8/AV:N/AC:M/Au:N/C:P/I:P/A:P"}, {"Link": "https://access.redhat.com/security/cve/CVE-2015-8635", "Name": "CVE-2015-8635", "cvss2": "6.8/AV:N/AC:M/Au:N/C:P/I:P/A:P"}, {"Link": "https://access.redhat.com/security/cve/CVE-2015-8636", "Name": "CVE-2015-8636", "cvss2": "6.8/AV:N/AC:M/Au:N/C:P/I:P/A:P"}, {"Link": "https://access.redhat.com/security/cve/CVE-2015-8638", "Name": "CVE-2015-8638", "cvss2": "6.8/AV:N/AC:M/Au:N/C:P/I:P/A:P"}, {"Link": "https://access.redhat.com/security/cve/CVE-2015-8639", "Name": "CVE-2015-8639", "cvss2": "6.8/AV:N/AC:M/Au:N/C:P/I:P/A:P"}, {"Link": "https://access.redhat.com/security/cve/CVE-2015-8640", "Name": "CVE-2015-8640", "cvss2": "6.8/AV:N/AC:M/Au:N/C:P/I:P/A:P"}, {"Link": "https://access.redhat.com/security/cve/CVE-2015-8641", "Name": "CVE-2015-8641", "cvss2": "6.8/AV:N/AC:M/Au:N/C:P/I:P/A:P"}, {"Link": "https://access.redhat.com/security/cve/CVE-2015-8642", "Name": "CVE-2015-8642", "cvss2": "6.8/AV:N/AC:M/Au:N/C:P/I:P/A:P"}, {"Link": "https://access.redhat.com/security/cve/CVE-2015-8643", "Name": "CVE-2015-8643", "cvss2": "6.8/AV:N/AC:M/Au:N/C:P/I:P/A:P"}, {"Link": "https://access.redhat.com/security/cve/CVE-2015-8644", "Name": "CVE-2015-8644", "cvss2": "6.8/AV:N/AC:M/Au:N/C:P/I:P/A:P"}, {"Link": "https://access.redhat.com/security/cve/CVE-2015-8645", "Name": "CVE-2015-8645", "cvss2": "6.8/AV:N/AC:M/Au:N/C:P/I:P/A:P"}, {"Link": "https://access.redhat.com/security/cve/CVE-2015-8646", "Name": "CVE-2015-8646", "cvss2": "6.8/AV:N/AC:M/Au:N/C:P/I:P/A:P"}, {"Link": "https://access.redhat.com/security/cve/CVE-2015-8647", "Name": "CVE-2015-8647", "cvss2": "6.8/AV:N/AC:M/Au:N/C:P/I:P/A:P"}, {"Link": "https://access.redhat.com/security/cve/CVE-2015-8648", "Name": "CVE-2015-8648", "cvss2": "6.8/AV:N/AC:M/Au:N/C:P/I:P/A:P"}, {"Link": "https://access.redhat.com/security/cve/CVE-2015-8649", "Name": "CVE-2015-8649", "cvss2": "6.8/AV:N/AC:M/Au:N/C:P/I:P/A:P"}, {"Link": "https://access.redhat.com/security/cve/CVE-2015-8650", "Name": "CVE-2015-8650", "cvss2": "6.8/AV:N/AC:M/Au:N/C:P/I:P/A:P"}, {"Link": "https://access.redhat.com/security/cve/CVE-2015-8651", "Name": "CVE-2015-8651", "cvss2": "6.8/AV:N/AC:M/Au:N/C:P/I:P/A:P"}], "Issued": "2015-12-29", "RefId": "RHSA-2015:2697-00", "Updated": "2015-12-29"}, "Name": "RHSA-2015:2697", "NamespaceName": "centos:6", "Severity": "Critical"}}, {"Vulnerability": {"Description": "", "FixedIn": [], "Link": "https://rhn.redhat.com/errata/RHSA-2012-1238.html", "Metadata": {"CVE": [{"Link": "https://www.redhat.com/security/data/cve/CVE-2012-0551.html", "Name": "CVE-2012-0551", "cvss2": "5.8/AV:N/AC:M/Au:N/C:P/I:N/A:P"}, {"Link": "https://www.redhat.com/security/data/cve/CVE-2012-1713.html", "Name": "CVE-2012-1713", "cvss2": "6.8/AV:N/AC:M/Au:N/C:P/I:P/A:P"}, {"Link": "https://www.redhat.com/security/data/cve/CVE-2012-1716.html", "Name": "CVE-2012-1716", "cvss2": "6.8/AV:N/AC:M/Au:N/C:P/I:P/A:P"}, {"Link": "https://www.redhat.com/security/data/cve/CVE-2012-1717.html", "Name": "CVE-2012-1717", "cvss2": "1.9/AV:L/AC:M/Au:N/C:P/I:N/A:N"}, {"Link": "https://www.redhat.com/security/data/cve/CVE-2012-1718.html", "Name": "CVE-2012-1718", "cvss2": "5/AV:N/AC:L/Au:N/C:N/I:N/A:P"}, {"Link": "https://www.redhat.com/security/data/cve/CVE-2012-1719.html", "Name": "CVE-2012-1719", "cvss2": "4.3/AV:N/AC:M/Au:N/C:N/I:P/A:N"}, {"Link": "https://www.redhat.com/security/data/cve/CVE-2012-1721.html", "Name": "CVE-2012-1721", "cvss2": "6.8/AV:N/AC:M/Au:N/C:P/I:P/A:P"}, {"Link": "https://www.redhat.com/security/data/cve/CVE-2012-1722.html", "Name": "CVE-2012-1722", "cvss2": "6.8/AV:N/AC:M/Au:N/C:P/I:P/A:P"}, {"Link": "https://www.redhat.com/security/data/cve/CVE-2012-1725.html", "Name": "CVE-2012-1725", "cvss2": "6.8/AV:N/AC:M/Au:N/C:P/I:P/A:P"}], "Issued": "2012-09-06", "RefId": "RHSA-2012:1238-01", "Updated": "2012-09-06"}, "Name": "RHSA-2012:1238", "NamespaceName": "centos:6", "Severity": "Critical"}}, {"Vulnerability": {"Description": "", "FixedIn": [], "Link": "https://rhn.redhat.com/errata/RHSA-2013-0822.html", "Metadata": {"CVE": [{"Link": "https://www.redhat.com/security/data/cve/CVE-2013-0169.html", "Name": "CVE-2013-0169", "cvss2": "5.1/AV:N/AC:H/Au:N/C:P/I:P/A:P"}, {"Link": "https://www.redhat.com/security/data/cve/CVE-2013-0401.html", "Name": "CVE-2013-0401", "cvss2": "6.8/AV:N/AC:M/Au:N/C:P/I:P/A:P"}, {"Link": "https://www.redhat.com/security/data/cve/CVE-2013-1488.html", "Name": "CVE-2013-1488", "cvss2": "6.8/AV:N/AC:M/Au:N/C:P/I:P/A:P"}, {"Link": "https://www.redhat.com/security/data/cve/CVE-2013-1491.html", "Name": "CVE-2013-1491", "cvss2": "6.8/AV:N/AC:M/Au:N/C:P/I:P/A:P"}, {"Link": "https://www.redhat.com/security/data/cve/CVE-2013-1537.html", "Name": "CVE-2013-1537", "cvss2": "6.8/AV:N/AC:M/Au:N/C:P/I:P/A:P"}, {"Link": "https://www.redhat.com/security/data/cve/CVE-2013-1540.html", "Name": "CVE-2013-1540", "cvss2": "4.3/AV:N/AC:M/Au:N/C:N/I:P/A:N"}, {"Link": "https://www.redhat.com/security/data/cve/CVE-2013-1557.html", "Name": "CVE-2013-1557", "cvss2": "6.8/AV:N/AC:M/Au:N/C:P/I:P/A:P"}, {"Link": "https://www.redhat.com/security/data/cve/CVE-2013-1558.html", "Name": "CVE-2013-1558", "cvss2": "6.8/AV:N/AC:M/Au:N/C:P/I:P/A:P"}, {"Link": "https://www.redhat.com/security/data/cve/CVE-2013-1563.html", "Name": "CVE-2013-1563", "cvss2": "5.1/AV:N/AC:H/Au:N/C:P/I:P/A:P"}, {"Link": "https://www.redhat.com/security/data/cve/CVE-2013-1569.html", "Name": "CVE-2013-1569", "cvss2": "6.8/AV:N/AC:M/Au:N/C:P/I:P/A:P"}, {"Link": "https://www.redhat.com/security/data/cve/CVE-2013-2383.html", "Name": "CVE-2013-2383", "cvss2": "6.8/AV:N/AC:M/Au:N/C:P/I:P/A:P"}, {"Link": "https://www.redhat.com/security/data/cve/CVE-2013-2384.html", "Name": "CVE-2013-2384", "cvss2": "6.8/AV:N/AC:M/Au:N/C:P/I:P/A:P"}, {"Link": "https://www.redhat.com/security/data/cve/CVE-2013-2394.html", "Name": "CVE-2013-2394", "cvss2": "5.1/AV:N/AC:H/Au:N/C:P/I:P/A:P"}, {"Link": "https://www.redhat.com/security/data/cve/CVE-2013-2415.html", "Name": "CVE-2013-2415", "cvss2": "1.9/AV:L/AC:M/Au:N/C:P/I:N/A:N"}, {"Link": "https://www.redhat.com/security/data/cve/CVE-2013-2416.html", "Name": "CVE-2013-2416", "cvss2": "4.3/AV:N/AC:M/Au:N/C:N/I:P/A:N"}, {"Link": "https://www.redhat.com/security/data/cve/CVE-2013-2417.html", "Name": "CVE-2013-2417", "cvss2": "4.3/AV:N/AC:M/Au:N/C:N/I:N/A:P"}, {"Link": "https://www.redhat.com/security/data/cve/CVE-2013-2418.html", "Name": "CVE-2013-2418", "cvss2": "4.6/AV:L/AC:L/Au:N/C:P/I:P/A:P"}, {"Link": "https://www.redhat.com/security/data/cve/CVE-2013-2419.html", "Name": "CVE-2013-2419", "cvss2": "4.3/AV:N/AC:M/Au:N/C:N/I:N/A:P"}, {"Link": "https://www.redhat.com/security/data/cve/CVE-2013-2420.html", "Name": "CVE-2013-2420", "cvss2": "6.8/AV:N/AC:M/Au:N/C:P/I:P/A:P"}, {"Link": "https://www.redhat.com/security/data/cve/CVE-2013-2422.html", "Name": "CVE-2013-2422", "cvss2": "6.8/AV:N/AC:M/Au:N/C:P/I:P/A:P"}, {"Link": "https://www.redhat.com/security/data/cve/CVE-2013-2423.html", "Name": "CVE-2013-2423", "cvss2": "4.3/AV:N/AC:M/Au:N/C:N/I:P/A:N"}, {"Link": "https://www.redhat.com/security/data/cve/CVE-2013-2424.html", "Name": "CVE-2013-2424", "cvss2": "4.3/AV:N/AC:M/Au:N/C:P/I:N/A:N"}, {"Link": "https://www.redhat.com/security/data/cve/CVE-2013-2426.html", "Name": "CVE-2013-2426", "cvss2": "6.8/AV:N/AC:M/Au:N/C:P/I:P/A:P"}, {"Link": "https://www.redhat.com/security/data/cve/CVE-2013-2429.html", "Name": "CVE-2013-2429", "cvss2": "5.1/AV:N/AC:H/Au:N/C:P/I:P/A:P"}, {"Link": "https://www.redhat.com/security/data/cve/CVE-2013-2430.html", "Name": "CVE-2013-2430", "cvss2": "5.1/AV:N/AC:H/Au:N/C:P/I:P/A:P"}, {"Link": "https://www.redhat.com/security/data/cve/CVE-2013-2432.html", "Name": "CVE-2013-2432", "cvss2": "6.8/AV:N/AC:M/Au:N/C:P/I:P/A:P"}, {"Link": "https://www.redhat.com/security/data/cve/CVE-2013-2433.html", "Name": "CVE-2013-2433", "cvss2": "4.3/AV:N/AC:M/Au:N/C:N/I:P/A:N"}, {"Link": "https://www.redhat.com/security/data/cve/CVE-2013-2434.html", "Name": "CVE-2013-2434", "cvss2": "6.8/AV:N/AC:M/Au:N/C:P/I:P/A:P"}, {"Link": "https://www.redhat.com/security/data/cve/CVE-2013-2435.html", "Name": "CVE-2013-2435", "cvss2": "6.8/AV:N/AC:M/Au:N/C:P/I:P/A:P"}, {"Link": "https://www.redhat.com/security/data/cve/CVE-2013-2436.html", "Name": "CVE-2013-2436", "cvss2": "6.8/AV:N/AC:M/Au:N/C:P/I:P/A:P"}, {"Link": "https://www.redhat.com/security/data/cve/CVE-2013-2438.html", "Name": "CVE-2013-2438", "cvss2": "6.8/AV:N/AC:M/Au:N/C:P/I:P/A:P"}, {"Link": "https://www.redhat.com/security/data/cve/CVE-2013-2440.html", "Name": "CVE-2013-2440", "cvss2": "6.8/AV:N/AC:M/Au:N/C:P/I:P/A:P"}], "Issued": "2013-05-14", "RefId": "RHSA-2013:0822-01", "Updated": "2013-05-14"}, "Name": "RHSA-2013:0822", "NamespaceName": "centos:6", "Severity": "Critical"}}, {"Vulnerability": {"Description": "", "FixedIn": [], "Link": "https://rhn.redhat.com/errata/RHSA-2015-1893.html", "Metadata": {"CVE": [{"Link": "https://access.redhat.com/security/cve/CVE-2015-5569", "Name": "CVE-2015-5569", "cvss2": "4.3/AV:N/AC:M/Au:N/C:P/I:N/A:N"}, {"Link": "https://access.redhat.com/security/cve/CVE-2015-7625", "Name": "CVE-2015-7625", "cvss2": "6.8/AV:N/AC:M/Au:N/C:P/I:P/A:P"}, {"Link": "https://access.redhat.com/security/cve/CVE-2015-7626", "Name": "CVE-2015-7626", "cvss2": "6.8/AV:N/AC:M/Au:N/C:P/I:P/A:P"}, {"Link": "https://access.redhat.com/security/cve/CVE-2015-7627", "Name": "CVE-2015-7627", "cvss2": "6.8/AV:N/AC:M/Au:N/C:P/I:P/A:P"}, {"Link": "https://access.redhat.com/security/cve/CVE-2015-7628", "Name": "CVE-2015-7628", "cvss2": "4.3/AV:N/AC:M/Au:N/C:P/I:N/A:N"}, {"Link": "https://access.redhat.com/security/cve/CVE-2015-7629", "Name": "CVE-2015-7629", "cvss2": "6.8/AV:N/AC:M/Au:N/C:P/I:P/A:P"}, {"Link": "https://access.redhat.com/security/cve/CVE-2015-7630", "Name": "CVE-2015-7630", "cvss2": "6.8/AV:N/AC:M/Au:N/C:P/I:P/A:P"}, {"Link": "https://access.redhat.com/security/cve/CVE-2015-7631", "Name": "CVE-2015-7631", "cvss2": "6.8/AV:N/AC:M/Au:N/C:P/I:P/A:P"}, {"Link": "https://access.redhat.com/security/cve/CVE-2015-7632", "Name": "CVE-2015-7632", "cvss2": "6.8/AV:N/AC:M/Au:N/C:P/I:P/A:P"}, {"Link": "https://access.redhat.com/security/cve/CVE-2015-7633", "Name": "CVE-2015-7633", "cvss2": "6.8/AV:N/AC:M/Au:N/C:P/I:P/A:P"}, {"Link": "https://access.redhat.com/security/cve/CVE-2015-7634", "Name": "CVE-2015-7634", "cvss2": "6.8/AV:N/AC:M/Au:N/C:P/I:P/A:P"}, {"Link": "https://access.redhat.com/security/cve/CVE-2015-7635", "Name": "CVE-2015-7635", "cvss2": "6.8/AV:N/AC:M/Au:N/C:P/I:P/A:P"}, {"Link": "https://access.redhat.com/security/cve/CVE-2015-7636", "Name": "CVE-2015-7636", "cvss2": "6.8/AV:N/AC:M/Au:N/C:P/I:P/A:P"}, {"Link": "https://access.redhat.com/security/cve/CVE-2015-7637", "Name": "CVE-2015-7637", "cvss2": "6.8/AV:N/AC:M/Au:N/C:P/I:P/A:P"}, {"Link": "https://access.redhat.com/security/cve/CVE-2015-7638", "Name": "CVE-2015-7638", "cvss2": "6.8/AV:N/AC:M/Au:N/C:P/I:P/A:P"}, {"Link": "https://access.redhat.com/security/cve/CVE-2015-7639", "Name": "CVE-2015-7639", "cvss2": "6.8/AV:N/AC:M/Au:N/C:P/I:P/A:P"}, {"Link": "https://access.redhat.com/security/cve/CVE-2015-7640", "Name": "CVE-2015-7640", "cvss2": "6.8/AV:N/AC:M/Au:N/C:P/I:P/A:P"}, {"Link": "https://access.redhat.com/security/cve/CVE-2015-7641", "Name": "CVE-2015-7641", "cvss2": "6.8/AV:N/AC:M/Au:N/C:P/I:P/A:P"}, {"Link": "https://access.redhat.com/security/cve/CVE-2015-7642", "Name": "CVE-2015-7642", "cvss2": "6.8/AV:N/AC:M/Au:N/C:P/I:P/A:P"}, {"Link": "https://access.redhat.com/security/cve/CVE-2015-7643", "Name": "CVE-2015-7643", "cvss2": "6.8/AV:N/AC:M/Au:N/C:P/I:P/A:P"}, {"Link": "https://access.redhat.com/security/cve/CVE-2015-7644", "Name": "CVE-2015-7644", "cvss2": "6.8/AV:N/AC:M/Au:N/C:P/I:P/A:P"}], "Issued": "2015-10-15", "RefId": "RHSA-2015:1893-01", "Updated": "2015-10-15"}, "Name": "RHSA-2015:1893", "NamespaceName": "centos:6", "Severity": "Critical"}}], "next_token": ""}