{"data": [{"Vulnerability": {"Description": "", "FixedIn": [], "Link": "https://security-tracker.debian.org/tracker/CVE-2013-0764", "Metadata": {"NVD": {"CVSSv2": {"Score": 9.3, "Vectors": "AV:N/AC:M/Au:N/C:C/I:C"}}}, "Name": "CVE-2013-0764", "NamespaceName": "debian:9", "Severity": "Negligible"}}, {"Vulnerability": {"Description": "", "FixedIn": [], "Link": "https://security-tracker.debian.org/tracker/CVE-2013-0765", "Metadata": {"NVD": {"CVSSv2": {"Score": 5.0, "Vectors": "AV:N/AC:L/Au:N/C:N/I:P"}}}, "Name": "CVE-2013-0765", "NamespaceName": "debian:9", "Severity": "Negligible"}}, {"Vulnerability": {"Description": "", "FixedIn": [], "Link": "https://security-tracker.debian.org/tracker/CVE-2013-0763", "Metadata": {"NVD": {"CVSSv2": {"Score": 10.0, "Vectors": "AV:N/AC:L/Au:N/C:C/I:C"}}}, "Name": "CVE-2013-0763", "NamespaceName": "debian:9", "Severity": "Negligible"}}, {"Vulnerability": {"Description": "", "FixedIn": [], "Link": "https://security-tracker.debian.org/tracker/CVE-2013-0768", "Metadata": {"NVD": {"CVSSv2": {"Score": 10.0, "Vectors": "AV:N/AC:L/Au:N/C:C/I:C"}}}, "Name": "CVE-2013-0768", "NamespaceName": "debian:9", "Severity": "Negligible"}}, {"Vulnerability": {"Description": "", "FixedIn": [], "Link": "https://security-tracker.debian.org/tracker/CVE-2014-1478", "Metadata": {"NVD": {"CVSSv2": {"Score": 10.0, "Vectors": "AV:N/AC:L/Au:N/C:C/I:C"}}}, "Name": "CVE-2014-1478", "NamespaceName": "debian:9", "Severity": "Negligible"}}, {"Vulnerability": {"Description": "", "FixedIn": [], "Link": "https://security-tracker.debian.org/tracker/CVE-2013-5610", "Metadata": {"NVD": {"CVSSv2": {"Score": 10.0, "Vectors": "AV:N/AC:L/Au:N/C:C/I:C"}}}, "Name": "CVE-2013-5610", "NamespaceName": "debian:9", "Severity": "Negligible"}}, {"Vulnerability": {"Description": "", "FixedIn": [], "Link": "https://security-tracker.debian.org/tracker/CVE-2013-0760", "Metadata": {"NVD": {"CVSSv2": {"Score": 9.3, "Vectors": "AV:N/AC:M/Au:N/C:C/I:C"}}}, "Name": "CVE-2013-0760", "NamespaceName": "debian:9", "Severity": "Negligible"}}, {"Vulnerability": {"Description": "", "FixedIn": [], "Link": "https://security-tracker.debian.org/tracker/CVE-2013-0761", "Metadata": {"NVD": {"CVSSv2": {"Score": 10.0, "Vectors": "AV:N/AC:L/Au:N/C:C/I:C"}}}, "Name": "CVE-2013-0761", "NamespaceName": "debian:9", "Severity": "Negligible"}}, {"Vulnerability": {"Description": "", "FixedIn": [], "Link": "https://security-tracker.debian.org/tracker/CVE-2006-6500", "Metadata": {"NVD": {"CVSSv2": {"Score": 6.8, "Vectors": "AV:N/AC:M/Au:N/C:P/I:P"}}}, "Name": "CVE-2006-6500", "NamespaceName": "debian:9", "Severity": "Negligible"}}, {"Vulnerability": {"Description": "", "FixedIn": [], "Link": "https://security-tracker.debian.org/tracker/CVE-2011-2996", "Metadata": {"NVD": {"CVSSv2": {"Score": 10.0, "Vectors": "AV:N/AC:L/Au:N/C:C/I:C"}}}, "Name": "CVE-2011-2996", "NamespaceName": "debian:9", "Severity": "Negligible"}}], "next_token": ""}