{"data": [{"Vulnerability": {"CVSS": [{"base_metrics": {"base_score": 5.4, "base_severity": "Medium", "exploitability_score": 2.8, "impact_score": 2.5}, "status": "draft", "vector_string": "CVSS:3.0/AV:N/AC:L/PR:N/UI:R/S:U/C:L/I:N/A:L", "version": "3.0"}], "Description": "GnuPG version 2.1.12 - 2.2.11 contains a Cross ite Request Forgery (CSRF) vulnerability in dirmngr that can result in Attacker controlled CSRF, Information Disclosure, DoS. This attack appear to be exploitable via Victim must perform a WKD request, e.g. enter an email address in the composer window of Thunderbird/Enigmail. This vulnerability appears to have been fixed in after commit 4a4bb874f63741026bd26264c43bb32b1099f060.", "FixedIn": [{"Name": "gnupg2", "NamespaceName": "rhel:8", "VendorAdvisory": {"NoAdvisory": true}, "Version": "None", "VersionFormat": "rpm"}], "Link": "https://access.redhat.com/security/cve/CVE-2018-1000858", "Metadata": {}, "Name": "CVE-2018-1000858", "NamespaceName": "rhel:8", "Severity": "Medium"}}, {"Vulnerability": {"CVSS": [{"base_metrics": {"base_score": 7.3, "base_severity": "High", "exploitability_score": 1.3, "impact_score": 5.9}, "status": "draft", "vector_string": "CVSS:3.0/AV:L/AC:L/PR:L/UI:R/S:U/C:H/I:H/A:H", "version": "3.0"}], "Description": "In Netwide Assembler (NASM) 2.14.02, there is a use-after-free in paste_tokens in asm/preproc.c.", "FixedIn": [{"Name": "nasm", "NamespaceName": "rhel:8", "VendorAdvisory": {"NoAdvisory": true}, "Version": "None", "VersionFormat": "rpm"}], "Link": "https://access.redhat.com/security/cve/CVE-2019-8343", "Metadata": {}, "Name": "CVE-2019-8343", "NamespaceName": "rhel:8", "Severity": "Low"}}, {"Vulnerability": {"CVSS": [{"base_metrics": {"base_score": 5.0, "base_severity": "Medium", "exploitability_score": 1.6, "impact_score": 3.4}, "status": "draft", "vector_string": "CVSS:3.0/AV:N/AC:H/PR:N/UI:R/S:U/C:L/I:L/A:L", "version": "3.0"}], "Description": "It was found that the Git client printed server-sent ANSI escape codes to the terminal without any sanitization, leading to execution of arbitrary escape sequences in the terminal emulator. Exploitation of this flaw by a MitM attacker could potentially result in code execution, arbitrary file writes, or other attacks under highly specific circumstances dependent on the usage of a vulnerable terminal emulator by the user.", "FixedIn": [{"Name": "git", "NamespaceName": "rhel:8", "VendorAdvisory": {"NoAdvisory": true}, "Version": "None", "VersionFormat": "rpm"}], "Link": "https://access.redhat.com/security/cve/CVE-2018-1000021", "Metadata": {}, "Name": "CVE-2018-1000021", "NamespaceName": "rhel:8", "Severity": "Medium"}}, {"Vulnerability": {"CVSS": [{"base_metrics": {"base_score": 3.3, "base_severity": "Low", "exploitability_score": 1.8, "impact_score": 1.4}, "status": "draft", "vector_string": "CVSS:3.0/AV:L/AC:L/PR:N/UI:R/S:U/C:N/I:N/A:L", "version": "3.0"}], "Description": "In ImageMagick 7.0.7-16 Q16 x86_64 2017-12-21, there is a heap-based buffer over-read in ReadOneMNGImage in coders/png.c, related to length calculation and caused by an off-by-one error.", "FixedIn": [{"Name": "ImageMagick", "NamespaceName": "rhel:8", "VendorAdvisory": {"NoAdvisory": true}, "Version": "None", "VersionFormat": "rpm"}], "Link": "https://access.redhat.com/security/cve/CVE-2017-17879", "Metadata": {}, "Name": "CVE-2017-17879", "NamespaceName": "rhel:8", "Severity": "Low"}}, {"Vulnerability": {"CVSS": [{"base_metrics": {"base_score": 4.3, "base_severity": "Medium", "exploitability_score": 2.8, "impact_score": 1.4}, "status": "draft", "vector_string": "CVSS:3.0/AV:N/AC:L/PR:N/UI:R/S:U/C:N/I:N/A:L", "version": "3.0"}], "Description": "An issue was discovered in FreeXL before 1.0.5. There is a heap-based buffer over-read in the parse_unicode_string function.", "FixedIn": [{"Name": "freexl", "NamespaceName": "rhel:8", "VendorAdvisory": {"NoAdvisory": true}, "Version": "None", "VersionFormat": "rpm"}], "Link": "https://access.redhat.com/security/cve/CVE-2018-7438", "Metadata": {}, "Name": "CVE-2018-7438", "NamespaceName": "rhel:8", "Severity": "Low"}}, {"Vulnerability": {"CVSS": [{"base_metrics": {"base_score": 0.0, "base_severity": "None", "exploitability_score": 1.8, "impact_score": 0.0}, "status": "draft", "vector_string": "CVSS:3.0/AV:L/AC:L/PR:N/UI:R/S:U/C:N/I:N/A:N", "version": "3.0"}], "Description": "The TIFFFdOpen function in tif_unix.c in LibTIFF 4.0.10 has a memory leak, as demonstrated by pal2rgb.", "FixedIn": [{"Name": "libtiff", "NamespaceName": "rhel:8", "VendorAdvisory": {"NoAdvisory": true}, "Version": "None", "VersionFormat": "rpm"}, {"Name": "mingw-libtiff", "NamespaceName": "rhel:8", "VendorAdvisory": {"NoAdvisory": true}, "Version": "None", "VersionFormat": "rpm"}], "Link": "https://access.redhat.com/security/cve/CVE-2019-6128", "Metadata": {}, "Name": "CVE-2019-6128", "NamespaceName": "rhel:8", "Severity": "Low"}}, {"Vulnerability": {"CVSS": [{"base_metrics": {"base_score": 5.3, "base_severity": "Medium", "exploitability_score": 1.8, "impact_score": 3.4}, "status": "draft", "vector_string": "CVSS:3.0/AV:L/AC:L/PR:N/UI:R/S:U/C:L/I:L/A:L", "version": "3.0"}], "Description": "MCPP 2.7.2 has a heap-based buffer overflow in the do_msg() function in support.c.", "FixedIn": [{"Name": "mcpp", "NamespaceName": "rhel:8", "VendorAdvisory": {"NoAdvisory": true}, "Version": "None", "VersionFormat": "rpm"}], "Link": "https://access.redhat.com/security/cve/CVE-2019-14274", "Metadata": {}, "Name": "CVE-2019-14274", "NamespaceName": "rhel:8", "Severity": "Medium"}}, {"Vulnerability": {"CVSS": [{"base_metrics": {"base_score": 5.5, "base_severity": "Medium", "exploitability_score": 1.8, "impact_score": 3.6}, "status": "draft", "vector_string": "CVSS:3.0/AV:L/AC:L/PR:N/UI:R/S:U/C:N/I:N/A:H", "version": "3.0"}], "Description": "remember_Ktype in cplus-dem.c in GNU libiberty, as distributed in GNU Binutils 2.30, allows attackers to trigger excessive memory consumption (aka OOM). This can occur during execution of cxxfilt.", "FixedIn": [{"Name": "binutils", "NamespaceName": "rhel:8", "VendorAdvisory": {"NoAdvisory": true}, "Version": "None", "VersionFormat": "rpm"}, {"Name": "mingw-binutils", "NamespaceName": "rhel:8", "VendorAdvisory": {"NoAdvisory": true}, "Version": "None", "VersionFormat": "rpm"}], "Link": "https://access.redhat.com/security/cve/CVE-2018-12934", "Metadata": {}, "Name": "CVE-2018-12934", "NamespaceName": "rhel:8", "Severity": "Low"}}, {"Vulnerability": {"CVSS": [{"base_metrics": {"base_score": 2.5, "base_severity": "Low", "exploitability_score": 1.0, "impact_score": 1.4}, "status": "draft", "vector_string": "CVSS:3.0/AV:L/AC:H/PR:L/UI:N/S:U/C:L/I:N/A:N", "version": "3.0"}], "Description": "In the Linux kernel, through 4.15.4, the floppy driver reveals the addresses of kernel functions and global variables using printk calls within the function show_floppy in drivers/block/floppy.c. An attacker can read this information from dmesg and use the addresses to find the locations of kernel code and data and bypass kernel security protections such as KASLR.", "FixedIn": [{"Name": "kernel", "NamespaceName": "rhel:8", "VendorAdvisory": {"NoAdvisory": true}, "Version": "None", "VersionFormat": "rpm"}], "Link": "https://access.redhat.com/security/cve/CVE-2018-7273", "Metadata": {}, "Name": "CVE-2018-7273", "NamespaceName": "rhel:8", "Severity": "Low"}}, {"Vulnerability": {"CVSS": [{"base_metrics": {"base_score": 3.3, "base_severity": "Low", "exploitability_score": 1.8, "impact_score": 1.4}, "status": "verified", "vector_string": "CVSS:3.0/AV:L/AC:L/PR:N/UI:R/S:U/C:L/I:N/A:N", "version": "3.0"}], "Description": "When using the gdImageCreateFromXbm() function in the GD Graphics Library (aka LibGD) 2.2.5, as used in the PHP GD extension in PHP versions 7.1.x below 7.1.30, 7.2.x below 7.2.19 and 7.3.x below 7.3.6, it is possible to supply data that will cause the function to use the value of uninitialized variable. This may lead to disclosing contents of the stack that has been left there by previous code.", "FixedIn": [{"Name": "gd", "NamespaceName": "rhel:8", "VendorAdvisory": {"NoAdvisory": true}, "Version": "None", "VersionFormat": "rpm"}], "Link": "https://access.redhat.com/security/cve/CVE-2019-11038", "Metadata": {}, "Name": "CVE-2019-11038", "NamespaceName": "rhel:8", "Severity": "Low"}}], "next_token": ""}