{"data": [{"Vulnerability": {"CVSS": [{"base_metrics": {"base_score": 5.3, "base_severity": "Medium", "exploitability_score": 3.9, "impact_score": 1.4}, "status": "verified", "vector_string": "CVSS:3.0/AV:N/AC:L/PR:N/UI:N/S:U/C:N/I:N/A:L", "version": "3.0"}], "Description": "It was discovered that the Datagram TLS (DTLS) implementation could fail to release memory in certain cases. A malicious DTLS client could cause a DTLS server using OpenSSL to consume an excessive amount of memory and, possibly, exit unexpectedly after exhausting all available memory.", "FixedIn": [{"Name": "openssl", "NamespaceName": "rhel:5", "VendorAdvisory": {"NoAdvisory": true}, "Version": "None", "VersionFormat": "rpm"}], "Link": "https://access.redhat.com/security/cve/CVE-2016-2179", "Metadata": {}, "Name": "CVE-2016-2179", "NamespaceName": "rhel:5", "Severity": "Medium"}}, {"Vulnerability": {"CVSS": [], "Description": "The SpliceImage function in MagickCore/transform.c in ImageMagick before 6.9.2-4 allows remote attackers to cause a denial of service (application crash) via a crafted png file.", "FixedIn": [{"Name": "ImageMagick", "NamespaceName": "rhel:5", "VendorAdvisory": {"NoAdvisory": true}, "Version": "None", "VersionFormat": "rpm"}], "Link": "https://access.redhat.com/security/cve/CVE-2015-8897", "Metadata": {}, "Name": "CVE-2015-8897", "NamespaceName": "rhel:5", "Severity": "Low"}}, {"Vulnerability": {"CVSS": [], "Description": "Unspecified vulnerability in Adobe Reader and Acrobat 9.x before 9.4, and 8.x before 8.2.5 on Windows and Mac OS X, allows attackers to execute arbitrary code via unknown vectors.", "FixedIn": [{"Name": "acroread", "NamespaceName": "rhel:5", "VendorAdvisory": {"AdvisorySummary": [], "NoAdvisory": false}, "Version": "None", "VersionFormat": "rpm"}], "Link": "https://access.redhat.com/security/cve/CVE-2010-3627", "Metadata": {}, "Name": "CVE-2010-3627", "NamespaceName": "rhel:5", "Severity": "Critical"}}, {"Vulnerability": {"CVSS": [{"base_metrics": {"base_score": 6.5, "base_severity": "Medium", "exploitability_score": 2.8, "impact_score": 3.6}, "status": "verified", "vector_string": "CVSS:3.0/AV:N/AC:L/PR:N/UI:R/S:U/C:N/I:N/A:H", "version": "3.0"}], "Description": "Multiple out of bounds read and integer overflow vulnerabilities were found in tcpdump affecting the decoding of various protocols. An attacker could create a crafted pcap file or send specially crafted packets to the network segment where tcpdump is running in live capture mode (without -w) which could cause it to display incorrect data, crash or enter an infinite loop.", "FixedIn": [{"Name": "tcpdump", "NamespaceName": "rhel:5", "VendorAdvisory": {"NoAdvisory": true}, "Version": "None", "VersionFormat": "rpm"}], "Link": "https://access.redhat.com/security/cve/CVE-2016-7940", "Metadata": {}, "Name": "CVE-2016-7940", "NamespaceName": "rhel:5", "Severity": "Medium"}}, {"Vulnerability": {"CVSS": [], "Description": "Unspecified vulnerability in Adobe Flash Player 21.0.0.242 and earlier, as used in the Adobe Flash libraries in Microsoft Internet Explorer 10 and 11 and Microsoft Edge, has unknown impact and attack vectors, a different vulnerability than other CVEs listed in MS16-083.", "FixedIn": [{"Name": "flash-plugin", "NamespaceName": "rhel:5", "VendorAdvisory": {"AdvisorySummary": [], "NoAdvisory": false}, "Version": "None", "VersionFormat": "rpm"}], "Link": "https://access.redhat.com/security/cve/CVE-2016-4122", "Metadata": {}, "Name": "CVE-2016-4122", "NamespaceName": "rhel:5", "Severity": "Critical"}}, {"Vulnerability": {"CVSS": [], "Description": "It was found that the PHP WSDL extension used a file with a predictable name in a world readable directory as a cache. A local attacker could use this flaw to poison the cache using a specially crafted temporary file.", "FixedIn": [{"Name": "php", "NamespaceName": "rhel:5", "VendorAdvisory": {"NoAdvisory": true}, "Version": "None", "VersionFormat": "rpm"}, {"Name": "php53", "NamespaceName": "rhel:5", "VendorAdvisory": {"NoAdvisory": true}, "Version": "None", "VersionFormat": "rpm"}], "Link": "https://access.redhat.com/security/cve/CVE-2013-6501", "Metadata": {}, "Name": "CVE-2013-6501", "NamespaceName": "rhel:5", "Severity": "Low"}}, {"Vulnerability": {"CVSS": [], "Description": "Adobe Flash Player before 13.0.0.244 and 14.x and 15.x before 15.0.0.152 on Windows and OS X and before 11.2.202.406 on Linux, Adobe AIR before 15.0.0.249 on Windows and OS X and before 15.0.0.252 on Android, Adobe AIR SDK before 15.0.0.249, and Adobe AIR SDK & Compiler before 15.0.0.249 allow attackers to execute arbitrary code or cause a denial of service (memory corruption) via unspecified vectors, a different vulnerability than CVE-2014-0549, CVE-2014-0550, CVE-2014-0551, CVE-2014-0552, and CVE-2014-0555.", "FixedIn": [{"Name": "flash-plugin", "NamespaceName": "rhel:5", "VendorAdvisory": {"AdvisorySummary": [], "NoAdvisory": false}, "Version": "None", "VersionFormat": "rpm"}], "Link": "https://access.redhat.com/security/cve/CVE-2014-0547", "Metadata": {}, "Name": "CVE-2014-0547", "NamespaceName": "rhel:5", "Severity": "Critical"}}, {"Vulnerability": {"CVSS": [{"base_metrics": {"base_score": 4.3, "base_severity": "Medium", "exploitability_score": 2.8, "impact_score": 1.4}, "status": "verified", "vector_string": "CVSS:3.0/AV:N/AC:L/PR:N/UI:R/S:U/C:N/I:N/A:L", "version": "3.0"}], "Description": "An invalid memory read access flaw was found in GStreamer's FLC/FLI/FLX media file format decoding plug-in. A remote attacker could use this flaw to cause an application using GStreamer to crash.", "FixedIn": [{"Name": "gstreamer-plugins-good", "NamespaceName": "rhel:5", "VendorAdvisory": {"NoAdvisory": true}, "Version": "None", "VersionFormat": "rpm"}], "Link": "https://access.redhat.com/security/cve/CVE-2016-9807", "Metadata": {}, "Name": "CVE-2016-9807", "NamespaceName": "rhel:5", "Severity": "Low"}}, {"Vulnerability": {"CVSS": [{"base_metrics": {"base_score": 3.3, "base_severity": "Low", "exploitability_score": 1.8, "impact_score": 1.4}, "status": "draft", "vector_string": "CVSS:3.0/AV:L/AC:L/PR:N/UI:R/S:U/C:N/I:N/A:L", "version": "3.0"}], "Description": "ImageMagick 7.0.6-6 has a memory leak in ReadMATImage in coders/mat.c.", "FixedIn": [{"Name": "ImageMagick", "NamespaceName": "rhel:5", "VendorAdvisory": {"NoAdvisory": true}, "Version": "None", "VersionFormat": "rpm"}], "Link": "https://access.redhat.com/security/cve/CVE-2017-14533", "Metadata": {}, "Name": "CVE-2017-14533", "NamespaceName": "rhel:5", "Severity": "Low"}}, {"Vulnerability": {"CVSS": [{"base_metrics": {"base_score": 6.5, "base_severity": "Medium", "exploitability_score": 2.8, "impact_score": 3.6}, "status": "verified", "vector_string": "CVSS:3.0/AV:N/AC:L/PR:N/UI:R/S:U/C:N/I:N/A:H", "version": "3.0"}], "Description": "Multiple out of bounds read and integer overflow vulnerabilities were found in tcpdump affecting the decoding of various protocols. An attacker could create a crafted pcap file or send specially crafted packets to the network segment where tcpdump is running in live capture mode (without -w) which could cause it to display incorrect data, crash or enter an infinite loop.", "FixedIn": [{"Name": "tcpdump", "NamespaceName": "rhel:5", "VendorAdvisory": {"NoAdvisory": true}, "Version": "None", "VersionFormat": "rpm"}], "Link": "https://access.redhat.com/security/cve/CVE-2016-7934", "Metadata": {}, "Name": "CVE-2016-7934", "NamespaceName": "rhel:5", "Severity": "Medium"}}], "next_token": ""}