{"data": [{"Vulnerability": {"Description": "", "FixedIn": [], "Link": "http://people.ubuntu.com/~ubuntu-security/cve/CVE-2019-3309", "Metadata": {}, "Name": "CVE-2019-3309", "NamespaceName": "ubuntu:19.04", "Severity": "Medium"}}, {"Vulnerability": {"Description": "", "FixedIn": [], "Link": "http://people.ubuntu.com/~ubuntu-security/cve/CVE-2015-0842", "Metadata": {}, "Name": "CVE-2015-0842", "NamespaceName": "ubuntu:19.04", "Severity": "Medium"}}, {"Vulnerability": {"Description": "", "FixedIn": [], "Link": "http://people.ubuntu.com/~ubuntu-security/cve/CVE-2018-1000643", "Metadata": {}, "Name": "CVE-2018-1000643", "NamespaceName": "ubuntu:19.04", "Severity": "Medium"}}, {"Vulnerability": {"Description": "", "FixedIn": [], "Link": "http://people.ubuntu.com/~ubuntu-security/cve/CVE-2018-17452", "Metadata": {}, "Name": "CVE-2018-17452", "NamespaceName": "ubuntu:19.04", "Severity": "Medium"}}, {"Vulnerability": {"Description": "", "FixedIn": [], "Link": "http://people.ubuntu.com/~ubuntu-security/cve/CVE-2015-0849", "Metadata": {}, "Name": "CVE-2015-0849", "NamespaceName": "ubuntu:19.04", "Severity": "Medium"}}, {"Vulnerability": {"Description": "", "FixedIn": [], "Link": "http://people.ubuntu.com/~ubuntu-security/cve/CVE-2015-0843", "Metadata": {}, "Name": "CVE-2015-0843", "NamespaceName": "ubuntu:19.04", "Severity": "Medium"}}, {"Vulnerability": {"Description": "", "FixedIn": [], "Link": "http://people.ubuntu.com/~ubuntu-security/cve/CVE-2014-0792", "Metadata": {"NVD": {"CVSSv2": {"Score": 7.5, "Vectors": "AV:N/AC:L/Au:N/C:P/I:P"}}}, "Name": "CVE-2014-0792", "NamespaceName": "ubuntu:19.04", "Severity": "Medium"}}, {"Vulnerability": {"Description": "", "FixedIn": [], "Link": "http://people.ubuntu.com/~ubuntu-security/cve/CVE-2014-7210", "Metadata": {}, "Name": "CVE-2014-7210", "NamespaceName": "ubuntu:19.04", "Severity": "Low"}}, {"Vulnerability": {"Description": "", "FixedIn": [], "Link": "http://people.ubuntu.com/~ubuntu-security/cve/CVE-2013-6499", "Metadata": {}, "Name": "CVE-2013-6499", "NamespaceName": "ubuntu:19.04", "Severity": "Negligible"}}, {"Vulnerability": {"Description": "", "FixedIn": [], "Link": "http://people.ubuntu.com/~ubuntu-security/cve/CVE-2018-1000201", "Metadata": {"NVD": {"CVSSv2": {"Score": 6.8, "Vectors": "AV:N/AC:M/Au:N/C:P/I:P"}}}, "Name": "CVE-2018-1000201", "NamespaceName": "ubuntu:19.04", "Severity": "Negligible"}}], "next_token": ""}