{"data": [{"Vulnerability": {"Description": "", "FixedIn": [], "Link": "http://people.ubuntu.com/~ubuntu-security/cve/CVE-2016-1239", "Metadata": {}, "Name": "CVE-2016-1239", "NamespaceName": "ubuntu:18.04", "Severity": "Low"}}, {"Vulnerability": {"Description": "", "FixedIn": [], "Link": "http://people.ubuntu.com/~ubuntu-security/cve/CVE-2010-2397", "Metadata": {"NVD": {"CVSSv2": {"Score": 2.4, "Vectors": "AV:L/AC:H/Au:S/C:P/I:P"}}}, "Name": "CVE-2010-2397", "NamespaceName": "ubuntu:18.04", "Severity": "Medium"}}, {"Vulnerability": {"Description": "", "FixedIn": [], "Link": "http://people.ubuntu.com/~ubuntu-security/cve/CVE-2012-1712", "Metadata": {"NVD": {"CVSSv2": {"Score": 10.0, "Vectors": "AV:N/AC:L/Au:N/C:C/I:C"}}}, "Name": "CVE-2012-1712", "NamespaceName": "ubuntu:18.04", "Severity": "Medium"}}, {"Vulnerability": {"Description": "", "FixedIn": [], "Link": "http://people.ubuntu.com/~ubuntu-security/cve/CVE-2012-0034", "Metadata": {"NVD": {"CVSSv2": {"Score": 2.1, "Vectors": "AV:L/AC:L/Au:N/C:P/I:N"}}}, "Name": "CVE-2012-0034", "NamespaceName": "ubuntu:18.04", "Severity": "Low"}}, {"Vulnerability": {"Description": "", "FixedIn": [], "Link": "http://people.ubuntu.com/~ubuntu-security/cve/CVE-2016-1000013", "Metadata": {}, "Name": "CVE-2016-1000013", "NamespaceName": "ubuntu:18.04", "Severity": "Unknown"}}, {"Vulnerability": {"Description": "", "FixedIn": [], "Link": "http://people.ubuntu.com/~ubuntu-security/cve/CVE-2012-5875", "Metadata": {"NVD": {"CVSSv2": {"Score": 5.0, "Vectors": "AV:N/AC:L/Au:N/C:N/I:N"}}}, "Name": "CVE-2012-5875", "NamespaceName": "ubuntu:18.04", "Severity": "Medium"}}, {"Vulnerability": {"Description": "", "FixedIn": [], "Link": "http://people.ubuntu.com/~ubuntu-security/cve/CVE-2018-6058", "Metadata": {}, "Name": "CVE-2018-6058", "NamespaceName": "ubuntu:18.04", "Severity": "Medium"}}, {"Vulnerability": {"Description": "", "FixedIn": [], "Link": "http://people.ubuntu.com/~ubuntu-security/cve/CVE-2017-14034", "Metadata": {"NVD": {"CVSSv2": {"Score": 6.8, "Vectors": "AV:N/AC:M/Au:N/C:P/I:P"}}}, "Name": "CVE-2017-14034", "NamespaceName": "ubuntu:18.04", "Severity": "Unknown"}}, {"Vulnerability": {"Description": "", "FixedIn": [], "Link": "http://people.ubuntu.com/~ubuntu-security/cve/CVE-2015-1481", "Metadata": {"NVD": {"CVSSv2": {"Score": 6.5, "Vectors": "AV:N/AC:L/Au:S/C:P/I:P"}}}, "Name": "CVE-2015-1481", "NamespaceName": "ubuntu:18.04", "Severity": "Medium"}}, {"Vulnerability": {"Description": "", "FixedIn": [], "Link": "http://people.ubuntu.com/~ubuntu-security/cve/CVE-2018-1000166", "Metadata": {}, "Name": "CVE-2018-1000166", "NamespaceName": "ubuntu:18.04", "Severity": "Medium"}}], "next_token": ""}