{"data": [{"Vulnerability": {"Description": "", "FixedIn": [], "Link": "http://people.ubuntu.com/~ubuntu-security/cve/CVE-2008-2751", "Metadata": {"NVD": {"CVSSv2": {"Score": 4.3, "Vectors": "AV:N/AC:M/Au:N/C:N/I:P"}}}, "Name": "CVE-2008-2751", "NamespaceName": "ubuntu:17.10", "Severity": "Medium"}}, {"Vulnerability": {"Description": "", "FixedIn": [{"Name": "symfony", "NamespaceName": "ubuntu:17.10", "Version": "None", "VersionFormat": "dpkg"}], "Link": "http://people.ubuntu.com/~ubuntu-security/cve/CVE-2015-2309", "Metadata": {}, "Name": "CVE-2015-2309", "NamespaceName": "ubuntu:17.10", "Severity": "Medium"}}, {"Vulnerability": {"Description": "", "FixedIn": [], "Link": "http://people.ubuntu.com/~ubuntu-security/cve/CVE-2016-5875", "Metadata": {}, "Name": "CVE-2016-5875", "NamespaceName": "ubuntu:17.10", "Severity": "Medium"}}, {"Vulnerability": {"Description": "", "FixedIn": [], "Link": "http://people.ubuntu.com/~ubuntu-security/cve/CVE-2016-1000013", "Metadata": {}, "Name": "CVE-2016-1000013", "NamespaceName": "ubuntu:17.10", "Severity": "Unknown"}}, {"Vulnerability": {"Description": "", "FixedIn": [], "Link": "http://people.ubuntu.com/~ubuntu-security/cve/CVE-2012-0097", "Metadata": {"NVD": {"CVSSv2": {"Score": 2.1, "Vectors": "AV:L/AC:L/Au:N/C:P/I:N"}}}, "Name": "CVE-2012-0097", "NamespaceName": "ubuntu:17.10", "Severity": "Low"}}, {"Vulnerability": {"Description": "", "FixedIn": [], "Link": "http://people.ubuntu.com/~ubuntu-security/cve/CVE-2016-5320", "Metadata": {}, "Name": "CVE-2016-5320", "NamespaceName": "ubuntu:17.10", "Severity": "Medium"}}, {"Vulnerability": {"Description": "", "FixedIn": [], "Link": "http://people.ubuntu.com/~ubuntu-security/cve/CVE-2010-2397", "Metadata": {"NVD": {"CVSSv2": {"Score": 2.4, "Vectors": "AV:L/AC:H/Au:S/C:P/I:P"}}}, "Name": "CVE-2010-2397", "NamespaceName": "ubuntu:17.10", "Severity": "Medium"}}, {"Vulnerability": {"Description": "", "FixedIn": [], "Link": "http://people.ubuntu.com/~ubuntu-security/cve/CVE-2013-4717", "Metadata": {}, "Name": "CVE-2013-4717", "NamespaceName": "ubuntu:17.10", "Severity": "Medium"}}, {"Vulnerability": {"Description": "", "FixedIn": [], "Link": "http://people.ubuntu.com/~ubuntu-security/cve/CVE-2015-0849", "Metadata": {}, "Name": "CVE-2015-0849", "NamespaceName": "ubuntu:17.10", "Severity": "Medium"}}, {"Vulnerability": {"Description": "", "FixedIn": [], "Link": "http://people.ubuntu.com/~ubuntu-security/cve/CVE-2009-1553", "Metadata": {"NVD": {"CVSSv2": {"Score": 4.3, "Vectors": "AV:N/AC:M/Au:N/C:N/I:P"}}}, "Name": "CVE-2009-1553", "NamespaceName": "ubuntu:17.10", "Severity": "Low"}}], "next_token": ""}