{"data": [{"Vulnerability": {"Description": "", "FixedIn": [], "Link": "http://people.ubuntu.com/~ubuntu-security/cve/CVE-2012-0097", "Metadata": {"NVD": {"CVSSv2": {"Score": 2.1, "Vectors": "AV:L/AC:L/Au:N/C:P/I:N"}}}, "Name": "CVE-2012-0097", "NamespaceName": "ubuntu:18.10", "Severity": "Low"}}, {"Vulnerability": {"Description": "", "FixedIn": [], "Link": "http://people.ubuntu.com/~ubuntu-security/cve/CVE-2016-1239", "Metadata": {}, "Name": "CVE-2016-1239", "NamespaceName": "ubuntu:18.10", "Severity": "Low"}}, {"Vulnerability": {"Description": "", "FixedIn": [], "Link": "http://people.ubuntu.com/~ubuntu-security/cve/CVE-2010-3843", "Metadata": {}, "Name": "CVE-2010-3843", "NamespaceName": "ubuntu:18.10", "Severity": "Low"}}, {"Vulnerability": {"Description": "", "FixedIn": [], "Link": "http://people.ubuntu.com/~ubuntu-security/cve/CVE-2016-1000212", "Metadata": {}, "Name": "CVE-2016-1000212", "NamespaceName": "ubuntu:18.10", "Severity": "Medium"}}, {"Vulnerability": {"Description": "", "FixedIn": [], "Link": "http://people.ubuntu.com/~ubuntu-security/cve/CVE-2012-5875", "Metadata": {"NVD": {"CVSSv2": {"Score": 5.0, "Vectors": "AV:N/AC:L/Au:N/C:N/I:N"}}}, "Name": "CVE-2012-5875", "NamespaceName": "ubuntu:18.10", "Severity": "Medium"}}, {"Vulnerability": {"Description": "", "FixedIn": [{"Name": "chromium-browser", "NamespaceName": "ubuntu:18.10", "Version": "67.0.3396.99-0ubuntu1", "VersionFormat": "dpkg"}], "Link": "http://people.ubuntu.com/~ubuntu-security/cve/CVE-2018-6125", "Metadata": {}, "Name": "CVE-2018-6125", "NamespaceName": "ubuntu:18.10", "Severity": "Medium"}}, {"Vulnerability": {"Description": "", "FixedIn": [{"Name": "chromium-browser", "NamespaceName": "ubuntu:18.10", "Version": "66.0.3359.181-0ubuntu1", "VersionFormat": "dpkg"}], "Link": "http://people.ubuntu.com/~ubuntu-security/cve/CVE-2018-6122", "Metadata": {}, "Name": "CVE-2018-6122", "NamespaceName": "ubuntu:18.10", "Severity": "Medium"}}, {"Vulnerability": {"Description": "", "FixedIn": [], "Link": "http://people.ubuntu.com/~ubuntu-security/cve/CVE-2017-1000", "Metadata": {}, "Name": "CVE-2017-1000", "NamespaceName": "ubuntu:18.10", "Severity": "Medium"}}, {"Vulnerability": {"Description": "", "FixedIn": [], "Link": "http://people.ubuntu.com/~ubuntu-security/cve/CVE-2015-0842", "Metadata": {}, "Name": "CVE-2015-0842", "NamespaceName": "ubuntu:18.10", "Severity": "Medium"}}, {"Vulnerability": {"Description": "", "FixedIn": [], "Link": "http://people.ubuntu.com/~ubuntu-security/cve/CVE-2018-17452", "Metadata": {}, "Name": "CVE-2018-17452", "NamespaceName": "ubuntu:18.10", "Severity": "Medium"}}], "next_token": ""}