{"groups": [{"access_tier": 0, "description": "Group record for namespace: github:composer and feed type: github", "name": "github:composer"}, {"access_tier": 0, "description": "Group record for namespace: github:gem and feed type: github", "name": "github:gem"}, {"access_tier": 0, "description": "Group record for namespace: github:java and feed type: github", "name": "github:java"}, {"access_tier": 0, "description": "Group record for namespace: github:npm and feed type: github", "name": "github:npm"}, {"access_tier": 0, "description": "Group record for namespace: github:nuget and feed type: github", "name": "github:nuget"}, {"access_tier": 0, "description": "Group record for namespace: github:python and feed type: github", "name": "github:python"}], "next_token": ""}