{"data": [{"Vulnerability": {"CVSS": [], "Description": "", "FixedIn": [{"Name": "avahi", "NamespaceName": "alpine:3.7", "Version": "0.6.32-r5", "VersionFormat": "apk"}], "Link": "http://cve.mitre.org/cgi-bin/cvename.cgi?name=CVE-2018-1000845", "Metadata": {}, "Name": "CVE-2018-1000845", "NamespaceName": "alpine:3.7", "Severity": "Unknown"}}, {"Vulnerability": {"CVSS": [], "Description": "", "FixedIn": [{"Name": "cups", "NamespaceName": "alpine:3.7", "Version": "2.2.10-r0", "VersionFormat": "apk"}], "Link": "http://cve.mitre.org/cgi-bin/cvename.cgi?name=CVE-2018-4700", "Metadata": {}, "Name": "CVE-2018-4700", "NamespaceName": "alpine:3.7", "Severity": "Unknown"}}, {"Vulnerability": {"CVSS": [], "Description": "", "FixedIn": [{"Name": "libass", "NamespaceName": "alpine:3.7", "Version": "0.13.4-r0", "VersionFormat": "apk"}], "Link": "http://cve.mitre.org/cgi-bin/cvename.cgi?name=CVE-2016-7971", "Metadata": {}, "Name": "CVE-2016-7971", "NamespaceName": "alpine:3.7", "Severity": "Unknown"}}, {"Vulnerability": {"CVSS": [], "Description": "", "FixedIn": [{"Name": "libsndfile", "NamespaceName": "alpine:3.7", "Version": "1.0.28-r4", "VersionFormat": "apk"}], "Link": "http://cve.mitre.org/cgi-bin/cvename.cgi?name=CVE-2017-17456", "Metadata": {}, "Name": "CVE-2017-17456", "NamespaceName": "alpine:3.7", "Severity": "Unknown"}}, {"Vulnerability": {"CVSS": [], "Description": "", "FixedIn": [{"Name": "libsndfile", "NamespaceName": "alpine:3.7", "Version": "1.0.28-r4", "VersionFormat": "apk"}], "Link": "http://cve.mitre.org/cgi-bin/cvename.cgi?name=CVE-2017-17457", "Metadata": {}, "Name": "CVE-2017-17457", "NamespaceName": "alpine:3.7", "Severity": "Unknown"}}, {"Vulnerability": {"CVSS": [], "Description": "", "FixedIn": [{"Name": "ncurses", "NamespaceName": "alpine:3.7", "Version": "6.0_p20171125-r1", "VersionFormat": "apk"}], "Link": "http://cve.mitre.org/cgi-bin/cvename.cgi?name=CVE-2018-10754", "Metadata": {}, "Name": "CVE-2018-10754", "NamespaceName": "alpine:3.7", "Severity": "Unknown"}}, {"Vulnerability": {"CVSS": [], "Description": "", "FixedIn": [{"Name": "wavpack", "NamespaceName": "alpine:3.7", "Version": "5.1.0-r2", "VersionFormat": "apk"}], "Link": "http://cve.mitre.org/cgi-bin/cvename.cgi?name=CVE-2018-10340", "Metadata": {}, "Name": "CVE-2018-10340", "NamespaceName": "alpine:3.7", "Severity": "Unknown"}}, {"Vulnerability": {"CVSS": [], "Description": "", "FixedIn": [{"Name": "ansible", "NamespaceName": "alpine:3.7", "Version": "2.4.6.0-r1", "VersionFormat": "apk"}], "Link": "http://cve.mitre.org/cgi-bin/cvename.cgi?name=CVE-2019-10206", "Metadata": {"NVD": {"CVSSv2": {"Score": 4.0, "Vectors": "AV:N/AC:L/Au:S/C:P/I:N/A:N"}}}, "Name": "CVE-2019-10206", "NamespaceName": "alpine:3.7", "Severity": "Medium"}}, {"Vulnerability": {"CVSS": [], "Description": "", "FixedIn": [{"Name": "ansible", "NamespaceName": "alpine:3.7", "Version": "2.4.6.0-r0", "VersionFormat": "apk"}], "Link": "http://cve.mitre.org/cgi-bin/cvename.cgi?name=CVE-2018-10855", "Metadata": {"NVD": {"CVSSv2": {"Score": 4.3, "Vectors": "AV:N/AC:M/Au:N/C:P/I:N/A:N"}}}, "Name": "CVE-2018-10855", "NamespaceName": "alpine:3.7", "Severity": "Medium"}}, {"Vulnerability": {"CVSS": [], "Description": "", "FixedIn": [{"Name": "apache2", "NamespaceName": "alpine:3.7", "Version": "2.4.41-r0", "VersionFormat": "apk"}], "Link": "http://cve.mitre.org/cgi-bin/cvename.cgi?name=CVE-2019-9517", "Metadata": {"NVD": {"CVSSv2": {"Score": 7.8, "Vectors": "AV:N/AC:L/Au:N/C:N/I:N/A:C"}}}, "Name": "CVE-2019-9517", "NamespaceName": "alpine:3.7", "Severity": "High"}}], "next_token": ""}