{"data": [{"Vulnerability": {"CVSS": [], "Description": "", "FixedIn": [{"Name": "ansible", "NamespaceName": "alpine:3.12", "Version": "2.9.7-r0", "VersionFormat": "apk"}], "Link": "http://cve.mitre.org/cgi-bin/cvename.cgi?name=CVE-2019-3828", "Metadata": {"NVD": {"CVSSv2": {"Score": 3.3, "Vectors": "AV:L/AC:M/Au:N/C:P/I:P/A:N"}}}, "Name": "CVE-2019-3828", "NamespaceName": "alpine:3.12", "Severity": "Low"}}, {"Vulnerability": {"CVSS": [], "Description": "", "FixedIn": [{"Name": "ansible", "NamespaceName": "alpine:3.12", "Version": "2.9.7-r0", "VersionFormat": "apk"}], "Link": "http://cve.mitre.org/cgi-bin/cvename.cgi?name=CVE-2020-1733", "Metadata": {"NVD": {"CVSSv2": {"Score": 3.7, "Vectors": "AV:L/AC:H/Au:N/C:P/I:P/A:P"}}}, "Name": "CVE-2020-1733", "NamespaceName": "alpine:3.12", "Severity": "Low"}}, {"Vulnerability": {"CVSS": [], "Description": "", "FixedIn": [{"Name": "ansible", "NamespaceName": "alpine:3.12", "Version": "2.9.7-r0", "VersionFormat": "apk"}], "Link": "http://cve.mitre.org/cgi-bin/cvename.cgi?name=CVE-2020-1740", "Metadata": {"NVD": {"CVSSv2": {"Score": 1.9, "Vectors": "AV:L/AC:M/Au:N/C:P/I:N/A:N"}}}, "Name": "CVE-2020-1740", "NamespaceName": "alpine:3.12", "Severity": "Low"}}, {"Vulnerability": {"CVSS": [], "Description": "", "FixedIn": [{"Name": "ansible", "NamespaceName": "alpine:3.12", "Version": "2.9.7-r0", "VersionFormat": "apk"}], "Link": "http://cve.mitre.org/cgi-bin/cvename.cgi?name=CVE-2020-1746", "Metadata": {"NVD": {"CVSSv2": {"Score": 1.9, "Vectors": "AV:L/AC:M/Au:N/C:P/I:N/A:N"}}}, "Name": "CVE-2020-1746", "NamespaceName": "alpine:3.12", "Severity": "Low"}}, {"Vulnerability": {"CVSS": [], "Description": "", "FixedIn": [{"Name": "ansible", "NamespaceName": "alpine:3.12", "Version": "2.9.7-r0", "VersionFormat": "apk"}], "Link": "http://cve.mitre.org/cgi-bin/cvename.cgi?name=CVE-2020-10691", "Metadata": {"NVD": {"CVSSv2": {"Score": 3.6, "Vectors": "AV:L/AC:L/Au:N/C:N/I:P/A:P"}}}, "Name": "CVE-2020-10691", "NamespaceName": "alpine:3.12", "Severity": "Low"}}, {"Vulnerability": {"CVSS": [], "Description": "", "FixedIn": [{"Name": "ansible", "NamespaceName": "alpine:3.12", "Version": "2.9.6-r0", "VersionFormat": "apk"}], "Link": "http://cve.mitre.org/cgi-bin/cvename.cgi?name=CVE-2020-1737", "Metadata": {"NVD": {"CVSSv2": {"Score": 4.6, "Vectors": "AV:L/AC:L/Au:N/C:P/I:P/A:P"}}}, "Name": "CVE-2020-1737", "NamespaceName": "alpine:3.12", "Severity": "Medium"}}, {"Vulnerability": {"CVSS": [], "Description": "", "FixedIn": [{"Name": "ansible", "NamespaceName": "alpine:3.12", "Version": "2.9.3-r0", "VersionFormat": "apk"}], "Link": "http://cve.mitre.org/cgi-bin/cvename.cgi?name=CVE-2019-14905", "Metadata": {"NVD": {"CVSSv2": {"Score": 4.6, "Vectors": "AV:L/AC:L/Au:N/C:P/I:P/A:P"}}}, "Name": "CVE-2019-14905", "NamespaceName": "alpine:3.12", "Severity": "Medium"}}, {"Vulnerability": {"CVSS": [], "Description": "", "FixedIn": [{"Name": "ansible", "NamespaceName": "alpine:3.12", "Version": "2.8.6-r0", "VersionFormat": "apk"}], "Link": "http://cve.mitre.org/cgi-bin/cvename.cgi?name=CVE-2019-14856", "Metadata": {"NVD": {"CVSSv2": {"Score": 4.0, "Vectors": "AV:N/AC:L/Au:S/C:P/I:N/A:N"}}}, "Name": "CVE-2019-14856", "NamespaceName": "alpine:3.12", "Severity": "Medium"}}, {"Vulnerability": {"CVSS": [], "Description": "", "FixedIn": [{"Name": "ansible", "NamespaceName": "alpine:3.12", "Version": "2.8.6-r0", "VersionFormat": "apk"}], "Link": "http://cve.mitre.org/cgi-bin/cvename.cgi?name=CVE-2019-14858", "Metadata": {"NVD": {"CVSSv2": {"Score": 2.1, "Vectors": "AV:L/AC:L/Au:N/C:P/I:N/A:N"}}}, "Name": "CVE-2019-14858", "NamespaceName": "alpine:3.12", "Severity": "Low"}}, {"Vulnerability": {"CVSS": [], "Description": "", "FixedIn": [{"Name": "ansible", "NamespaceName": "alpine:3.12", "Version": "2.8.4-r0", "VersionFormat": "apk"}], "Link": "http://cve.mitre.org/cgi-bin/cvename.cgi?name=CVE-2019-10206", "Metadata": {"NVD": {"CVSSv2": {"Score": 4.0, "Vectors": "AV:N/AC:L/Au:S/C:P/I:N/A:N"}}}, "Name": "CVE-2019-10206", "NamespaceName": "alpine:3.12", "Severity": "Medium"}}], "next_token": ""}