{"data": [{"Vulnerability": {"Description": "", "FixedIn": [], "Link": "https://access.redhat.com/errata/RHSA-2020:0322", "Metadata": {"CVE": [{"Link": "https://access.redhat.com/security/cve/CVE-2019-11043", "Name": "CVE-2019-11043"}], "Issued": "2020-02-03", "RefId": "RHSA-2020:0322", "Updated": "2020-02-03"}, "Name": "RHSA-2020:0322", "NamespaceName": "centos:8", "Severity": "Critical"}}, {"Vulnerability": {"Description": "", "FixedIn": [], "Link": "https://access.redhat.com/errata/RHSA-2020:0296", "Metadata": {"CVE": [{"Link": "https://access.redhat.com/security/cve/CVE-2020-6851", "Name": "CVE-2020-6851"}], "Issued": "2020-01-30", "RefId": "RHSA-2020:0296", "Updated": "2020-01-30"}, "Name": "RHSA-2020:0296", "NamespaceName": "centos:8", "Severity": "High"}}, {"Vulnerability": {"Description": "", "FixedIn": [], "Link": "https://access.redhat.com/errata/RHSA-2020:0246", "Metadata": {"CVE": [{"Link": "https://access.redhat.com/security/cve/CVE-2019-18408", "Name": "CVE-2019-18408"}], "Issued": "2020-01-27", "RefId": "RHSA-2020:0246", "Updated": "2020-01-27"}, "Name": "RHSA-2020:0246", "NamespaceName": "centos:8", "Severity": "High"}}, {"Vulnerability": {"Description": "", "FixedIn": [], "Link": "https://access.redhat.com/errata/RHSA-2020:0228", "Metadata": {"CVE": [{"Link": "https://access.redhat.com/security/cve/CVE-2019-1348", "Name": "CVE-2019-1348"}, {"Link": "https://access.redhat.com/security/cve/CVE-2019-1349", "Name": "CVE-2019-1349"}, {"Link": "https://access.redhat.com/security/cve/CVE-2019-1352", "Name": "CVE-2019-1352"}, {"Link": "https://access.redhat.com/security/cve/CVE-2019-1387", "Name": "CVE-2019-1387"}], "Issued": "2020-01-27", "RefId": "RHSA-2020:0228", "Updated": "2020-01-27"}, "Name": "RHSA-2020:0228", "NamespaceName": "centos:8", "Severity": "High"}}, {"Vulnerability": {"Description": "", "FixedIn": [], "Link": "https://access.redhat.com/errata/RHSA-2020:0204", "Metadata": {"CVE": [{"Link": "https://access.redhat.com/security/cve/CVE-2018-12207", "Name": "CVE-2018-12207"}, {"Link": "https://access.redhat.com/security/cve/CVE-2018-16884", "Name": "CVE-2018-16884"}, {"Link": "https://access.redhat.com/security/cve/CVE-2019-0154", "Name": "CVE-2019-0154"}, {"Link": "https://access.redhat.com/security/cve/CVE-2019-0155", "Name": "CVE-2019-0155"}, {"Link": "https://access.redhat.com/security/cve/CVE-2019-10126", "Name": "CVE-2019-10126"}, {"Link": "https://access.redhat.com/security/cve/CVE-2019-11135", "Name": "CVE-2019-11135"}, {"Link": "https://access.redhat.com/security/cve/CVE-2019-14816", "Name": "CVE-2019-14816"}, {"Link": "https://access.redhat.com/security/cve/CVE-2019-14821", "Name": "CVE-2019-14821"}, {"Link": "https://access.redhat.com/security/cve/CVE-2019-14901", "Name": "CVE-2019-14901"}, {"Link": "https://access.redhat.com/security/cve/CVE-2019-3900", "Name": "CVE-2019-3900"}, {"Link": "https://access.redhat.com/security/cve/CVE-2019-5489", "Name": "CVE-2019-5489"}, {"Link": "https://access.redhat.com/security/cve/CVE-2019-9506", "Name": "CVE-2019-9506"}], "Issued": "2020-01-22", "RefId": "RHSA-2020:0204", "Updated": "2020-01-22"}, "Name": "RHSA-2020:0204", "NamespaceName": "centos:8", "Severity": "High"}}, {"Vulnerability": {"Description": "", "FixedIn": [], "Link": "https://access.redhat.com/errata/RHSA-2020:0243", "Metadata": {"CVE": [{"Link": "https://access.redhat.com/security/cve/CVE-2019-11745", "Name": "CVE-2019-11745"}], "Issued": "2020-01-27", "RefId": "RHSA-2020:0243", "Updated": "2020-01-27"}, "Name": "RHSA-2020:0243", "NamespaceName": "centos:8", "Severity": "High"}}, {"Vulnerability": {"Description": "", "FixedIn": [], "Link": "https://access.redhat.com/errata/RHSA-2020:0229", "Metadata": {"CVE": [{"Link": "https://access.redhat.com/security/cve/CVE-2019-13734", "Name": "CVE-2019-13734"}], "Issued": "2020-01-27", "RefId": "RHSA-2020:0229", "Updated": "2020-01-27"}, "Name": "RHSA-2020:0229", "NamespaceName": "centos:8", "Severity": "High"}}, {"Vulnerability": {"Description": "", "FixedIn": [], "Link": "https://access.redhat.com/errata/RHSA-2020:0232", "Metadata": {"CVE": [{"Link": "https://access.redhat.com/security/cve/CVE-2020-2583", "Name": "CVE-2020-2583"}, {"Link": "https://access.redhat.com/security/cve/CVE-2020-2590", "Name": "CVE-2020-2590"}, {"Link": "https://access.redhat.com/security/cve/CVE-2020-2593", "Name": "CVE-2020-2593"}, {"Link": "https://access.redhat.com/security/cve/CVE-2020-2601", "Name": "CVE-2020-2601"}, {"Link": "https://access.redhat.com/security/cve/CVE-2020-2604", "Name": "CVE-2020-2604"}, {"Link": "https://access.redhat.com/security/cve/CVE-2020-2654", "Name": "CVE-2020-2654"}, {"Link": "https://access.redhat.com/security/cve/CVE-2020-2655", "Name": "CVE-2020-2655"}], "Issued": "2020-01-27", "RefId": "RHSA-2020:0232", "Updated": "2020-01-27"}, "Name": "RHSA-2020:0232", "NamespaceName": "centos:8", "Severity": "High"}}, {"Vulnerability": {"Description": "", "FixedIn": [], "Link": "https://access.redhat.com/errata/RHSA-2020:0231", "Metadata": {"CVE": [{"Link": "https://access.redhat.com/security/cve/CVE-2020-2583", "Name": "CVE-2020-2583"}, {"Link": "https://access.redhat.com/security/cve/CVE-2020-2590", "Name": "CVE-2020-2590"}, {"Link": "https://access.redhat.com/security/cve/CVE-2020-2593", "Name": "CVE-2020-2593"}, {"Link": "https://access.redhat.com/security/cve/CVE-2020-2601", "Name": "CVE-2020-2601"}, {"Link": "https://access.redhat.com/security/cve/CVE-2020-2604", "Name": "CVE-2020-2604"}, {"Link": "https://access.redhat.com/security/cve/CVE-2020-2654", "Name": "CVE-2020-2654"}, {"Link": "https://access.redhat.com/security/cve/CVE-2020-2659", "Name": "CVE-2020-2659"}], "Issued": "2020-01-27", "RefId": "RHSA-2020:0231", "Updated": "2020-01-27"}, "Name": "RHSA-2020:0231", "NamespaceName": "centos:8", "Severity": "High"}}, {"Vulnerability": {"Description": "", "FixedIn": [], "Link": "https://access.redhat.com/errata/RHSA-2020:0388", "Metadata": {"CVE": [{"Link": "https://access.redhat.com/security/cve/CVE-2019-14287", "Name": "CVE-2019-14287"}], "Issued": "2020-02-04", "RefId": "RHSA-2020:0388", "Updated": "2020-02-04"}, "Name": "RHSA-2020:0388", "NamespaceName": "centos:8", "Severity": "High"}}], "next_token": ""}