{"data": [{"Vulnerability": {"Description": "", "FixedIn": [], "Link": "https://access.redhat.com/errata/RHSA-2018:1130", "Metadata": {"CVE": [{"Link": "https://access.redhat.com/security/cve/CVE-2017-8824", "Name": "CVE-2017-8824"}, {"Link": "https://access.redhat.com/security/cve/CVE-2017-9725", "Name": "CVE-2017-9725"}, {"Link": "https://access.redhat.com/security/cve/CVE-2017-13166", "Name": "CVE-2017-13166"}, {"Link": "https://access.redhat.com/security/cve/CVE-2017-15265", "Name": "CVE-2017-15265"}, {"Link": "https://access.redhat.com/security/cve/CVE-2017-17449", "Name": "CVE-2017-17449"}, {"Link": "https://access.redhat.com/security/cve/CVE-2017-18017", "Name": "CVE-2017-18017"}, {"Link": "https://access.redhat.com/security/cve/CVE-2017-1000252", "Name": "CVE-2017-1000252", "cvss2": "4.3/AV:A/AC:H/Au:S/C:N/I:N/A:C"}, {"Link": "https://access.redhat.com/security/cve/CVE-2017-1000410", "Name": "CVE-2017-1000410"}], "Issued": "2018-04-17", "RefId": "RHSA-2018:1130-01", "Updated": "2018-04-17"}, "Name": "RHSA-2018:1130", "NamespaceName": "centos:7", "Severity": "High"}}, {"Vulnerability": {"Description": "", "FixedIn": [], "Link": "https://access.redhat.com/errata/RHSA-2018:0180", "Metadata": {"CVE": [{"Link": "https://access.redhat.com/security/cve/CVE-2017-1000405", "Name": "CVE-2017-1000405"}], "Issued": "2018-01-25", "RefId": "RHSA-2018:0180-02", "Updated": "2018-01-25"}, "Name": "RHSA-2018:0180", "NamespaceName": "centos:7", "Severity": "High"}}, {"Vulnerability": {"Description": "", "FixedIn": [], "Link": "https://access.redhat.com/errata/RHSA-2018:1663", "Metadata": {"CVE": [{"Link": "https://access.redhat.com/security/cve/CVE-2018-3639", "Name": "CVE-2018-3639"}], "Issued": "2018-05-21", "RefId": "RHSA-2018:1663-01", "Updated": "2018-05-21"}, "Name": "RHSA-2018:1663", "NamespaceName": "centos:7", "Severity": "High"}}, {"Vulnerability": {"Description": "", "FixedIn": [], "Link": "https://access.redhat.com/errata/RHSA-2018:1704", "Metadata": {"CVE": [{"Link": "https://access.redhat.com/security/cve/CVE-2018-1000140", "Name": "CVE-2018-1000140"}], "Issued": "2018-05-23", "RefId": "RHSA-2018:1704-01", "Updated": "2018-05-23"}, "Name": "RHSA-2018:1704", "NamespaceName": "centos:7", "Severity": "Critical"}}, {"Vulnerability": {"Description": "", "FixedIn": [], "Link": "https://access.redhat.com/errata/RHSA-2018:0502", "Metadata": {"CVE": [{"Link": "https://access.redhat.com/security/cve/CVE-2017-16994", "Name": "CVE-2017-16994"}, {"Link": "https://access.redhat.com/security/cve/CVE-2017-17712", "Name": "CVE-2017-17712"}], "Issued": "2018-03-13", "RefId": "RHSA-2018:0502-01", "Updated": "2018-03-13"}, "Name": "RHSA-2018:0502", "NamespaceName": "centos:7", "Severity": "High"}}, {"Vulnerability": {"Description": "", "FixedIn": [], "Link": "https://access.redhat.com/errata/RHSA-2018:1455", "Metadata": {"CVE": [{"Link": "https://access.redhat.com/security/cve/CVE-2018-1111", "Name": "CVE-2018-1111"}], "Issued": "2018-05-15", "RefId": "RHSA-2018:1455-01", "Updated": "2018-05-15"}, "Name": "RHSA-2018:1455", "NamespaceName": "centos:7", "Severity": "Critical"}}, {"Vulnerability": {"Description": "", "FixedIn": [], "Link": "https://access.redhat.com/errata/RHSA-2018:2091", "Metadata": {"CVE": [{"Link": "https://access.redhat.com/security/cve/CVE-2018-1000156", "Name": "CVE-2018-1000156"}], "Issued": "2018-06-27", "RefId": "RHSA-2018:2091-01", "Updated": "2018-06-27"}, "Name": "RHSA-2018:2091", "NamespaceName": "centos:7", "Severity": "High"}}, {"Vulnerability": {"Description": "", "FixedIn": [], "Link": "https://access.redhat.com/errata/RHSA-2018:1738", "Metadata": {"CVE": [{"Link": "https://access.redhat.com/security/cve/CVE-2018-3639", "Name": "CVE-2018-3639"}], "Issued": "2018-05-29", "RefId": "RHSA-2018:1738-01", "Updated": "2018-05-29"}, "Name": "RHSA-2018:1738", "NamespaceName": "centos:7", "Severity": "High"}}, {"Vulnerability": {"Description": "", "FixedIn": [], "Link": "https://access.redhat.com/errata/RHSA-2018:1345", "Metadata": {"CVE": [{"Link": "https://access.redhat.com/security/cve/CVE-2018-1087", "Name": "CVE-2018-1087"}, {"Link": "https://access.redhat.com/security/cve/CVE-2018-8897", "Name": "CVE-2018-8897"}, {"Link": "https://access.redhat.com/security/cve/CVE-2018-1000199", "Name": "CVE-2018-1000199"}], "Issued": "2018-05-08", "RefId": "RHSA-2018:1345-03", "Updated": "2018-05-08"}, "Name": "RHSA-2018:1345", "NamespaceName": "centos:7", "Severity": "High"}}, {"Vulnerability": {"Description": "", "FixedIn": [], "Link": "https://access.redhat.com/errata/RHSA-2018:1967", "Metadata": {"CVE": [{"Link": "https://access.redhat.com/security/cve/CVE-2018-3639", "Name": "CVE-2018-3639"}], "Issued": "2018-06-26", "RefId": "RHSA-2018:1967-01", "Updated": "2018-06-26"}, "Name": "RHSA-2018:1967", "NamespaceName": "centos:7", "Severity": "High"}}], "next_token": ""}