{"data": [{"Vulnerability": {"Description": "", "FixedIn": [], "Link": "https://security-tracker.debian.org/tracker/CVE-2016-1000105", "Metadata": {}, "Name": "CVE-2016-1000105", "NamespaceName": "debian:8", "Severity": "Negligible"}}, {"Vulnerability": {"Description": "", "FixedIn": [], "Link": "https://security-tracker.debian.org/tracker/CVE-2012-5844", "Metadata": {}, "Name": "CVE-2012-5844", "NamespaceName": "debian:8", "Severity": "Negligible"}}, {"Vulnerability": {"Description": "", "FixedIn": [], "Link": "https://security-tracker.debian.org/tracker/CVE-2018-1000022", "Metadata": {"NVD": {"CVSSv2": {"Score": 2.6, "Vectors": "AV:N/AC:H/Au:N/C:P/I:N"}}}, "Name": "CVE-2018-1000022", "NamespaceName": "debian:8", "Severity": "Negligible"}}, {"Vulnerability": {"Description": "", "FixedIn": [], "Link": "https://security-tracker.debian.org/tracker/CVE-2018-9306", "Metadata": {}, "Name": "CVE-2018-9306", "NamespaceName": "debian:8", "Severity": "Negligible"}}, {"Vulnerability": {"Description": "", "FixedIn": [], "Link": "https://security-tracker.debian.org/tracker/CVE-2015-1418", "Metadata": {"NVD": {"CVSSv2": {"Score": 9.3, "Vectors": "AV:N/AC:M/Au:N/C:C/I:C"}}}, "Name": "CVE-2015-1418", "NamespaceName": "debian:8", "Severity": "High"}}, {"Vulnerability": {"Description": "", "FixedIn": [], "Link": "https://security-tracker.debian.org/tracker/CVE-2018-1000166", "Metadata": {}, "Name": "CVE-2018-1000166", "NamespaceName": "debian:8", "Severity": "Low"}}, {"Vulnerability": {"Description": "", "FixedIn": [], "Link": "https://security-tracker.debian.org/tracker/CVE-2018-2679", "Metadata": {"NVD": {"CVSSv2": {"Score": 5.5, "Vectors": "AV:N/AC:L/Au:S/C:P/I:P"}}}, "Name": "CVE-2018-2679", "NamespaceName": "debian:8", "Severity": "Medium"}}, {"Vulnerability": {"Description": "", "FixedIn": [], "Link": "https://security-tracker.debian.org/tracker/CVE-2017-7516", "Metadata": {}, "Name": "CVE-2017-7516", "NamespaceName": "debian:8", "Severity": "Low"}}, {"Vulnerability": {"Description": "", "FixedIn": [], "Link": "https://security-tracker.debian.org/tracker/CVE-2018-8086", "Metadata": {}, "Name": "CVE-2018-8086", "NamespaceName": "debian:8", "Severity": "Unknown"}}, {"Vulnerability": {"Description": "", "FixedIn": [], "Link": "https://security-tracker.debian.org/tracker/CVE-2018-8000", "Metadata": {"NVD": {"CVSSv2": {"Score": 6.8, "Vectors": "AV:N/AC:M/Au:N/C:P/I:P"}}}, "Name": "CVE-2018-8000", "NamespaceName": "debian:8", "Severity": "Medium"}}], "next_token": ""}