{"data": [{"Vulnerability": {"Description": "", "FixedIn": [], "Link": "https://security-tracker.debian.org/tracker/CVE-2011-1133", "Metadata": {}, "Name": "CVE-2011-1133", "NamespaceName": "debian:10", "Severity": "Negligible"}}, {"Vulnerability": {"Description": "", "FixedIn": [], "Link": "https://security-tracker.debian.org/tracker/CVE-2011-1134", "Metadata": {}, "Name": "CVE-2011-1134", "NamespaceName": "debian:10", "Severity": "Negligible"}}, {"Vulnerability": {"Description": "", "FixedIn": [], "Link": "https://security-tracker.debian.org/tracker/CVE-2011-1135", "Metadata": {}, "Name": "CVE-2011-1135", "NamespaceName": "debian:10", "Severity": "Negligible"}}, {"Vulnerability": {"Description": "", "FixedIn": [], "Link": "https://security-tracker.debian.org/tracker/CVE-2009-3932", "Metadata": {"NVD": {"CVSSv2": {"Score": 9.3, "Vectors": "AV:N/AC:M/Au:N/C:C/I:C"}}}, "Name": "CVE-2009-3932", "NamespaceName": "debian:10", "Severity": "Negligible"}}, {"Vulnerability": {"Description": "", "FixedIn": [], "Link": "https://security-tracker.debian.org/tracker/CVE-2011-4719", "Metadata": {"NVD": {"CVSSv2": {"Score": 10.0, "Vectors": "AV:N/AC:L/Au:N/C:C/I:C"}}}, "Name": "CVE-2011-4719", "NamespaceName": "debian:10", "Severity": "Negligible"}}, {"Vulnerability": {"Description": "", "FixedIn": [], "Link": "https://security-tracker.debian.org/tracker/CVE-2014-6466", "Metadata": {"NVD": {"CVSSv2": {"Score": 6.9, "Vectors": "AV:L/AC:M/Au:N/C:C/I:C"}}}, "Name": "CVE-2014-6466", "NamespaceName": "debian:10", "Severity": "Negligible"}}, {"Vulnerability": {"Description": "", "FixedIn": [], "Link": "https://security-tracker.debian.org/tracker/CVE-2012-5118", "Metadata": {"NVD": {"CVSSv2": {"Score": 7.5, "Vectors": "AV:N/AC:L/Au:N/C:P/I:P"}}}, "Name": "CVE-2012-5118", "NamespaceName": "debian:10", "Severity": "Negligible"}}, {"Vulnerability": {"Description": "", "FixedIn": [], "Link": "https://security-tracker.debian.org/tracker/CVE-2012-5115", "Metadata": {"NVD": {"CVSSv2": {"Score": 7.5, "Vectors": "AV:N/AC:L/Au:N/C:P/I:P"}}}, "Name": "CVE-2012-5115", "NamespaceName": "debian:10", "Severity": "Negligible"}}, {"Vulnerability": {"Description": "", "FixedIn": [], "Link": "https://security-tracker.debian.org/tracker/CVE-2016-2850", "Metadata": {"NVD": {"CVSSv2": {"Score": 5.0, "Vectors": "AV:N/AC:L/Au:N/C:N/I:P"}}}, "Name": "CVE-2016-2850", "NamespaceName": "debian:10", "Severity": "Negligible"}}, {"Vulnerability": {"Description": "", "FixedIn": [], "Link": "https://security-tracker.debian.org/tracker/CVE-2017-11143", "Metadata": {"NVD": {"CVSSv2": {"Score": 5.0, "Vectors": "AV:N/AC:L/Au:N/C:N/I:N"}}}, "Name": "CVE-2017-11143", "NamespaceName": "debian:10", "Severity": "Negligible"}}], "next_token": ""}