{"data": [{"Vulnerability": {"Description": "", "FixedIn": [], "Link": "https://security-tracker.debian.org/tracker/CVE-2013-7171", "Metadata": {}, "Name": "CVE-2013-7171", "NamespaceName": "debian:unstable", "Severity": "Negligible"}}, {"Vulnerability": {"Description": "", "FixedIn": [], "Link": "https://security-tracker.debian.org/tracker/CVE-2011-1133", "Metadata": {}, "Name": "CVE-2011-1133", "NamespaceName": "debian:unstable", "Severity": "Negligible"}}, {"Vulnerability": {"Description": "", "FixedIn": [], "Link": "https://security-tracker.debian.org/tracker/CVE-2011-1134", "Metadata": {}, "Name": "CVE-2011-1134", "NamespaceName": "debian:unstable", "Severity": "Negligible"}}, {"Vulnerability": {"Description": "", "FixedIn": [], "Link": "https://security-tracker.debian.org/tracker/CVE-2011-1135", "Metadata": {}, "Name": "CVE-2011-1135", "NamespaceName": "debian:unstable", "Severity": "Negligible"}}, {"Vulnerability": {"Description": "", "FixedIn": [], "Link": "https://security-tracker.debian.org/tracker/CVE-2009-3932", "Metadata": {"NVD": {"CVSSv2": {"Score": 9.3, "Vectors": "AV:N/AC:M/Au:N/C:C/I:C"}}}, "Name": "CVE-2009-3932", "NamespaceName": "debian:unstable", "Severity": "Negligible"}}, {"Vulnerability": {"Description": "", "FixedIn": [], "Link": "https://security-tracker.debian.org/tracker/CVE-2011-4719", "Metadata": {"NVD": {"CVSSv2": {"Score": 10.0, "Vectors": "AV:N/AC:L/Au:N/C:C/I:C"}}}, "Name": "CVE-2011-4719", "NamespaceName": "debian:unstable", "Severity": "Negligible"}}, {"Vulnerability": {"Description": "", "FixedIn": [], "Link": "https://security-tracker.debian.org/tracker/CVE-2015-1555", "Metadata": {"NVD": {"CVSSv2": {"Score": 6.4, "Vectors": "AV:N/AC:L/Au:N/C:P/I:P"}}}, "Name": "CVE-2015-1555", "NamespaceName": "debian:unstable", "Severity": "Negligible"}}, {"Vulnerability": {"Description": "", "FixedIn": [], "Link": "https://security-tracker.debian.org/tracker/CVE-2012-5118", "Metadata": {"NVD": {"CVSSv2": {"Score": 7.5, "Vectors": "AV:N/AC:L/Au:N/C:P/I:P"}}}, "Name": "CVE-2012-5118", "NamespaceName": "debian:unstable", "Severity": "Negligible"}}, {"Vulnerability": {"Description": "", "FixedIn": [], "Link": "https://security-tracker.debian.org/tracker/CVE-2012-5115", "Metadata": {"NVD": {"CVSSv2": {"Score": 7.5, "Vectors": "AV:N/AC:L/Au:N/C:P/I:P"}}}, "Name": "CVE-2012-5115", "NamespaceName": "debian:unstable", "Severity": "Negligible"}}, {"Vulnerability": {"Description": "", "FixedIn": [], "Link": "https://security-tracker.debian.org/tracker/CVE-2015-1786", "Metadata": {"NVD": {"CVSSv2": {"Score": 6.8, "Vectors": "AV:N/AC:M/Au:N/C:P/I:P"}}}, "Name": "CVE-2015-1786", "NamespaceName": "debian:unstable", "Severity": "Negligible"}}], "next_token": ""}