{"groups": [{"access_tier": 0, "description": "Group record for namespace: alpine:3.10 and feed type: vulnerabilities", "name": "alpine:3.10"}, {"access_tier": 0, "description": "Group record for namespace: alpine:3.11 and feed type: vulnerabilities", "name": "alpine:3.11"}, {"access_tier": 0, "description": "Group record for namespace: alpine:3.12 and feed type: vulnerabilities", "name": "alpine:3.12"}, {"access_tier": 0, "description": "Group record for namespace: alpine:3.13 and feed type: vulnerabilities", "name": "alpine:3.13"}, {"access_tier": 0, "description": "Group record for namespace: alpine:3.2 and feed type: vulnerabilities", "name": "alpine:3.2"}, {"access_tier": 0, "description": "Group record for namespace: alpine:3.3 and feed type: vulnerabilities", "name": "alpine:3.3"}, {"access_tier": 0, "description": "Group record for namespace: alpine:3.4 and feed type: vulnerabilities", "name": "alpine:3.4"}, {"access_tier": 0, "description": "Group record for namespace: alpine:3.5 and feed type: vulnerabilities", "name": "alpine:3.5"}, {"access_tier": 0, "description": "Group record for namespace: alpine:3.6 and feed type: vulnerabilities", "name": "alpine:3.6"}, {"access_tier": 0, "description": "Group record for namespace: alpine:3.7 and feed type: vulnerabilities", "name": "alpine:3.7"}, {"access_tier": 0, "description": "Group record for namespace: alpine:3.8 and feed type: vulnerabilities", "name": "alpine:3.8"}, {"access_tier": 0, "description": "Group record for namespace: alpine:3.9 and feed type: vulnerabilities", "name": "alpine:3.9"}, {"access_tier": 0, "description": "Group record for namespace: amzn:2 and feed type: vulnerabilities", "name": "amzn:2"}, {"access_tier": 0, "description": "Group record for namespace: centos:5 and feed type: vulnerabilities", "name": "centos:5"}, {"access_tier": 0, "description": "Group record for namespace: centos:6 and feed type: vulnerabilities", "name": "centos:6"}, {"access_tier": 0, "description": "Group record for namespace: centos:7 and feed type: vulnerabilities", "name": "centos:7"}, {"access_tier": 0, "description": "Group record for namespace: centos:8 and feed type: vulnerabilities", "name": "centos:8"}, {"access_tier": 0, "description": "Group record for namespace: debian:10 and feed type: vulnerabilities", "name": "debian:10"}, {"access_tier": 0, "description": "Group record for namespace: debian:11 and feed type: vulnerabilities", "name": "debian:11"}, {"access_tier": 0, "description": "Group record for namespace: debian:7 and feed type: vulnerabilities", "name": "debian:7"}, {"access_tier": 0, "description": "Group record for namespace: debian:8 and feed type: vulnerabilities", "name": "debian:8"}, {"access_tier": 0, "description": "Group record for namespace: debian:9 and feed type: vulnerabilities", "name": "debian:9"}, {"access_tier": 0, "description": "Group record for namespace: debian:unstable and feed type: vulnerabilities", "name": "debian:unstable"}, {"access_tier": 0, "description": "Group record for namespace: ol:5 and feed type: vulnerabilities", "name": "ol:5"}, {"access_tier": 0, "description": "Group record for namespace: ol:6 and feed type: vulnerabilities", "name": "ol:6"}, {"access_tier": 0, "description": "Group record for namespace: ol:7 and feed type: vulnerabilities", "name": "ol:7"}, {"access_tier": 0, "description": "Group record for namespace: ol:8 and feed type: vulnerabilities", "name": "ol:8"}, {"access_tier": 0, "description": "Group record for namespace: rhel:5 and feed type: vulnerabilities", "name": "rhel:5"}, {"access_tier": 0, "description": "Group record for namespace: rhel:6 and feed type: vulnerabilities", "name": "rhel:6"}, {"access_tier": 0, "description": "Group record for namespace: rhel:7 and feed type: vulnerabilities", "name": "rhel:7"}, {"access_tier": 0, "description": "Group record for namespace: rhel:8 and feed type: vulnerabilities", "name": "rhel:8"}, {"access_tier": 0, "description": "Group record for namespace: ubuntu:12.04 and feed type: vulnerabilities", "name": "ubuntu:12.04"}, {"access_tier": 0, "description": "Group record for namespace: ubuntu:12.10 and feed type: vulnerabilities", "name": "ubuntu:12.10"}, {"access_tier": 0, "description": "Group record for namespace: ubuntu:13.04 and feed type: vulnerabilities", "name": "ubuntu:13.04"}, {"access_tier": 0, "description": "Group record for namespace: ubuntu:14.04 and feed type: vulnerabilities", "name": "ubuntu:14.04"}, {"access_tier": 0, "description": "Group record for namespace: ubuntu:14.10 and feed type: vulnerabilities", "name": "ubuntu:14.10"}, {"access_tier": 0, "description": "Group record for namespace: ubuntu:15.04 and feed type: vulnerabilities", "name": "ubuntu:15.04"}, {"access_tier": 0, "description": "Group record for namespace: ubuntu:15.10 and feed type: vulnerabilities", "name": "ubuntu:15.10"}, {"access_tier": 0, "description": "Group record for namespace: ubuntu:16.04 and feed type: vulnerabilities", "name": "ubuntu:16.04"}, {"access_tier": 0, "description": "Group record for namespace: ubuntu:16.10 and feed type: vulnerabilities", "name": "ubuntu:16.10"}, {"access_tier": 0, "description": "Group record for namespace: ubuntu:17.04 and feed type: vulnerabilities", "name": "ubuntu:17.04"}, {"access_tier": 0, "description": "Group record for namespace: ubuntu:17.10 and feed type: vulnerabilities", "name": "ubuntu:17.10"}, {"access_tier": 0, "description": "Group record for namespace: ubuntu:18.04 and feed type: vulnerabilities", "name": "ubuntu:18.04"}, {"access_tier": 0, "description": "Group record for namespace: ubuntu:18.10 and feed type: vulnerabilities", "name": "ubuntu:18.10"}, {"access_tier": 0, "description": "Group record for namespace: ubuntu:19.04 and feed type: vulnerabilities", "name": "ubuntu:19.04"}, {"access_tier": 0, "description": "Group record for namespace: ubuntu:19.10 and feed type: vulnerabilities", "name": "ubuntu:19.10"}, {"access_tier": 0, "description": "Group record for namespace: ubuntu:20.04 and feed type: vulnerabilities", "name": "ubuntu:20.04"}], "next_token": ""}