{"data": [{"Vulnerability": {"CVSS": [], "Description": "", "FixedIn": [{"Name": "bind", "NamespaceName": "ol:5", "Version": "30:9.3.3-8.el5", "VersionFormat": "rpm"}, {"Name": "bind-chroot", "NamespaceName": "ol:5", "Version": "30:9.3.3-8.el5", "VersionFormat": "rpm"}, {"Name": "bind-devel", "NamespaceName": "ol:5", "Version": "30:9.3.3-8.el5", "VersionFormat": "rpm"}, {"Name": "bind-libbind-devel", "NamespaceName": "ol:5", "Version": "30:9.3.3-8.el5", "VersionFormat": "rpm"}, {"Name": "bind-libs", "NamespaceName": "ol:5", "Version": "30:9.3.3-8.el5", "VersionFormat": "rpm"}, {"Name": "bind-sdb", "NamespaceName": "ol:5", "Version": "30:9.3.3-8.el5", "VersionFormat": "rpm"}, {"Name": "bind-utils", "NamespaceName": "ol:5", "Version": "30:9.3.3-8.el5", "VersionFormat": "rpm"}, {"Name": "caching-nameserver", "NamespaceName": "ol:5", "Version": "30:9.3.3-8.el5", "VersionFormat": "rpm"}], "Link": "https://linux.oracle.com/errata/ELSA-2007-0057.html", "Metadata": {"CVE": [{"Link": "https://linux.oracle.com/cve/CVE-2007-0493.html", "Name": "CVE-2007-0493"}, {"Link": "https://linux.oracle.com/cve/CVE-2007-0494.html", "Name": "CVE-2007-0494"}], "Issued": "2007-06-26", "RefId": "ELSA-2007-0057"}, "Name": "ELSA-2007-0057", "NamespaceName": "ol:5", "Severity": "Medium"}}, {"Vulnerability": {"CVSS": [], "Description": "", "FixedIn": [{"Name": "gnupg", "NamespaceName": "ol:5", "Version": "0:1.4.5-13", "VersionFormat": "rpm"}], "Link": "https://linux.oracle.com/errata/ELSA-2007-0107.html", "Metadata": {"CVE": [{"Link": "https://linux.oracle.com/cve/CVE-2007-1263.html", "Name": "CVE-2007-1263"}], "Issued": "2007-06-26", "RefId": "ELSA-2007-0107"}, "Name": "ELSA-2007-0107", "NamespaceName": "ol:5", "Severity": "High"}}, {"Vulnerability": {"CVSS": [], "Description": "", "FixedIn": [{"Name": "xen", "NamespaceName": "ol:5", "Version": "0:3.0.3-25.0.3.el5", "VersionFormat": "rpm"}, {"Name": "xen-devel", "NamespaceName": "ol:5", "Version": "0:3.0.3-25.0.3.el5", "VersionFormat": "rpm"}, {"Name": "xen-libs", "NamespaceName": "ol:5", "Version": "0:3.0.3-25.0.3.el5", "VersionFormat": "rpm"}], "Link": "https://linux.oracle.com/errata/ELSA-2007-0114.html", "Metadata": {"CVE": [{"Link": "https://linux.oracle.com/cve/CVE-2007-0998.html", "Name": "CVE-2007-0998"}], "Issued": "2007-06-26", "RefId": "ELSA-2007-0114"}, "Name": "ELSA-2007-0114", "NamespaceName": "ol:5", "Severity": "High"}}, {"Vulnerability": {"CVSS": [], "Description": "", "FixedIn": [{"Name": "cups", "NamespaceName": "ol:5", "Version": "1:1.2.4-11.5.1.el5", "VersionFormat": "rpm"}, {"Name": "cups-devel", "NamespaceName": "ol:5", "Version": "1:1.2.4-11.5.1.el5", "VersionFormat": "rpm"}, {"Name": "cups-libs", "NamespaceName": "ol:5", "Version": "1:1.2.4-11.5.1.el5", "VersionFormat": "rpm"}, {"Name": "cups-lpd", "NamespaceName": "ol:5", "Version": "1:1.2.4-11.5.1.el5", "VersionFormat": "rpm"}], "Link": "https://linux.oracle.com/errata/ELSA-2007-0123.html", "Metadata": {"CVE": [{"Link": "https://linux.oracle.com/cve/CVE-2007-0720.html", "Name": "CVE-2007-0720"}], "Issued": "2007-04-16", "RefId": "ELSA-2007-0123"}, "Name": "ELSA-2007-0123", "NamespaceName": "ol:5", "Severity": "Medium"}}, {"Vulnerability": {"CVSS": [], "Description": "", "FixedIn": [{"Name": "xorg-x11-server-Xdmx", "NamespaceName": "ol:5", "Version": "0:1.1.1-48.13.0.1.el5.0.1", "VersionFormat": "rpm"}, {"Name": "xorg-x11-server-Xephyr", "NamespaceName": "ol:5", "Version": "0:1.1.1-48.13.0.1.el5.0.1", "VersionFormat": "rpm"}, {"Name": "xorg-x11-server-Xnest", "NamespaceName": "ol:5", "Version": "0:1.1.1-48.13.0.1.el5.0.1", "VersionFormat": "rpm"}, {"Name": "xorg-x11-server-Xorg", "NamespaceName": "ol:5", "Version": "0:1.1.1-48.13.0.1.el5.0.1", "VersionFormat": "rpm"}, {"Name": "xorg-x11-server-Xvfb", "NamespaceName": "ol:5", "Version": "0:1.1.1-48.13.0.1.el5.0.1", "VersionFormat": "rpm"}, {"Name": "xorg-x11-server-sdk", "NamespaceName": "ol:5", "Version": "0:1.1.1-48.13.0.1.el5.0.1", "VersionFormat": "rpm"}], "Link": "https://linux.oracle.com/errata/ELSA-2007-0127.html", "Metadata": {"CVE": [{"Link": "https://linux.oracle.com/cve/CVE-2007-1003.html", "Name": "CVE-2007-1003"}], "Issued": "2007-06-26", "RefId": "ELSA-2007-0127"}, "Name": "ELSA-2007-0127", "NamespaceName": "ol:5", "Severity": "High"}}, {"Vulnerability": {"CVSS": [], "Description": "", "FixedIn": [{"Name": "squid", "NamespaceName": "ol:5", "Version": "7:2.6.STABLE6-4.el5", "VersionFormat": "rpm"}], "Link": "https://linux.oracle.com/errata/ELSA-2007-0131.html", "Metadata": {"CVE": [{"Link": "https://linux.oracle.com/cve/CVE-2007-1560.html", "Name": "CVE-2007-1560"}], "Issued": "2007-06-26", "RefId": "ELSA-2007-0131"}, "Name": "ELSA-2007-0131", "NamespaceName": "ol:5", "Severity": "Medium"}}, {"Vulnerability": {"CVSS": [], "Description": "", "FixedIn": [{"Name": "libXfont", "NamespaceName": "ol:5", "Version": "0:1.2.2-1.0.2.el5", "VersionFormat": "rpm"}, {"Name": "libXfont-devel", "NamespaceName": "ol:5", "Version": "0:1.2.2-1.0.2.el5", "VersionFormat": "rpm"}], "Link": "https://linux.oracle.com/errata/ELSA-2007-0132.html", "Metadata": {"CVE": [{"Link": "https://linux.oracle.com/cve/CVE-2007-1351.html", "Name": "CVE-2007-1351"}, {"Link": "https://linux.oracle.com/cve/CVE-2007-1352.html", "Name": "CVE-2007-1352"}], "Issued": "2007-06-26", "RefId": "ELSA-2007-0132"}, "Name": "ELSA-2007-0132", "NamespaceName": "ol:5", "Severity": "High"}}, {"Vulnerability": {"CVSS": [], "Description": "", "FixedIn": [{"Name": "libX11", "NamespaceName": "ol:5", "Version": "0:1.0.3-8.0.1.el5", "VersionFormat": "rpm"}, {"Name": "libX11-devel", "NamespaceName": "ol:5", "Version": "0:1.0.3-8.0.1.el5", "VersionFormat": "rpm"}, {"Name": "xorg-x11-apps", "NamespaceName": "ol:5", "Version": "0:7.1-4.0.1.el5", "VersionFormat": "rpm"}], "Link": "https://linux.oracle.com/errata/ELSA-2007-0157.html", "Metadata": {"CVE": [{"Link": "https://linux.oracle.com/cve/CVE-2007-1667.html", "Name": "CVE-2007-1667"}], "Issued": "2007-06-26", "RefId": "ELSA-2007-0157"}, "Name": "ELSA-2007-0157", "NamespaceName": "ol:5", "Severity": "Medium"}}, {"Vulnerability": {"CVSS": [], "Description": "", "FixedIn": [{"Name": "freeradius", "NamespaceName": "ol:5", "Version": "0:1.1.3-1.2.el5", "VersionFormat": "rpm"}, {"Name": "freeradius-mysql", "NamespaceName": "ol:5", "Version": "0:1.1.3-1.2.el5", "VersionFormat": "rpm"}, {"Name": "freeradius-postgresql", "NamespaceName": "ol:5", "Version": "0:1.1.3-1.2.el5", "VersionFormat": "rpm"}, {"Name": "freeradius-unixODBC", "NamespaceName": "ol:5", "Version": "0:1.1.3-1.2.el5", "VersionFormat": "rpm"}], "Link": "https://linux.oracle.com/errata/ELSA-2007-0338.html", "Metadata": {"CVE": [{"Link": "https://linux.oracle.com/cve/CVE-2007-2028.html", "Name": "CVE-2007-2028"}], "Issued": "2007-05-10", "RefId": "ELSA-2007-0338"}, "Name": "ELSA-2007-0338", "NamespaceName": "ol:5", "Severity": "Medium"}}, {"Vulnerability": {"CVSS": [], "Description": "", "FixedIn": [{"Name": "ipsec-tools", "NamespaceName": "ol:5", "Version": "0:0.6.5-8.el5", "VersionFormat": "rpm"}], "Link": "https://linux.oracle.com/errata/ELSA-2007-0342.html", "Metadata": {"CVE": [{"Link": "https://linux.oracle.com/cve/CVE-2007-1841.html", "Name": "CVE-2007-1841"}], "Issued": "2007-06-26", "RefId": "ELSA-2007-0342"}, "Name": "ELSA-2007-0342", "NamespaceName": "ol:5", "Severity": "Medium"}}], "next_token": ""}