{"data": [{"Vulnerability": {"CVSS": [], "Description": "", "FixedIn": [{"Name": "microcode_ctl", "NamespaceName": "ol:6", "Version": "1:1.17-25.2.el6_9", "VersionFormat": "rpm"}], "Link": "http://linux.oracle.com/errata/ELSA-2018-0013.html", "Metadata": {"CVE": [{"Link": "http://linux.oracle.com/cve/CVE-2017-5715.html", "Name": "CVE-2017-5715"}], "Issued": "2018-01-04", "RefId": "ELSA-2018-0013"}, "Name": "ELSA-2018-0013", "NamespaceName": "ol:6", "Severity": "High"}}, {"Vulnerability": {"CVSS": [], "Description": "", "FixedIn": [{"Name": "firefox", "NamespaceName": "ol:6", "Version": "0:60.2.0-1.0.1.el6", "VersionFormat": "rpm"}], "Link": "http://linux.oracle.com/errata/ELSA-2018-2693.html", "Metadata": {"CVE": [{"Link": "http://linux.oracle.com/cve/CVE-2018-12376.html", "Name": "CVE-2018-12376"}, {"Link": "http://linux.oracle.com/cve/CVE-2018-12377.html", "Name": "CVE-2018-12377"}, {"Link": "http://linux.oracle.com/cve/CVE-2018-12378.html", "Name": "CVE-2018-12378"}, {"Link": "http://linux.oracle.com/cve/CVE-2018-12379.html", "Name": "CVE-2018-12379"}, {"Link": "http://linux.oracle.com/cve/CVE-2017-16541.html", "Name": "CVE-2017-16541"}], "Issued": "2018-09-24", "RefId": "ELSA-2018-2693"}, "Name": "ELSA-2018-2693", "NamespaceName": "ol:6", "Severity": "Critical"}}, {"Vulnerability": {"CVSS": [], "Description": "", "FixedIn": [{"Name": "bzip2", "NamespaceName": "ol:6", "Version": "0:1.0.5-7.el6_0", "VersionFormat": "rpm"}, {"Name": "bzip2-devel", "NamespaceName": "ol:6", "Version": "0:1.0.5-7.el6_0", "VersionFormat": "rpm"}, {"Name": "bzip2-libs", "NamespaceName": "ol:6", "Version": "0:1.0.5-7.el6_0", "VersionFormat": "rpm"}], "Link": "https://linux.oracle.com/errata/ELSA-2010-0858.html", "Metadata": {"CVE": [{"Link": "https://linux.oracle.com/cve/CVE-2010-0405.html", "Name": "CVE-2010-0405"}], "Issued": "2011-02-10", "RefId": "ELSA-2010-0858"}, "Name": "ELSA-2010-0858", "NamespaceName": "ol:6", "Severity": "High"}}, {"Vulnerability": {"CVSS": [], "Description": "", "FixedIn": [{"Name": "libsmbclient", "NamespaceName": "ol:6", "Version": "0:3.5.4-68.el6_0.1", "VersionFormat": "rpm"}, {"Name": "libsmbclient-devel", "NamespaceName": "ol:6", "Version": "0:3.5.4-68.el6_0.1", "VersionFormat": "rpm"}, {"Name": "samba", "NamespaceName": "ol:6", "Version": "0:3.5.4-68.el6_0.1", "VersionFormat": "rpm"}, {"Name": "samba-client", "NamespaceName": "ol:6", "Version": "0:3.5.4-68.el6_0.1", "VersionFormat": "rpm"}, {"Name": "samba-common", "NamespaceName": "ol:6", "Version": "0:3.5.4-68.el6_0.1", "VersionFormat": "rpm"}, {"Name": "samba-doc", "NamespaceName": "ol:6", "Version": "0:3.5.4-68.el6_0.1", "VersionFormat": "rpm"}, {"Name": "samba-domainjoin-gui", "NamespaceName": "ol:6", "Version": "0:3.5.4-68.el6_0.1", "VersionFormat": "rpm"}, {"Name": "samba-swat", "NamespaceName": "ol:6", "Version": "0:3.5.4-68.el6_0.1", "VersionFormat": "rpm"}, {"Name": "samba-winbind", "NamespaceName": "ol:6", "Version": "0:3.5.4-68.el6_0.1", "VersionFormat": "rpm"}, {"Name": "samba-winbind-clients", "NamespaceName": "ol:6", "Version": "0:3.5.4-68.el6_0.1", "VersionFormat": "rpm"}, {"Name": "samba-winbind-devel", "NamespaceName": "ol:6", "Version": "0:3.5.4-68.el6_0.1", "VersionFormat": "rpm"}], "Link": "https://linux.oracle.com/errata/ELSA-2010-0860.html", "Metadata": {"CVE": [{"Link": "https://linux.oracle.com/cve/CVE-2010-3069.html", "Name": "CVE-2010-3069"}], "Issued": "2011-02-10", "RefId": "ELSA-2010-0860"}, "Name": "ELSA-2010-0860", "NamespaceName": "ol:6", "Severity": "Critical"}}, {"Vulnerability": {"CVSS": [], "Description": "", "FixedIn": [{"Name": "nss", "NamespaceName": "ol:6", "Version": "0:3.12.8-1.0.1.el6_0", "VersionFormat": "rpm"}, {"Name": "nss-devel", "NamespaceName": "ol:6", "Version": "0:3.12.8-1.0.1.el6_0", "VersionFormat": "rpm"}, {"Name": "nss-pkcs11-devel", "NamespaceName": "ol:6", "Version": "0:3.12.8-1.0.1.el6_0", "VersionFormat": "rpm"}, {"Name": "nss-softokn", "NamespaceName": "ol:6", "Version": "0:3.12.8-1.el6_0", "VersionFormat": "rpm"}, {"Name": "nss-softokn-devel", "NamespaceName": "ol:6", "Version": "0:3.12.8-1.el6_0", "VersionFormat": "rpm"}, {"Name": "nss-softokn-freebl", "NamespaceName": "ol:6", "Version": "0:3.12.8-1.el6_0", "VersionFormat": "rpm"}, {"Name": "nss-sysinit", "NamespaceName": "ol:6", "Version": "0:3.12.8-1.0.1.el6_0", "VersionFormat": "rpm"}, {"Name": "nss-tools", "NamespaceName": "ol:6", "Version": "0:3.12.8-1.0.1.el6_0", "VersionFormat": "rpm"}, {"Name": "nss-util", "NamespaceName": "ol:6", "Version": "0:3.12.8-1.el6_0", "VersionFormat": "rpm"}, {"Name": "nss-util-devel", "NamespaceName": "ol:6", "Version": "0:3.12.8-1.el6_0", "VersionFormat": "rpm"}], "Link": "https://linux.oracle.com/errata/ELSA-2010-0862.html", "Metadata": {"CVE": [{"Link": "https://linux.oracle.com/cve/CVE-2010-3170.html", "Name": "CVE-2010-3170"}], "Issued": "2011-02-11", "RefId": "ELSA-2010-0862"}, "Name": "ELSA-2010-0862", "NamespaceName": "ol:6", "Severity": "Low"}}, {"Vulnerability": {"CVSS": [], "Description": "", "FixedIn": [{"Name": "cups", "NamespaceName": "ol:6", "Version": "1:1.4.2-35.el6_0.1", "VersionFormat": "rpm"}, {"Name": "cups-devel", "NamespaceName": "ol:6", "Version": "1:1.4.2-35.el6_0.1", "VersionFormat": "rpm"}, {"Name": "cups-libs", "NamespaceName": "ol:6", "Version": "1:1.4.2-35.el6_0.1", "VersionFormat": "rpm"}, {"Name": "cups-lpd", "NamespaceName": "ol:6", "Version": "1:1.4.2-35.el6_0.1", "VersionFormat": "rpm"}, {"Name": "cups-php", "NamespaceName": "ol:6", "Version": "1:1.4.2-35.el6_0.1", "VersionFormat": "rpm"}], "Link": "https://linux.oracle.com/errata/ELSA-2010-0866.html", "Metadata": {"CVE": [{"Link": "https://linux.oracle.com/cve/CVE-2010-2941.html", "Name": "CVE-2010-2941"}], "Issued": "2011-02-10", "RefId": "ELSA-2010-0866"}, "Name": "ELSA-2010-0866", "NamespaceName": "ol:6", "Severity": "High"}}, {"Vulnerability": {"CVSS": [], "Description": "", "FixedIn": [{"Name": "glibc", "NamespaceName": "ol:6", "Version": "0:2.12-1.7.el6_0.3", "VersionFormat": "rpm"}, {"Name": "glibc-common", "NamespaceName": "ol:6", "Version": "0:2.12-1.7.el6_0.3", "VersionFormat": "rpm"}, {"Name": "glibc-devel", "NamespaceName": "ol:6", "Version": "0:2.12-1.7.el6_0.3", "VersionFormat": "rpm"}, {"Name": "glibc-headers", "NamespaceName": "ol:6", "Version": "0:2.12-1.7.el6_0.3", "VersionFormat": "rpm"}, {"Name": "glibc-static", "NamespaceName": "ol:6", "Version": "0:2.12-1.7.el6_0.3", "VersionFormat": "rpm"}, {"Name": "glibc-utils", "NamespaceName": "ol:6", "Version": "0:2.12-1.7.el6_0.3", "VersionFormat": "rpm"}, {"Name": "nscd", "NamespaceName": "ol:6", "Version": "0:2.12-1.7.el6_0.3", "VersionFormat": "rpm"}], "Link": "https://linux.oracle.com/errata/ELSA-2010-0872.html", "Metadata": {"CVE": [{"Link": "https://linux.oracle.com/cve/CVE-2010-3847.html", "Name": "CVE-2010-3847"}, {"Link": "https://linux.oracle.com/cve/CVE-2010-3856.html", "Name": "CVE-2010-3856"}], "Issued": "2011-02-10", "RefId": "ELSA-2010-0872"}, "Name": "ELSA-2010-0872", "NamespaceName": "ol:6", "Severity": "High"}}, {"Vulnerability": {"CVSS": [], "Description": "", "FixedIn": [{"Name": "finch", "NamespaceName": "ol:6", "Version": "0:2.6.6-6.el6_0", "VersionFormat": "rpm"}, {"Name": "finch-devel", "NamespaceName": "ol:6", "Version": "0:2.6.6-6.el6_0", "VersionFormat": "rpm"}, {"Name": "libpurple", "NamespaceName": "ol:6", "Version": "0:2.6.6-6.el6_0", "VersionFormat": "rpm"}, {"Name": "libpurple-devel", "NamespaceName": "ol:6", "Version": "0:2.6.6-6.el6_0", "VersionFormat": "rpm"}, {"Name": "libpurple-perl", "NamespaceName": "ol:6", "Version": "0:2.6.6-6.el6_0", "VersionFormat": "rpm"}, {"Name": "libpurple-tcl", "NamespaceName": "ol:6", "Version": "0:2.6.6-6.el6_0", "VersionFormat": "rpm"}, {"Name": "pidgin", "NamespaceName": "ol:6", "Version": "0:2.6.6-6.el6_0", "VersionFormat": "rpm"}, {"Name": "pidgin-devel", "NamespaceName": "ol:6", "Version": "0:2.6.6-6.el6_0", "VersionFormat": "rpm"}, {"Name": "pidgin-docs", "NamespaceName": "ol:6", "Version": "0:2.6.6-6.el6_0", "VersionFormat": "rpm"}, {"Name": "pidgin-perl", "NamespaceName": "ol:6", "Version": "0:2.6.6-6.el6_0", "VersionFormat": "rpm"}], "Link": "https://linux.oracle.com/errata/ELSA-2010-0890.html", "Metadata": {"CVE": [{"Link": "https://linux.oracle.com/cve/CVE-2010-3711.html", "Name": "CVE-2010-3711"}], "Issued": "2011-02-10", "RefId": "ELSA-2010-0890"}, "Name": "ELSA-2010-0890", "NamespaceName": "ol:6", "Severity": "Medium"}}, {"Vulnerability": {"CVSS": [], "Description": "", "FixedIn": [{"Name": "cvs", "NamespaceName": "ol:6", "Version": "0:1.11.23-11.el6_0.1", "VersionFormat": "rpm"}], "Link": "https://linux.oracle.com/errata/ELSA-2010-0918.html", "Metadata": {"CVE": [{"Link": "https://linux.oracle.com/cve/CVE-2010-3846.html", "Name": "CVE-2010-3846"}], "Issued": "2011-02-10", "RefId": "ELSA-2010-0918"}, "Name": "ELSA-2010-0918", "NamespaceName": "ol:6", "Severity": "Medium"}}, {"Vulnerability": {"CVSS": [], "Description": "", "FixedIn": [{"Name": "dhclient", "NamespaceName": "ol:6", "Version": "12:4.1.1-12.P1.el6_0.1", "VersionFormat": "rpm"}, {"Name": "dhcp", "NamespaceName": "ol:6", "Version": "12:4.1.1-12.P1.el6_0.1", "VersionFormat": "rpm"}, {"Name": "dhcp-devel", "NamespaceName": "ol:6", "Version": "12:4.1.1-12.P1.el6_0.1", "VersionFormat": "rpm"}], "Link": "https://linux.oracle.com/errata/ELSA-2010-0923.html", "Metadata": {"CVE": [{"Link": "https://linux.oracle.com/cve/CVE-2010-3611.html", "Name": "CVE-2010-3611"}], "Issued": "2011-02-10", "RefId": "ELSA-2010-0923"}, "Name": "ELSA-2010-0923", "NamespaceName": "ol:6", "Severity": "Medium"}}], "next_token": ""}