{"data": [{"Vulnerability": {"CVSS": [], "Description": "", "FixedIn": [{"Name": "microcode_ctl", "NamespaceName": "ol:7", "Version": "2:2.1-22.2.el7", "VersionFormat": "rpm"}], "Link": "http://linux.oracle.com/errata/ELSA-2018-0012.html", "Metadata": {"CVE": [{"Link": "http://linux.oracle.com/cve/CVE-2017-5715.html", "Name": "CVE-2017-5715"}], "Issued": "2018-01-04", "RefId": "ELSA-2018-0012"}, "Name": "ELSA-2018-0012", "NamespaceName": "ol:7", "Severity": "High"}}, {"Vulnerability": {"CVSS": [], "Description": "", "FixedIn": [{"Name": "bpftool", "NamespaceName": "ol:7", "Version": "0:3.10.0-1160.2.2.el7", "VersionFormat": "rpm"}, {"Name": "kernel", "NamespaceName": "ol:7", "Version": "0:3.10.0-1160.2.2.el7", "VersionFormat": "rpm"}, {"Name": "kernel-abi-whitelists", "NamespaceName": "ol:7", "Version": "0:3.10.0-1160.2.2.el7", "VersionFormat": "rpm"}, {"Name": "kernel-debug", "NamespaceName": "ol:7", "Version": "0:3.10.0-1160.2.2.el7", "VersionFormat": "rpm"}, {"Name": "kernel-debug-devel", "NamespaceName": "ol:7", "Version": "0:3.10.0-1160.2.2.el7", "VersionFormat": "rpm"}, {"Name": "kernel-devel", "NamespaceName": "ol:7", "Version": "0:3.10.0-1160.2.2.el7", "VersionFormat": "rpm"}, {"Name": "kernel-doc", "NamespaceName": "ol:7", "Version": "0:3.10.0-1160.2.2.el7", "VersionFormat": "rpm"}, {"Name": "kernel-headers", "NamespaceName": "ol:7", "Version": "0:3.10.0-1160.2.2.el7", "VersionFormat": "rpm"}, {"Name": "kernel-tools", "NamespaceName": "ol:7", "Version": "0:3.10.0-1160.2.2.el7", "VersionFormat": "rpm"}, {"Name": "kernel-tools-libs", "NamespaceName": "ol:7", "Version": "0:3.10.0-1160.2.2.el7", "VersionFormat": "rpm"}, {"Name": "kernel-tools-libs-devel", "NamespaceName": "ol:7", "Version": "0:3.10.0-1160.2.2.el7", "VersionFormat": "rpm"}, {"Name": "perf", "NamespaceName": "ol:7", "Version": "0:3.10.0-1160.2.2.el7", "VersionFormat": "rpm"}, {"Name": "python-perf", "NamespaceName": "ol:7", "Version": "0:3.10.0-1160.2.2.el7", "VersionFormat": "rpm"}], "Link": "https://linux.oracle.com/errata/ELSA-2020-4276.html", "Metadata": {"CVE": [{"Link": "https://linux.oracle.com/cve/CVE-2020-12352.html", "Name": "CVE-2020-12352"}, {"Link": "https://linux.oracle.com/cve/CVE-2020-12351.html", "Name": "CVE-2020-12351"}], "Issued": "2020-10-23", "RefId": "ELSA-2020-4276"}, "Name": "ELSA-2020-4276", "NamespaceName": "ol:7", "Severity": "High"}}, {"Vulnerability": {"CVSS": [], "Description": "", "FixedIn": [{"Name": "kernel", "NamespaceName": "ol:7", "Version": "0:3.10.0-123.1.2.el7", "VersionFormat": "rpm"}, {"Name": "kernel-abi-whitelists", "NamespaceName": "ol:7", "Version": "0:3.10.0-123.1.2.el7", "VersionFormat": "rpm"}, {"Name": "kernel-debug", "NamespaceName": "ol:7", "Version": "0:3.10.0-123.1.2.el7", "VersionFormat": "rpm"}, {"Name": "kernel-debug-devel", "NamespaceName": "ol:7", "Version": "0:3.10.0-123.1.2.el7", "VersionFormat": "rpm"}, {"Name": "kernel-devel", "NamespaceName": "ol:7", "Version": "0:3.10.0-123.1.2.el7", "VersionFormat": "rpm"}, {"Name": "kernel-doc", "NamespaceName": "ol:7", "Version": "0:3.10.0-123.1.2.el7", "VersionFormat": "rpm"}, {"Name": "kernel-headers", "NamespaceName": "ol:7", "Version": "0:3.10.0-123.1.2.el7", "VersionFormat": "rpm"}, {"Name": "kernel-tools", "NamespaceName": "ol:7", "Version": "0:3.10.0-123.1.2.el7", "VersionFormat": "rpm"}, {"Name": "kernel-tools-libs", "NamespaceName": "ol:7", "Version": "0:3.10.0-123.1.2.el7", "VersionFormat": "rpm"}, {"Name": "kernel-tools-libs-devel", "NamespaceName": "ol:7", "Version": "0:3.10.0-123.1.2.el7", "VersionFormat": "rpm"}, {"Name": "perf", "NamespaceName": "ol:7", "Version": "0:3.10.0-123.1.2.el7", "VersionFormat": "rpm"}, {"Name": "python-perf", "NamespaceName": "ol:7", "Version": "0:3.10.0-123.1.2.el7", "VersionFormat": "rpm"}], "Link": "https://linux.oracle.com/errata/ELSA-2014-0678.html", "Metadata": {"CVE": [{"Link": "https://linux.oracle.com/cve/CVE-2014-0196.html", "Name": "CVE-2014-0196"}], "Issued": "2014-07-20", "RefId": "ELSA-2014-0678"}, "Name": "ELSA-2014-0678", "NamespaceName": "ol:7", "Severity": "High"}}, {"Vulnerability": {"CVSS": [], "Description": "", "FixedIn": [{"Name": "openssl098e", "NamespaceName": "ol:7", "Version": "0:0.9.8e-29.el7_0.2", "VersionFormat": "rpm"}], "Link": "https://linux.oracle.com/errata/ELSA-2014-0680.html", "Metadata": {"CVE": [{"Link": "https://linux.oracle.com/cve/CVE-2014-0224.html", "Name": "CVE-2014-0224"}], "Issued": "2014-07-23", "RefId": "ELSA-2014-0680"}, "Name": "ELSA-2014-0680", "NamespaceName": "ol:7", "Severity": "High"}}, {"Vulnerability": {"CVSS": [], "Description": "", "FixedIn": [{"Name": "gnutls", "NamespaceName": "ol:7", "Version": "0:3.1.18-9.el7_0", "VersionFormat": "rpm"}, {"Name": "gnutls-c++", "NamespaceName": "ol:7", "Version": "0:3.1.18-9.el7_0", "VersionFormat": "rpm"}, {"Name": "gnutls-dane", "NamespaceName": "ol:7", "Version": "0:3.1.18-9.el7_0", "VersionFormat": "rpm"}, {"Name": "gnutls-devel", "NamespaceName": "ol:7", "Version": "0:3.1.18-9.el7_0", "VersionFormat": "rpm"}, {"Name": "gnutls-utils", "NamespaceName": "ol:7", "Version": "0:3.1.18-9.el7_0", "VersionFormat": "rpm"}], "Link": "https://linux.oracle.com/errata/ELSA-2014-0684.html", "Metadata": {"CVE": [{"Link": "https://linux.oracle.com/cve/CVE-2014-3466.html", "Name": "CVE-2014-3466"}, {"Link": "https://linux.oracle.com/cve/CVE-2014-3465.html", "Name": "CVE-2014-3465"}], "Issued": "2014-07-23", "RefId": "ELSA-2014-0684"}, "Name": "ELSA-2014-0684", "NamespaceName": "ol:7", "Severity": "High"}}, {"Vulnerability": {"CVSS": [], "Description": "", "FixedIn": [{"Name": "json-c", "NamespaceName": "ol:7", "Version": "0:0.11-4.el7_0", "VersionFormat": "rpm"}, {"Name": "json-c-devel", "NamespaceName": "ol:7", "Version": "0:0.11-4.el7_0", "VersionFormat": "rpm"}, {"Name": "json-c-doc", "NamespaceName": "ol:7", "Version": "0:0.11-4.el7_0", "VersionFormat": "rpm"}], "Link": "https://linux.oracle.com/errata/ELSA-2014-0703.html", "Metadata": {"CVE": [{"Link": "https://linux.oracle.com/cve/CVE-2013-6371.html", "Name": "CVE-2013-6371"}, {"Link": "https://linux.oracle.com/cve/CVE-2013-6370.html", "Name": "CVE-2013-6370"}], "Issued": "2014-07-23", "RefId": "ELSA-2014-0703"}, "Name": "ELSA-2014-0703", "NamespaceName": "ol:7", "Severity": "Medium"}}, {"Vulnerability": {"CVSS": [], "Description": "", "FixedIn": [{"Name": "libcacard", "NamespaceName": "ol:7", "Version": "10:1.5.3-60.el7_0.2", "VersionFormat": "rpm"}, {"Name": "libcacard-devel", "NamespaceName": "ol:7", "Version": "10:1.5.3-60.el7_0.2", "VersionFormat": "rpm"}, {"Name": "libcacard-tools", "NamespaceName": "ol:7", "Version": "10:1.5.3-60.el7_0.2", "VersionFormat": "rpm"}, {"Name": "qemu-guest-agent", "NamespaceName": "ol:7", "Version": "10:1.5.3-60.el7_0.2", "VersionFormat": "rpm"}, {"Name": "qemu-img", "NamespaceName": "ol:7", "Version": "10:1.5.3-60.el7_0.2", "VersionFormat": "rpm"}, {"Name": "qemu-kvm", "NamespaceName": "ol:7", "Version": "10:1.5.3-60.el7_0.2", "VersionFormat": "rpm"}, {"Name": "qemu-kvm-common", "NamespaceName": "ol:7", "Version": "10:1.5.3-60.el7_0.2", "VersionFormat": "rpm"}, {"Name": "qemu-kvm-tools", "NamespaceName": "ol:7", "Version": "10:1.5.3-60.el7_0.2", "VersionFormat": "rpm"}], "Link": "https://linux.oracle.com/errata/ELSA-2014-0704.html", "Metadata": {"CVE": [{"Link": "https://linux.oracle.com/cve/CVE-2014-2894.html", "Name": "CVE-2014-2894"}], "Issued": "2014-07-23", "RefId": "ELSA-2014-0704"}, "Name": "ELSA-2014-0704", "NamespaceName": "ol:7", "Severity": "Medium"}}, {"Vulnerability": {"CVSS": [], "Description": "", "FixedIn": [{"Name": "dovecot", "NamespaceName": "ol:7", "Version": "1:2.2.10-4.el7_0.1", "VersionFormat": "rpm"}, {"Name": "dovecot-mysql", "NamespaceName": "ol:7", "Version": "1:2.2.10-4.el7_0.1", "VersionFormat": "rpm"}, {"Name": "dovecot-pgsql", "NamespaceName": "ol:7", "Version": "1:2.2.10-4.el7_0.1", "VersionFormat": "rpm"}, {"Name": "dovecot-pigeonhole", "NamespaceName": "ol:7", "Version": "1:2.2.10-4.el7_0.1", "VersionFormat": "rpm"}], "Link": "https://linux.oracle.com/errata/ELSA-2014-0790.html", "Metadata": {"CVE": [{"Link": "https://linux.oracle.com/cve/CVE-2014-3430.html", "Name": "CVE-2014-3430"}], "Issued": "2014-06-25", "RefId": "ELSA-2014-0790"}, "Name": "ELSA-2014-0790", "NamespaceName": "ol:7", "Severity": "Medium"}}, {"Vulnerability": {"CVSS": [], "Description": "", "FixedIn": [{"Name": "lzo", "NamespaceName": "ol:7", "Version": "0:2.06-6.el7_0.2", "VersionFormat": "rpm"}, {"Name": "lzo-devel", "NamespaceName": "ol:7", "Version": "0:2.06-6.el7_0.2", "VersionFormat": "rpm"}, {"Name": "lzo-minilzo", "NamespaceName": "ol:7", "Version": "0:2.06-6.el7_0.2", "VersionFormat": "rpm"}], "Link": "https://linux.oracle.com/errata/ELSA-2014-0861.html", "Metadata": {"CVE": [{"Link": "https://linux.oracle.com/cve/CVE-2014-4607.html", "Name": "CVE-2014-4607"}], "Issued": "2014-07-09", "RefId": "ELSA-2014-0861"}, "Name": "ELSA-2014-0861", "NamespaceName": "ol:7", "Severity": "Medium"}}, {"Vulnerability": {"CVSS": [], "Description": "", "FixedIn": [{"Name": "libvirt", "NamespaceName": "ol:7", "Version": "0:1.1.1-29.0.1.el7_0.1", "VersionFormat": "rpm"}, {"Name": "libvirt-client", "NamespaceName": "ol:7", "Version": "0:1.1.1-29.0.1.el7_0.1", "VersionFormat": "rpm"}, {"Name": "libvirt-daemon", "NamespaceName": "ol:7", "Version": "0:1.1.1-29.0.1.el7_0.1", "VersionFormat": "rpm"}, {"Name": "libvirt-daemon-config-network", "NamespaceName": "ol:7", "Version": "0:1.1.1-29.0.1.el7_0.1", "VersionFormat": "rpm"}, {"Name": "libvirt-daemon-config-nwfilter", "NamespaceName": "ol:7", "Version": "0:1.1.1-29.0.1.el7_0.1", "VersionFormat": "rpm"}, {"Name": "libvirt-daemon-driver-interface", "NamespaceName": "ol:7", "Version": "0:1.1.1-29.0.1.el7_0.1", "VersionFormat": "rpm"}, {"Name": "libvirt-daemon-driver-lxc", "NamespaceName": "ol:7", "Version": "0:1.1.1-29.0.1.el7_0.1", "VersionFormat": "rpm"}, {"Name": "libvirt-daemon-driver-network", "NamespaceName": "ol:7", "Version": "0:1.1.1-29.0.1.el7_0.1", "VersionFormat": "rpm"}, {"Name": "libvirt-daemon-driver-nodedev", "NamespaceName": "ol:7", "Version": "0:1.1.1-29.0.1.el7_0.1", "VersionFormat": "rpm"}, {"Name": "libvirt-daemon-driver-nwfilter", "NamespaceName": "ol:7", "Version": "0:1.1.1-29.0.1.el7_0.1", "VersionFormat": "rpm"}, {"Name": "libvirt-daemon-driver-qemu", "NamespaceName": "ol:7", "Version": "0:1.1.1-29.0.1.el7_0.1", "VersionFormat": "rpm"}, {"Name": "libvirt-daemon-driver-secret", "NamespaceName": "ol:7", "Version": "0:1.1.1-29.0.1.el7_0.1", "VersionFormat": "rpm"}, {"Name": "libvirt-daemon-driver-storage", "NamespaceName": "ol:7", "Version": "0:1.1.1-29.0.1.el7_0.1", "VersionFormat": "rpm"}, {"Name": "libvirt-daemon-kvm", "NamespaceName": "ol:7", "Version": "0:1.1.1-29.0.1.el7_0.1", "VersionFormat": "rpm"}, {"Name": "libvirt-daemon-lxc", "NamespaceName": "ol:7", "Version": "0:1.1.1-29.0.1.el7_0.1", "VersionFormat": "rpm"}, {"Name": "libvirt-devel", "NamespaceName": "ol:7", "Version": "0:1.1.1-29.0.1.el7_0.1", "VersionFormat": "rpm"}, {"Name": "libvirt-docs", "NamespaceName": "ol:7", "Version": "0:1.1.1-29.0.1.el7_0.1", "VersionFormat": "rpm"}, {"Name": "libvirt-lock-sanlock", "NamespaceName": "ol:7", "Version": "0:1.1.1-29.0.1.el7_0.1", "VersionFormat": "rpm"}, {"Name": "libvirt-login-shell", "NamespaceName": "ol:7", "Version": "0:1.1.1-29.0.1.el7_0.1", "VersionFormat": "rpm"}, {"Name": "libvirt-python", "NamespaceName": "ol:7", "Version": "0:1.1.1-29.0.1.el7_0.1", "VersionFormat": "rpm"}], "Link": "https://linux.oracle.com/errata/ELSA-2014-0914.html", "Metadata": {"CVE": [{"Link": "https://linux.oracle.com/cve/CVE-2014-0179.html", "Name": "CVE-2014-0179"}], "Issued": "2014-07-23", "RefId": "ELSA-2014-0914"}, "Name": "ELSA-2014-0914", "NamespaceName": "ol:7", "Severity": "Medium"}}], "next_token": ""}