{"data": [{"Vulnerability": {"CVSS": [], "Description": "", "FixedIn": [{"Name": "edk2-aarch64", "NamespaceName": "ol:8", "Version": "0:20180508gitee3198e672e2-9.el8_0.1", "VersionFormat": "rpm"}, {"Name": "edk2-ovmf", "NamespaceName": "ol:8", "Version": "0:20180508gitee3198e672e2-9.el8_0.1", "VersionFormat": "rpm"}], "Link": "https://linux.oracle.com/errata/ELSA-2019-0968.html", "Metadata": {"CVE": [{"Link": "https://linux.oracle.com/cve/CVE-2018-12180.html", "Name": "CVE-2018-12180"}], "Issued": "2019-07-30", "RefId": "ELSA-2019-0968"}, "Name": "ELSA-2019-0968", "NamespaceName": "ol:8", "Severity": "High"}}, {"Vulnerability": {"CVSS": [], "Description": "", "FixedIn": [{"Name": "libwsman-devel", "NamespaceName": "ol:8", "Version": "0:2.6.5-5.el8", "VersionFormat": "rpm"}, {"Name": "libwsman1", "NamespaceName": "ol:8", "Version": "0:2.6.5-5.el8", "VersionFormat": "rpm"}, {"Name": "openwsman-client", "NamespaceName": "ol:8", "Version": "0:2.6.5-5.el8", "VersionFormat": "rpm"}, {"Name": "openwsman-python3", "NamespaceName": "ol:8", "Version": "0:2.6.5-5.el8", "VersionFormat": "rpm"}, {"Name": "openwsman-server", "NamespaceName": "ol:8", "Version": "0:2.6.5-5.el8", "VersionFormat": "rpm"}], "Link": "https://linux.oracle.com/errata/ELSA-2019-0972.html", "Metadata": {"CVE": [{"Link": "https://linux.oracle.com/cve/CVE-2019-3816.html", "Name": "CVE-2019-3816"}], "Issued": "2019-07-30", "RefId": "ELSA-2019-0972"}, "Name": "ELSA-2019-0972", "NamespaceName": "ol:8", "Severity": "High"}}, {"Vulnerability": {"CVSS": [], "Description": "", "FixedIn": [{"Name": "buildah", "NamespaceName": "ol:8", "Version": "0:1.5-3.0.1.gite94b4f9.module+el8.0.0+5215+77f672ad", "VersionFormat": "rpm"}, {"Name": "container-selinux", "NamespaceName": "ol:8", "Version": "2:2.94-1.git1e99f1d.module+el8.0.0+5215+77f672ad", "VersionFormat": "rpm"}, {"Name": "containernetworking-plugins", "NamespaceName": "ol:8", "Version": "0:0.7.4-3.git9ebe139.module+el8.0.0+5215+77f672ad", "VersionFormat": "rpm"}, {"Name": "containers-common", "NamespaceName": "ol:8", "Version": "1:0.1.32-3.0.2.git1715c90.module+el8.0.0+5215+77f672ad", "VersionFormat": "rpm"}, {"Name": "fuse-overlayfs", "NamespaceName": "ol:8", "Version": "0:0.3-2.module+el8.0.0+5215+77f672ad", "VersionFormat": "rpm"}, {"Name": "oci-systemd-hook", "NamespaceName": "ol:8", "Version": "1:0.1.15-2.git2d0b8a3.module+el8.0.0+5215+77f672ad", "VersionFormat": "rpm"}, {"Name": "oci-umount", "NamespaceName": "ol:8", "Version": "2:2.3.4-2.git87f9237.module+el8.0.0+5215+77f672ad", "VersionFormat": "rpm"}, {"Name": "podman", "NamespaceName": "ol:8", "Version": "0:1.0.0-2.0.1.git921f98f.module+el8.0.0+5215+77f672ad", "VersionFormat": "rpm"}, {"Name": "podman-docker", "NamespaceName": "ol:8", "Version": "0:1.0.0-2.0.1.git921f98f.module+el8.0.0+5215+77f672ad", "VersionFormat": "rpm"}, {"Name": "runc", "NamespaceName": "ol:8", "Version": "0:1.0.0-55.rc5.dev.git2abd837.module+el8.0.0+5215+77f672ad", "VersionFormat": "rpm"}, {"Name": "skopeo", "NamespaceName": "ol:8", "Version": "1:0.1.32-3.0.2.git1715c90.module+el8.0.0+5215+77f672ad", "VersionFormat": "rpm"}, {"Name": "slirp4netns", "NamespaceName": "ol:8", "Version": "0:0.1-2.dev.gitc4e1bc5.module+el8.0.0+5215+77f672ad", "VersionFormat": "rpm"}], "Link": "https://linux.oracle.com/errata/ELSA-2019-0975.html", "Metadata": {"CVE": [{"Link": "https://linux.oracle.com/cve/CVE-2019-5736.html", "Name": "CVE-2019-5736"}], "Issued": "2019-07-30", "RefId": "ELSA-2019-0975"}, "Name": "ELSA-2019-0975", "NamespaceName": "ol:8", "Severity": "High"}}, {"Vulnerability": {"CVSS": [], "Description": "", "FixedIn": [{"Name": "wget", "NamespaceName": "ol:8", "Version": "0:1.19.5-7.0.1.el8_0.1", "VersionFormat": "rpm"}], "Link": "https://linux.oracle.com/errata/ELSA-2019-0983.html", "Metadata": {"CVE": [{"Link": "https://linux.oracle.com/cve/CVE-2019-5953.html", "Name": "CVE-2019-5953"}], "Issued": "2019-07-30", "RefId": "ELSA-2019-0983"}, "Name": "ELSA-2019-0983", "NamespaceName": "ol:8", "Severity": "High"}}, {"Vulnerability": {"CVSS": [], "Description": "", "FixedIn": [{"Name": "mod_auth_mellon", "NamespaceName": "ol:8", "Version": "0:0.14.0-3.el8_0.2", "VersionFormat": "rpm"}], "Link": "https://linux.oracle.com/errata/ELSA-2019-0985.html", "Metadata": {"CVE": [{"Link": "https://linux.oracle.com/cve/CVE-2019-3878.html", "Name": "CVE-2019-3878"}], "Issued": "2019-07-30", "RefId": "ELSA-2019-0985"}, "Name": "ELSA-2019-0985", "NamespaceName": "ol:8", "Severity": "High"}}, {"Vulnerability": {"CVSS": [], "Description": "", "FixedIn": [{"Name": "systemd", "NamespaceName": "ol:8", "Version": "0:239-13.0.1.el8_0.3", "VersionFormat": "rpm"}, {"Name": "systemd-container", "NamespaceName": "ol:8", "Version": "0:239-13.0.1.el8_0.3", "VersionFormat": "rpm"}, {"Name": "systemd-devel", "NamespaceName": "ol:8", "Version": "0:239-13.0.1.el8_0.3", "VersionFormat": "rpm"}, {"Name": "systemd-journal-remote", "NamespaceName": "ol:8", "Version": "0:239-13.0.1.el8_0.3", "VersionFormat": "rpm"}, {"Name": "systemd-libs", "NamespaceName": "ol:8", "Version": "0:239-13.0.1.el8_0.3", "VersionFormat": "rpm"}, {"Name": "systemd-pam", "NamespaceName": "ol:8", "Version": "0:239-13.0.1.el8_0.3", "VersionFormat": "rpm"}, {"Name": "systemd-tests", "NamespaceName": "ol:8", "Version": "0:239-13.0.1.el8_0.3", "VersionFormat": "rpm"}, {"Name": "systemd-udev", "NamespaceName": "ol:8", "Version": "0:239-13.0.1.el8_0.3", "VersionFormat": "rpm"}], "Link": "https://linux.oracle.com/errata/ELSA-2019-0990.html", "Metadata": {"CVE": [{"Link": "https://linux.oracle.com/cve/CVE-2019-6454.html", "Name": "CVE-2019-6454"}], "Issued": "2019-07-30", "RefId": "ELSA-2019-0990"}, "Name": "ELSA-2019-0990", "NamespaceName": "ol:8", "Severity": "Medium"}}, {"Vulnerability": {"CVSS": [], "Description": "", "FixedIn": [{"Name": "platform-python", "NamespaceName": "ol:8", "Version": "0:3.6.8-2.0.1.el8_0", "VersionFormat": "rpm"}, {"Name": "platform-python-debug", "NamespaceName": "ol:8", "Version": "0:3.6.8-2.0.1.el8_0", "VersionFormat": "rpm"}, {"Name": "platform-python-devel", "NamespaceName": "ol:8", "Version": "0:3.6.8-2.0.1.el8_0", "VersionFormat": "rpm"}, {"Name": "python3-idle", "NamespaceName": "ol:8", "Version": "0:3.6.8-2.0.1.el8_0", "VersionFormat": "rpm"}, {"Name": "python3-libs", "NamespaceName": "ol:8", "Version": "0:3.6.8-2.0.1.el8_0", "VersionFormat": "rpm"}, {"Name": "python3-test", "NamespaceName": "ol:8", "Version": "0:3.6.8-2.0.1.el8_0", "VersionFormat": "rpm"}, {"Name": "python3-tkinter", "NamespaceName": "ol:8", "Version": "0:3.6.8-2.0.1.el8_0", "VersionFormat": "rpm"}], "Link": "https://linux.oracle.com/errata/ELSA-2019-0997.html", "Metadata": {"CVE": [{"Link": "https://linux.oracle.com/cve/CVE-2019-9636.html", "Name": "CVE-2019-9636"}], "Issued": "2019-07-30", "RefId": "ELSA-2019-0997"}, "Name": "ELSA-2019-0997", "NamespaceName": "ol:8", "Severity": "High"}}, {"Vulnerability": {"CVSS": [], "Description": "", "FixedIn": [{"Name": "flatpak", "NamespaceName": "ol:8", "Version": "0:1.0.6-3.el8_0", "VersionFormat": "rpm"}, {"Name": "flatpak-libs", "NamespaceName": "ol:8", "Version": "0:1.0.6-3.el8_0", "VersionFormat": "rpm"}], "Link": "https://linux.oracle.com/errata/ELSA-2019-1143.html", "Metadata": {"CVE": [{"Link": "https://linux.oracle.com/cve/CVE-2019-10063.html", "Name": "CVE-2019-10063"}], "Issued": "2019-07-30", "RefId": "ELSA-2019-1143"}, "Name": "ELSA-2019-1143", "NamespaceName": "ol:8", "Severity": "High"}}, {"Vulnerability": {"CVSS": [], "Description": "", "FixedIn": [{"Name": "bind", "NamespaceName": "ol:8", "Version": "32:9.11.4-17.P2.el8_0", "VersionFormat": "rpm"}, {"Name": "bind-chroot", "NamespaceName": "ol:8", "Version": "32:9.11.4-17.P2.el8_0", "VersionFormat": "rpm"}, {"Name": "bind-devel", "NamespaceName": "ol:8", "Version": "32:9.11.4-17.P2.el8_0", "VersionFormat": "rpm"}, {"Name": "bind-export-devel", "NamespaceName": "ol:8", "Version": "32:9.11.4-17.P2.el8_0", "VersionFormat": "rpm"}, {"Name": "bind-export-libs", "NamespaceName": "ol:8", "Version": "32:9.11.4-17.P2.el8_0", "VersionFormat": "rpm"}, {"Name": "bind-libs", "NamespaceName": "ol:8", "Version": "32:9.11.4-17.P2.el8_0", "VersionFormat": "rpm"}, {"Name": "bind-libs-lite", "NamespaceName": "ol:8", "Version": "32:9.11.4-17.P2.el8_0", "VersionFormat": "rpm"}, {"Name": "bind-license", "NamespaceName": "ol:8", "Version": "32:9.11.4-17.P2.el8_0", "VersionFormat": "rpm"}, {"Name": "bind-lite-devel", "NamespaceName": "ol:8", "Version": "32:9.11.4-17.P2.el8_0", "VersionFormat": "rpm"}, {"Name": "bind-pkcs11", "NamespaceName": "ol:8", "Version": "32:9.11.4-17.P2.el8_0", "VersionFormat": "rpm"}, {"Name": "bind-pkcs11-devel", "NamespaceName": "ol:8", "Version": "32:9.11.4-17.P2.el8_0", "VersionFormat": "rpm"}, {"Name": "bind-pkcs11-libs", "NamespaceName": "ol:8", "Version": "32:9.11.4-17.P2.el8_0", "VersionFormat": "rpm"}, {"Name": "bind-pkcs11-utils", "NamespaceName": "ol:8", "Version": "32:9.11.4-17.P2.el8_0", "VersionFormat": "rpm"}, {"Name": "bind-sdb", "NamespaceName": "ol:8", "Version": "32:9.11.4-17.P2.el8_0", "VersionFormat": "rpm"}, {"Name": "bind-sdb-chroot", "NamespaceName": "ol:8", "Version": "32:9.11.4-17.P2.el8_0", "VersionFormat": "rpm"}, {"Name": "bind-utils", "NamespaceName": "ol:8", "Version": "32:9.11.4-17.P2.el8_0", "VersionFormat": "rpm"}, {"Name": "python3-bind", "NamespaceName": "ol:8", "Version": "32:9.11.4-17.P2.el8_0", "VersionFormat": "rpm"}], "Link": "https://linux.oracle.com/errata/ELSA-2019-1145.html", "Metadata": {"CVE": [{"Link": "https://linux.oracle.com/cve/CVE-2018-5743.html", "Name": "CVE-2018-5743"}], "Issued": "2019-07-30", "RefId": "ELSA-2019-1145"}, "Name": "ELSA-2019-1145", "NamespaceName": "ol:8", "Severity": "High"}}, {"Vulnerability": {"CVSS": [], "Description": "", "FixedIn": [{"Name": "python3-jinja2", "NamespaceName": "ol:8", "Version": "0:2.10.1-2.el8_0", "VersionFormat": "rpm"}], "Link": "https://linux.oracle.com/errata/ELSA-2019-1152.html", "Metadata": {"CVE": [{"Link": "https://linux.oracle.com/cve/CVE-2019-10906.html", "Name": "CVE-2019-10906"}], "Issued": "2019-07-30", "RefId": "ELSA-2019-1152"}, "Name": "ELSA-2019-1152", "NamespaceName": "ol:8", "Severity": "High"}}], "next_token": ""}