{"data": [{"Vulnerability": {"CVSS": [{"base_metrics": {"base_score": 6.5, "base_severity": "Medium", "exploitability_score": 2.8, "impact_score": 3.6}, "status": "verified", "vector_string": "CVSS:3.0/AV:N/AC:L/PR:N/UI:R/S:U/C:N/I:N/A:H", "version": "3.0"}], "Description": "Multiple out of bounds read and integer overflow vulnerabilities were found in tcpdump affecting the decoding of various protocols. An attacker could create a crafted pcap file or send specially crafted packets to the network segment where tcpdump is running in live capture mode (without -w) which could cause it to display incorrect data, crash or enter an infinite loop.", "FixedIn": [{"Name": "tcpdump", "NamespaceName": "rhel:6", "VendorAdvisory": {"NoAdvisory": true}, "Version": "None", "VersionFormat": "rpm"}], "Link": "https://access.redhat.com/security/cve/CVE-2016-7940", "Metadata": {}, "Name": "CVE-2016-7940", "NamespaceName": "rhel:6", "Severity": "Medium"}}, {"Vulnerability": {"CVSS": [], "Description": "A Cross-Site Request Forgery (CSRF) flaw was found in the pcsd web UI. A remote attacker could provide a specially crafted web page that, when visited by a user with a valid pcsd session, would allow the attacker to trigger requests on behalf of the user, for example removing resources or restarting/removing nodes.", "FixedIn": [{"Name": "pcs", "NamespaceName": "rhel:6", "VendorAdvisory": {"NoAdvisory": true}, "Version": "None", "VersionFormat": "rpm"}], "Link": "https://access.redhat.com/security/cve/CVE-2016-0720", "Metadata": {}, "Name": "CVE-2016-0720", "NamespaceName": "rhel:6", "Severity": "Medium"}}, {"Vulnerability": {"CVSS": [], "Description": "It was found that the PHP WSDL extension used a file with a predictable name in a world readable directory as a cache. A local attacker could use this flaw to poison the cache using a specially crafted temporary file.", "FixedIn": [{"Name": "php", "NamespaceName": "rhel:6", "VendorAdvisory": {"NoAdvisory": true}, "Version": "None", "VersionFormat": "rpm"}], "Link": "https://access.redhat.com/security/cve/CVE-2013-6501", "Metadata": {}, "Name": "CVE-2013-6501", "NamespaceName": "rhel:6", "Severity": "Low"}}, {"Vulnerability": {"CVSS": [{"base_metrics": {"base_score": 7.5, "base_severity": "High", "exploitability_score": 0.8, "impact_score": 6.0}, "status": "verified", "vector_string": "CVSS:3.0/AV:L/AC:H/PR:H/UI:N/S:C/C:H/I:H/A:H", "version": "3.0"}], "Description": "An uncontrolled format string vulnerability has been discovered in udisks when it mounts a filesystem with a malformed label. A local attacker may use this flaw to leak memory, make the udisks service crash, or cause other unspecified effects.", "FixedIn": [{"Name": "udisks", "NamespaceName": "rhel:6", "VendorAdvisory": {"NoAdvisory": true}, "Version": "None", "VersionFormat": "rpm"}], "Link": "https://access.redhat.com/security/cve/CVE-2018-17336", "Metadata": {}, "Name": "CVE-2018-17336", "NamespaceName": "rhel:6", "Severity": "Medium"}}, {"Vulnerability": {"CVSS": [{"base_metrics": {"base_score": 3.3, "base_severity": "Low", "exploitability_score": 1.8, "impact_score": 1.4}, "status": "draft", "vector_string": "CVSS:3.0/AV:L/AC:L/PR:N/UI:R/S:U/C:N/I:N/A:L", "version": "3.0"}], "Description": "ImageMagick 7.0.6-6 has a memory leak in ReadMATImage in coders/mat.c.", "FixedIn": [{"Name": "ImageMagick", "NamespaceName": "rhel:6", "VendorAdvisory": {"NoAdvisory": true}, "Version": "None", "VersionFormat": "rpm"}], "Link": "https://access.redhat.com/security/cve/CVE-2017-14533", "Metadata": {}, "Name": "CVE-2017-14533", "NamespaceName": "rhel:6", "Severity": "Low"}}, {"Vulnerability": {"CVSS": [{"base_metrics": {"base_score": 6.5, "base_severity": "Medium", "exploitability_score": 2.8, "impact_score": 3.6}, "status": "verified", "vector_string": "CVSS:3.0/AV:N/AC:L/PR:N/UI:R/S:U/C:N/I:N/A:H", "version": "3.0"}], "Description": "Multiple out of bounds read and integer overflow vulnerabilities were found in tcpdump affecting the decoding of various protocols. An attacker could create a crafted pcap file or send specially crafted packets to the network segment where tcpdump is running in live capture mode (without -w) which could cause it to display incorrect data, crash or enter an infinite loop.", "FixedIn": [{"Name": "tcpdump", "NamespaceName": "rhel:6", "VendorAdvisory": {"NoAdvisory": true}, "Version": "None", "VersionFormat": "rpm"}], "Link": "https://access.redhat.com/security/cve/CVE-2016-7934", "Metadata": {}, "Name": "CVE-2016-7934", "NamespaceName": "rhel:6", "Severity": "Medium"}}, {"Vulnerability": {"CVSS": [{"base_metrics": {"base_score": 3.3, "base_severity": "Low", "exploitability_score": 1.8, "impact_score": 1.4}, "status": "draft", "vector_string": "CVSS:3.0/AV:L/AC:L/PR:N/UI:R/S:U/C:N/I:N/A:L", "version": "3.0"}], "Description": "In ImageMagick 7.0.6-5, a length-validation vulnerability was found in the function ReadPSDLayersInternal in coders/psd.c, which allows attackers to cause a denial of service (ReadPSDImage memory exhaustion) via a crafted file.", "FixedIn": [{"Name": "ImageMagick", "NamespaceName": "rhel:6", "VendorAdvisory": {"NoAdvisory": true}, "Version": "None", "VersionFormat": "rpm"}], "Link": "https://access.redhat.com/security/cve/CVE-2017-13061", "Metadata": {}, "Name": "CVE-2017-13061", "NamespaceName": "rhel:6", "Severity": "Low"}}, {"Vulnerability": {"CVSS": [{"base_metrics": {"base_score": 3.3, "base_severity": "Low", "exploitability_score": 1.8, "impact_score": 1.4}, "status": "draft", "vector_string": "CVSS:3.0/AV:L/AC:L/PR:N/UI:R/S:U/C:N/I:N/A:L", "version": "3.0"}], "Description": "The AcquireResampleFilterThreadSet function in magick/resample-private.h in ImageMagick 7.0.7-4 mishandles failed memory allocation, which allows remote attackers to cause a denial of service (NULL Pointer Dereference in DistortImage in MagickCore/distort.c, and application crash) via unspecified vectors.", "FixedIn": [{"Name": "ImageMagick", "NamespaceName": "rhel:6", "VendorAdvisory": {"NoAdvisory": true}, "Version": "None", "VersionFormat": "rpm"}], "Link": "https://access.redhat.com/security/cve/CVE-2017-14739", "Metadata": {}, "Name": "CVE-2017-14739", "NamespaceName": "rhel:6", "Severity": "Low"}}, {"Vulnerability": {"CVSS": [{"base_metrics": {"base_score": 3.3, "base_severity": "Low", "exploitability_score": 1.8, "impact_score": 1.4}, "status": "draft", "vector_string": "CVSS:3.0/AV:L/AC:L/PR:N/UI:R/S:U/C:N/I:N/A:L", "version": "3.0"}], "Description": "In PCRE 8.41, the OP_KETRMAX feature in the match function in pcre_exec.c allows stack exhaustion (uncontrolled recursion) when processing a crafted regular expression.", "FixedIn": [{"Name": "glib2", "NamespaceName": "rhel:6", "VendorAdvisory": {"NoAdvisory": true}, "Version": "None", "VersionFormat": "rpm"}, {"Name": "pcre", "NamespaceName": "rhel:6", "VendorAdvisory": {"NoAdvisory": true}, "Version": "None", "VersionFormat": "rpm"}], "Link": "https://access.redhat.com/security/cve/CVE-2017-11164", "Metadata": {}, "Name": "CVE-2017-11164", "NamespaceName": "rhel:6", "Severity": "Low"}}, {"Vulnerability": {"CVSS": [], "Description": "Mozilla Firefox before 35.0 and SeaMonkey before 2.32 do not consider the id-pkix-ocsp-nocheck extension in deciding whether to trust an OCSP responder, which makes it easier for remote attackers to obtain sensitive information by sniffing the network during a session in which there was an incorrect decision to accept a compromised and revoked certificate.", "FixedIn": [{"Name": "firefox", "NamespaceName": "rhel:6", "VendorAdvisory": {"NoAdvisory": true}, "Version": "None", "VersionFormat": "rpm"}], "Link": "https://access.redhat.com/security/cve/CVE-2014-8642", "Metadata": {}, "Name": "CVE-2014-8642", "NamespaceName": "rhel:6", "Severity": "Medium"}}], "next_token": ""}