{"data": [{"Vulnerability": {"Description": "", "FixedIn": [{"Name": "qemu", "NamespaceName": "ubuntu:19.10", "Version": "None", "VersionFormat": "dpkg"}], "Link": "http://people.ubuntu.com/~ubuntu-security/cve/CVE-2019-12067", "Metadata": {}, "Name": "CVE-2019-12067", "NamespaceName": "ubuntu:19.10", "Severity": "Low"}}, {"Vulnerability": {"Description": "", "FixedIn": [], "Link": "http://people.ubuntu.com/~ubuntu-security/cve/CVE-2013-6499", "Metadata": {}, "Name": "CVE-2013-6499", "NamespaceName": "ubuntu:19.10", "Severity": "Negligible"}}, {"Vulnerability": {"Description": "", "FixedIn": [], "Link": "http://people.ubuntu.com/~ubuntu-security/cve/CVE-2019-14942", "Metadata": {}, "Name": "CVE-2019-14942", "NamespaceName": "ubuntu:19.10", "Severity": "Medium"}}, {"Vulnerability": {"Description": "", "FixedIn": [], "Link": "http://people.ubuntu.com/~ubuntu-security/cve/CVE-2017-5732", "Metadata": {}, "Name": "CVE-2017-5732", "NamespaceName": "ubuntu:19.10", "Severity": "Medium"}}, {"Vulnerability": {"Description": "", "FixedIn": [], "Link": "http://people.ubuntu.com/~ubuntu-security/cve/CVE-2019-15167", "Metadata": {}, "Name": "CVE-2019-15167", "NamespaceName": "ubuntu:19.10", "Severity": "Medium"}}, {"Vulnerability": {"Description": "", "FixedIn": [], "Link": "http://people.ubuntu.com/~ubuntu-security/cve/CVE-2019-3309", "Metadata": {}, "Name": "CVE-2019-3309", "NamespaceName": "ubuntu:19.10", "Severity": "Medium"}}, {"Vulnerability": {"Description": "", "FixedIn": [], "Link": "http://people.ubuntu.com/~ubuntu-security/cve/CVE-2017-5735", "Metadata": {}, "Name": "CVE-2017-5735", "NamespaceName": "ubuntu:19.10", "Severity": "Medium"}}, {"Vulnerability": {"Description": "", "FixedIn": [], "Link": "http://people.ubuntu.com/~ubuntu-security/cve/CVE-2018-17452", "Metadata": {}, "Name": "CVE-2018-17452", "NamespaceName": "ubuntu:19.10", "Severity": "Medium"}}, {"Vulnerability": {"Description": "", "FixedIn": [], "Link": "http://people.ubuntu.com/~ubuntu-security/cve/CVE-2019-3010", "Metadata": {}, "Name": "CVE-2019-3010", "NamespaceName": "ubuntu:19.10", "Severity": "Medium"}}, {"Vulnerability": {"Description": "", "FixedIn": [], "Link": "http://people.ubuntu.com/~ubuntu-security/cve/CVE-2018-15472", "Metadata": {}, "Name": "CVE-2018-15472", "NamespaceName": "ubuntu:19.10", "Severity": "Medium"}}], "next_token": ""}